Archive member included to satisfy reference by file (symbol)

/opt/st/stm32cubeide_2.1.0/plugins/com.st.stm32cube.ide.mcu.externaltools.gnu-tools-for-stm32.14.3.rel1.linux64_1.0.100.202602081740/tools/bin/../lib/gcc/arm-none-eabi/14.3.1/../../../../arm-none-eabi/lib/thumb/v7e-m+dp/hard/libc_nano.a(libc_a-exit.o)
                              /opt/st/stm32cubeide_2.1.0/plugins/com.st.stm32cube.ide.mcu.externaltools.gnu-tools-for-stm32.14.3.rel1.linux64_1.0.100.202602081740/tools/bin/../lib/gcc/arm-none-eabi/14.3.1/../../../../arm-none-eabi/lib/thumb/v7e-m+dp/hard/crt0.o (exit)
/opt/st/stm32cubeide_2.1.0/plugins/com.st.stm32cube.ide.mcu.externaltools.gnu-tools-for-stm32.14.3.rel1.linux64_1.0.100.202602081740/tools/bin/../lib/gcc/arm-none-eabi/14.3.1/../../../../arm-none-eabi/lib/thumb/v7e-m+dp/hard/libc_nano.a(libc_a-findfp.o)
                              /opt/st/stm32cubeide_2.1.0/plugins/com.st.stm32cube.ide.mcu.externaltools.gnu-tools-for-stm32.14.3.rel1.linux64_1.0.100.202602081740/tools/bin/../lib/gcc/arm-none-eabi/14.3.1/../../../../arm-none-eabi/lib/thumb/v7e-m+dp/hard/libc_nano.a(libc_a-exit.o) (__stdio_exit_handler)
/opt/st/stm32cubeide_2.1.0/plugins/com.st.stm32cube.ide.mcu.externaltools.gnu-tools-for-stm32.14.3.rel1.linux64_1.0.100.202602081740/tools/bin/../lib/gcc/arm-none-eabi/14.3.1/../../../../arm-none-eabi/lib/thumb/v7e-m+dp/hard/libc_nano.a(libc_a-fwalk.o)
                              /opt/st/stm32cubeide_2.1.0/plugins/com.st.stm32cube.ide.mcu.externaltools.gnu-tools-for-stm32.14.3.rel1.linux64_1.0.100.202602081740/tools/bin/../lib/gcc/arm-none-eabi/14.3.1/../../../../arm-none-eabi/lib/thumb/v7e-m+dp/hard/libc_nano.a(libc_a-findfp.o) (_fwalk_sglue)
/opt/st/stm32cubeide_2.1.0/plugins/com.st.stm32cube.ide.mcu.externaltools.gnu-tools-for-stm32.14.3.rel1.linux64_1.0.100.202602081740/tools/bin/../lib/gcc/arm-none-eabi/14.3.1/../../../../arm-none-eabi/lib/thumb/v7e-m+dp/hard/libc_nano.a(libc_a-stdio.o)
                              /opt/st/stm32cubeide_2.1.0/plugins/com.st.stm32cube.ide.mcu.externaltools.gnu-tools-for-stm32.14.3.rel1.linux64_1.0.100.202602081740/tools/bin/../lib/gcc/arm-none-eabi/14.3.1/../../../../arm-none-eabi/lib/thumb/v7e-m+dp/hard/libc_nano.a(libc_a-findfp.o) (__sread)
/opt/st/stm32cubeide_2.1.0/plugins/com.st.stm32cube.ide.mcu.externaltools.gnu-tools-for-stm32.14.3.rel1.linux64_1.0.100.202602081740/tools/bin/../lib/gcc/arm-none-eabi/14.3.1/../../../../arm-none-eabi/lib/thumb/v7e-m+dp/hard/libc_nano.a(libc_a-memset.o)
                              /opt/st/stm32cubeide_2.1.0/plugins/com.st.stm32cube.ide.mcu.externaltools.gnu-tools-for-stm32.14.3.rel1.linux64_1.0.100.202602081740/tools/bin/../lib/gcc/arm-none-eabi/14.3.1/../../../../arm-none-eabi/lib/thumb/v7e-m+dp/hard/crt0.o (memset)
/opt/st/stm32cubeide_2.1.0/plugins/com.st.stm32cube.ide.mcu.externaltools.gnu-tools-for-stm32.14.3.rel1.linux64_1.0.100.202602081740/tools/bin/../lib/gcc/arm-none-eabi/14.3.1/../../../../arm-none-eabi/lib/thumb/v7e-m+dp/hard/libc_nano.a(libc_a-closer.o)
                              /opt/st/stm32cubeide_2.1.0/plugins/com.st.stm32cube.ide.mcu.externaltools.gnu-tools-for-stm32.14.3.rel1.linux64_1.0.100.202602081740/tools/bin/../lib/gcc/arm-none-eabi/14.3.1/../../../../arm-none-eabi/lib/thumb/v7e-m+dp/hard/libc_nano.a(libc_a-stdio.o) (_close_r)
/opt/st/stm32cubeide_2.1.0/plugins/com.st.stm32cube.ide.mcu.externaltools.gnu-tools-for-stm32.14.3.rel1.linux64_1.0.100.202602081740/tools/bin/../lib/gcc/arm-none-eabi/14.3.1/../../../../arm-none-eabi/lib/thumb/v7e-m+dp/hard/libc_nano.a(libc_a-reent.o)
                              /opt/st/stm32cubeide_2.1.0/plugins/com.st.stm32cube.ide.mcu.externaltools.gnu-tools-for-stm32.14.3.rel1.linux64_1.0.100.202602081740/tools/bin/../lib/gcc/arm-none-eabi/14.3.1/../../../../arm-none-eabi/lib/thumb/v7e-m+dp/hard/libc_nano.a(libc_a-closer.o) (errno)
/opt/st/stm32cubeide_2.1.0/plugins/com.st.stm32cube.ide.mcu.externaltools.gnu-tools-for-stm32.14.3.rel1.linux64_1.0.100.202602081740/tools/bin/../lib/gcc/arm-none-eabi/14.3.1/../../../../arm-none-eabi/lib/thumb/v7e-m+dp/hard/libc_nano.a(libc_a-impure.o)
                              /opt/st/stm32cubeide_2.1.0/plugins/com.st.stm32cube.ide.mcu.externaltools.gnu-tools-for-stm32.14.3.rel1.linux64_1.0.100.202602081740/tools/bin/../lib/gcc/arm-none-eabi/14.3.1/../../../../arm-none-eabi/lib/thumb/v7e-m+dp/hard/libc_nano.a(libc_a-reent.o) (_impure_ptr)
/opt/st/stm32cubeide_2.1.0/plugins/com.st.stm32cube.ide.mcu.externaltools.gnu-tools-for-stm32.14.3.rel1.linux64_1.0.100.202602081740/tools/bin/../lib/gcc/arm-none-eabi/14.3.1/../../../../arm-none-eabi/lib/thumb/v7e-m+dp/hard/libc_nano.a(libc_a-lseekr.o)
                              /opt/st/stm32cubeide_2.1.0/plugins/com.st.stm32cube.ide.mcu.externaltools.gnu-tools-for-stm32.14.3.rel1.linux64_1.0.100.202602081740/tools/bin/../lib/gcc/arm-none-eabi/14.3.1/../../../../arm-none-eabi/lib/thumb/v7e-m+dp/hard/libc_nano.a(libc_a-stdio.o) (_lseek_r)
[...]
Memory Configuration

Name             Origin             Length             Attributes
RAM              0x24000000         0x00071c00         xrw
RAM_NONCACHEABLEBUFFER 0x24071c00         0x00000400         xrw
ITCM             0x00000000         0x00010000         xrw
DTCM             0x20000000         0x00010000         rw
SRAMAHB          0x30000000         0x00008000         rw
BKPSRAM          0x38800000         0x00001000         rw
FLASH            0x08000000         0x00010000         xrw
*default*        0x00000000         0xffffffff

Linker script and memory map

LOAD /opt/st/stm32cubeide_2.1.0/plugins/com.st.stm32cube.ide.mcu.externaltools.gnu-tools-for-stm32.14.3.rel1.linux64_1.0.100.202602081740/tools/bin/../lib/gcc/arm-none-eabi/14.3.1/thumb/v7e-m+dp/hard/crti.o
LOAD /opt/st/stm32cubeide_2.1.0/plugins/com.st.stm32cube.ide.mcu.externaltools.gnu-tools-for-stm32.14.3.rel1.linux64_1.0.100.202602081740/tools/bin/../lib/gcc/arm-none-eabi/14.3.1/thumb/v7e-m+dp/hard/crtbegin.o
LOAD /opt/st/stm32cubeide_2.1.0/plugins/com.st.stm32cube.ide.mcu.externaltools.gnu-tools-for-stm32.14.3.rel1.linux64_1.0.100.202602081740/tools/bin/../lib/gcc/arm-none-eabi/14.3.1/../../../../arm-none-eabi/lib/thumb/v7e-m+dp/hard/crt0.o
LOAD ./Application/Startup/startup_stm32h7s7l8hxh.o
LOAD ./Application/User/main.o
LOAD ./Application/User/stm32h7rsxx_hal_msp.o
LOAD ./Application/User/stm32h7rsxx_it.o
LOAD ./Application/User/syscalls.o
LOAD ./Application/User/sysmem.o
LOAD ./Drivers/BSP/STM32H7S78-DK/stm32h7s78_discovery.o
LOAD ./Drivers/CMSIS/system_stm32h7rsxx.o
LOAD ./Drivers/STM32H7RSxx_HAL_Driver/stm32h7rsxx_hal.o
LOAD ./Drivers/STM32H7RSxx_HAL_Driver/stm32h7rsxx_hal_cortex.o
LOAD ./Drivers/STM32H7RSxx_HAL_Driver/stm32h7rsxx_hal_dma.o
LOAD ./Drivers/STM32H7RSxx_HAL_Driver/stm32h7rsxx_hal_dma_ex.o
LOAD ./Drivers/STM32H7RSxx_HAL_Driver/stm32h7rsxx_hal_exti.o
LOAD ./Drivers/STM32H7RSxx_HAL_Driver/stm32h7rsxx_hal_flash.o
LOAD ./Drivers/STM32H7RSxx_HAL_Driver/stm32h7rsxx_hal_flash_ex.o
LOAD ./Drivers/STM32H7RSxx_HAL_Driver/stm32h7rsxx_hal_gpio.o
LOAD ./Drivers/STM32H7RSxx_HAL_Driver/stm32h7rsxx_hal_pwr.o
LOAD ./Drivers/STM32H7RSxx_HAL_Driver/stm32h7rsxx_hal_pwr_ex.o
LOAD ./Drivers/STM32H7RSxx_HAL_Driver/stm32h7rsxx_hal_rcc.o
LOAD ./Drivers/STM32H7RSxx_HAL_Driver/stm32h7rsxx_hal_rcc_ex.o
LOAD ./Drivers/STM32H7RSxx_HAL_Driver/stm32h7rsxx_hal_tim.o
LOAD ./Drivers/STM32H7RSxx_HAL_Driver/stm32h7rsxx_hal_tim_ex.o
START GROUP
LOAD /opt/st/stm32cubeide_2.1.0/plugins/com.st.stm32cube.ide.mcu.externaltools.gnu-tools-for-stm32.14.3.rel1.linux64_1.0.100.202602081740/tools/bin/../lib/gcc/arm-none-eabi/14.3.1/../../../../arm-none-eabi/lib/thumb/v7e-m+dp/hard/libc_nano.a
LOAD /opt/st/stm32cubeide_2.1.0/plugins/com.st.stm32cube.ide.mcu.externaltools.gnu-tools-for-stm32.14.3.rel1.linux64_1.0.100.202602081740/tools/bin/../lib/gcc/arm-none-eabi/14.3.1/../../../../arm-none-eabi/lib/thumb/v7e-m+dp/hard/libm.a
END GROUP
START GROUP
LOAD /opt/st/stm32cubeide_2.1.0/plugins/com.st.stm32cube.ide.mcu.externaltools.gnu-tools-for-stm32.14.3.rel1.linux64_1.0.100.202602081740/tools/bin/../lib/gcc/arm-none-eabi/14.3.1/thumb/v7e-m+dp/hard/libgcc.a
LOAD /opt/st/stm32cubeide_2.1.0/plugins/com.st.stm32cube.ide.mcu.externaltools.gnu-tools-for-stm32.14.3.rel1.linux64_1.0.100.202602081740/tools/bin/../lib/gcc/arm-none-eabi/14.3.1/../../../../arm-none-eabi/lib/thumb/v7e-m+dp/hard/libc_nano.a
END GROUP
START GROUP
LOAD /opt/st/stm32cubeide_2.1.0/plugins/com.st.stm32cube.ide.mcu.externaltools.gnu-tools-for-stm32.14.3.rel1.linux64_1.0.100.202602081740/tools/bin/../lib/gcc/arm-none-eabi/14.3.1/thumb/v7e-m+dp/hard/libgcc.a
LOAD /opt/st/stm32cubeide_2.1.0/plugins/com.st.stm32cube.ide.mcu.externaltools.gnu-tools-for-stm32.14.3.rel1.linux64_1.0.100.202602081740/tools/bin/../lib/gcc/arm-none-eabi/14.3.1/../../../../arm-none-eabi/lib/thumb/v7e-m+dp/hard/libc_nano.a
LOAD /opt/st/stm32cubeide_2.1.0/plugins/com.st.stm32cube.ide.mcu.externaltools.gnu-tools-for-stm32.14.3.rel1.linux64_1.0.100.202602081740/tools/bin/../lib/gcc/arm-none-eabi/14.3.1/../../../../arm-none-eabi/lib/thumb/v7e-m+dp/hard/libnosys.a
END GROUP
START GROUP
LOAD /opt/st/stm32cubeide_2.1.0/plugins/com.st.stm32cube.ide.mcu.externaltools.gnu-tools-for-stm32.14.3.rel1.linux64_1.0.100.202602081740/tools/bin/../lib/gcc/arm-none-eabi/14.3.1/thumb/v7e-m+dp/hard/libgcc.a
LOAD /opt/st/stm32cubeide_2.1.0/plugins/com.st.stm32cube.ide.mcu.externaltools.gnu-tools-for-stm32.14.3.rel1.linux64_1.0.100.202602081740/tools/bin/../lib/gcc/arm-none-eabi/14.3.1/../../../../arm-none-eabi/lib/thumb/v7e-m+dp/hard/libc_nano.a
LOAD /opt/st/stm32cubeide_2.1.0/plugins/com.st.stm32cube.ide.mcu.externaltools.gnu-tools-for-stm32.14.3.rel1.linux64_1.0.100.202602081740/tools/bin/../lib/gcc/arm-none-eabi/14.3.1/../../../../arm-none-eabi/lib/thumb/v7e-m+dp/hard/libnosys.a
END GROUP
LOAD /opt/st/stm32cubeide_2.1.0/plugins/com.st.stm32cube.ide.mcu.externaltools.gnu-tools-for-stm32.14.3.rel1.linux64_1.0.100.202602081740/tools/bin/../lib/gcc/arm-none-eabi/14.3.1/thumb/v7e-m+dp/hard/crtend.o
LOAD /opt/st/stm32cubeide_2.1.0/plugins/com.st.stm32cube.ide.mcu.externaltools.gnu-tools-for-stm32.14.3.rel1.linux64_1.0.100.202602081740/tools/bin/../lib/gcc/arm-none-eabi/14.3.1/thumb/v7e-m+dp/hard/crtn.o
                0x20010000                        _estack = (ORIGIN (DTCM) + LENGTH (DTCM))
                0x00000200                        _Min_Heap_Size = 0x200
                0x00000400                        _Min_Stack_Size = 0x400
                0x08000000                        __FLASH_BEGIN = 0x8000000
                0x00010000                        __FLASH_SIZE = 0x10000
                0x24000000                        __RAM_BEGIN = 0x24000000
                0x00071c00                        __RAM_SIZE = 0x71c00
                0x00000400                        __RAM_NONCACHEABLEBUFFER_SIZE = 0x400

.isr_vector     0x08000000      0x2b0
                0x08000000                        . = ALIGN (0x4)
 *(.isr_vector)
 .isr_vector    0x08000000      0x2b0 ./Application/Startup/startup_stm32h7s7l8hxh.o
                0x08000000                g_pfnVectors
                0x080002b0                        . = ALIGN (0x4)

.text           0x080002b0     0x1d8c
                0x080002b0                        . = ALIGN (0x4)
 *(.text)
 .text          0x080002b0       0x40 /opt/st/stm32cubeide_2.1.0/plugins/com.st.stm32cube.ide.mcu.externaltools.gnu-tools-for-stm32.14.3.rel1.linux64_1.0.100.202602081740/tools/bin/../lib/gcc/arm-none-eabi/14.3.1/thumb/v7e-m+dp/hard/crtbegin.o
 *(.text*)
 .text.Reset_Handler
                0x080002f0       0x50 ./Application/Startup/startup_stm32h7s7l8hxh.o
                0x080002f0                Reset_Handler
 .text.Default_Handler
                0x08000340        0x2 ./Application/Startup/startup_stm32h7s7l8hxh.o
                0x08000340                HPDMA1_Channel13_IRQHandler
                0x08000340                EXTI2_IRQHandler
                0x08000340                MCE2_IRQHandler
                0x08000340                SAI1_A_IRQHandler
                0x08000340                EXTI5_IRQHandler
                0x08000340                I3C1_ER_IRQHandler
                0x08000340                UART8_IRQHandler
                0x08000340                SPI4_IRQHandler
                0x08000340                EXTI13_IRQHandler
                0x08000340                TIM1_CC_IRQHandler
                0x08000340                XSPI1_IRQHandler
                0x08000340                JPEG_IRQHandler
                0x08000340                TAMP_IRQHandler
                0x08000340                TIM6_IRQHandler
                0x08000340                EXTI12_IRQHandler
                0x08000340                CORDIC_IRQHandler
                0x08000340                GFXTIM_IRQHandler
                0x08000340                EXTI3_IRQHandler
                0x08000340                LPTIM4_IRQHandler
                0x08000340                GPDMA1_Channel5_IRQHandler
                0x08000340                EXTI8_IRQHandler
                0x08000340                LPTIM2_IRQHandler
                0x08000340                GFXMMU_IRQHandler
                0x08000340                I2C3_ER_IRQHandler
                0x08000340                LPTIM3_IRQHandler
                0x08000340                SAI2_A_IRQHandler
                0x08000340                EXTI0_IRQHandler
                0x08000340                HPDMA1_Channel9_IRQHandler
                0x08000340                I2C2_EV_IRQHandler
                0x08000340                GPU2D_IRQHandler
                0x08000340                FPU_IRQHandler
                0x08000340                GPDMA1_Channel3_IRQHandler
                0x08000340                GPDMA1_Channel7_IRQHandler
                0x08000340                FDCAN1_IT1_IRQHandler
                0x08000340                HPDMA1_Channel3_IRQHandler
                0x08000340                LTDC_ER_IRQHandler
                0x08000340                ADC1_2_IRQHandler
                0x08000340                GPDMA1_Channel9_IRQHandler
                0x08000340                SPI1_IRQHandler
                0x08000340                SAI1_B_IRQHandler
                0x08000340                GPDMA1_Channel2_IRQHandler
                0x08000340                I3C1_WKUP_IRQHandler
                0x08000340                PKA_IRQHandler
                0x08000340                HPDMA1_Channel2_IRQHandler
                0x08000340                EXTI15_IRQHandler
                0x08000340                TIM17_IRQHandler
                0x08000340                USART3_IRQHandler
                0x08000340                HPDMA1_Channel6_IRQHandler
                0x08000340                CRYP_IRQHandler
                0x08000340                RTC_IRQHandler
                0x08000340                XSPI2_IRQHandler
                0x08000340                EXTI9_IRQHandler
                0x08000340                HPDMA1_Channel0_IRQHandler
                0x08000340                LPTIM5_IRQHandler
                0x08000340                HPDMA1_Channel1_IRQHandler
                0x08000340                UART5_IRQHandler
                0x08000340                TIM4_IRQHandler
                0x08000340                I2C1_EV_IRQHandler
                0x08000340                GPDMA1_Channel12_IRQHandler
                0x08000340                HPDMA1_Channel7_IRQHandler
                0x08000340                GPDMA1_Channel1_IRQHandler
                0x08000340                TIM16_IRQHandler
                0x08000340                GPDMA1_Channel15_IRQHandler
                0x08000340                UART4_IRQHandler
                0x08000340                TIM3_IRQHandler
                0x08000340                RCC_IRQHandler
                0x08000340                TIM1_TRG_COM_IRQHandler
                0x08000340                SAI2_B_IRQHandler
                0x08000340                Default_Handler
                0x08000340                GPDMA1_Channel8_IRQHandler
                0x08000340                HPDMA1_Channel8_IRQHandler
                0x08000340                CEC_IRQHandler
                0x08000340                TIM14_IRQHandler
                0x08000340                TIM13_IRQHandler
                0x08000340                GPDMA1_Channel11_IRQHandler
                0x08000340                GPU2D_ER_IRQHandler
                0x08000340                SPI5_IRQHandler
                0x08000340                TIM12_IRQHandler
                0x08000340                TIM7_IRQHandler
                0x08000340                HPDMA1_Channel10_IRQHandler
                0x08000340                SDMMC1_IRQHandler
                0x08000340                SAES_IRQHandler
                0x08000340                TIM5_IRQHandler
                0x08000340                UCPD1_IRQHandler
                0x08000340                GPDMA1_Channel0_IRQHandler
                0x08000340                I3C1_EV_IRQHandler
                0x08000340                HPDMA1_Channel5_IRQHandler
                0x08000340                TIM15_IRQHandler
                0x08000340                I2C3_EV_IRQHandler
                0x08000340                HPDMA1_Channel4_IRQHandler
                0x08000340                HPDMA1_Channel15_IRQHandler
                0x08000340                TIM9_IRQHandler
                0x08000340                LTDC_IRQHandler
                0x08000340                SPDIF_RX_IRQHandler
                0x08000340                PVD_PVM_IRQHandler
                0x08000340                SPI2_IRQHandler
                0x08000340                HPDMA1_Channel11_IRQHandler
                0x08000340                EXTI14_IRQHandler
                0x08000340                EXTI11_IRQHandler
                0x08000340                CRS_IRQHandler
                0x08000340                GPDMA1_Channel14_IRQHandler
                0x08000340                EXTI4_IRQHandler
                0x08000340                GPDMA1_Channel13_IRQHandler
                0x08000340                RNG_IRQHandler
                0x08000340                FDCAN2_IT1_IRQHandler
                0x08000340                ETH_IRQHandler
                0x08000340                TIM1_UP_IRQHandler
                0x08000340                WWDG_IRQHandler
                0x08000340                SPI6_IRQHandler
                0x08000340                MDIOS_IRQHandler
                0x08000340                FDCAN2_IT0_IRQHandler
                0x08000340                IWDG_IRQHandler
                0x08000340                HPDMA1_Channel14_IRQHandler
                0x08000340                LPUART1_IRQHandler
                0x08000340                FDCAN1_IT0_IRQHandler
                0x08000340                TIM2_IRQHandler
                0x08000340                PSSI_IRQHandler
                0x08000340                MCE3_IRQHandler
                0x08000340                GPDMA1_Channel4_IRQHandler
                0x08000340                OTG_HS_IRQHandler
                0x08000340                EXTI7_IRQHandler
                0x08000340                DMA2D_IRQHandler
                0x08000340                TIM1_BRK_IRQHandler
                0x08000340                EXTI1_IRQHandler
                0x08000340                SDMMC2_IRQHandler
                0x08000340                UART7_IRQHandler
                0x08000340                DTS_IRQHandler
                0x08000340                USART2_IRQHandler
                0x08000340                GPDMA1_Channel6_IRQHandler
                0x08000340                ADF1_FLT0_IRQHandler
                0x08000340                RAMECC_IRQHandler
                0x08000340                I2C2_ER_IRQHandler
                0x08000340                MCE1_IRQHandler
                0x08000340                HPDMA1_Channel12_IRQHandler
                0x08000340                FLASH_IRQHandler
                0x08000340                USART1_IRQHandler
                0x08000340                EXTI10_IRQHandler
                0x08000340                OTG_FS_IRQHandler
                0x08000340                SPI3_IRQHandler
                0x08000340                WAKEUP_PIN_IRQHandler
                0x08000340                DCMIPP_IRQHandler
                0x08000340                I2C1_ER_IRQHandler
                0x08000340                FMC_IRQHandler
                0x08000340                EXTI6_IRQHandler
                0x08000340                LPTIM1_IRQHandler
                0x08000340                GPDMA1_Channel10_IRQHandler
                0x08000340                ICACHE_IRQHandler
                0x08000340                HASH_IRQHandler
 *fill*         0x08000342        0x2 
 .text.main     0x08000344       0xf4 ./Application/User/main.o
                0x08000344                main
 .text.SystemClock_Config
                0x08000438       0xc8 ./Application/User/main.o
                0x08000438                SystemClock_Config
 .text.MPU_Config
                0x08000500       0x80 ./Application/User/main.o
 .text.Error_Handler
                0x08000580        0xc ./Application/User/main.o
                0x08000580                Error_Handler
 .text.HAL_MspInit
                0x0800058c       0x18 ./Application/User/stm32h7rsxx_hal_msp.o
                0x0800058c                HAL_MspInit
 .text.NMI_Handler
                0x080005a4        0x8 ./Application/User/stm32h7rsxx_it.o
                0x080005a4                NMI_Handler
 .text.HardFault_Handler
                0x080005ac        0x8 ./Application/User/stm32h7rsxx_it.o
                0x080005ac                HardFault_Handler
 .text.MemManage_Handler
                0x080005b4        0x8 ./Application/User/stm32h7rsxx_it.o
                0x080005b4                MemManage_Handler
 .text.BusFault_Handler
                0x080005bc        0x8 ./Application/User/stm32h7rsxx_it.o
                0x080005bc                BusFault_Handler
 .text.UsageFault_Handler
                0x080005c4        0x8 ./Application/User/stm32h7rsxx_it.o
                0x080005c4                UsageFault_Handler
 .text.SVC_Handler
                0x080005cc        0xe ./Application/User/stm32h7rsxx_it.o
                0x080005cc                SVC_Handler
 .text.DebugMon_Handler
                0x080005da        0xe ./Application/User/stm32h7rsxx_it.o
                0x080005da                DebugMon_Handler
 .text.PendSV_Handler
                0x080005e8        0xe ./Application/User/stm32h7rsxx_it.o
                0x080005e8                PendSV_Handler
 .text.SysTick_Handler
                0x080005f6        0xc ./Application/User/stm32h7rsxx_it.o
                0x080005f6                SysTick_Handler
 *fill*         0x08000602        0x2 
 .text.BSP_LED_Init
                0x08000604      0x174 ./Drivers/BSP/STM32H7S78-DK/stm32h7s78_discovery.o
                0x08000604                BSP_LED_Init
 .text.BSP_LED_Off
                0x08000778       0x54 ./Drivers/BSP/STM32H7S78-DK/stm32h7s78_discovery.o
                0x08000778                BSP_LED_Off
 .text.BSP_LED_Toggle
                0x080007cc       0x34 ./Drivers/BSP/STM32H7S78-DK/stm32h7s78_discovery.o
                0x080007cc                BSP_LED_Toggle
 .text.SystemInit
                0x08000800       0x2c ./Drivers/CMSIS/system_stm32h7rsxx.o
                0x08000800                SystemInit
 .text.HAL_Init
                0x0800082c       0x30 ./Drivers/STM32H7RSxx_HAL_Driver/stm32h7rsxx_hal.o
                0x0800082c                HAL_Init
 .text.HAL_InitTick
                0x0800085c       0x78 ./Drivers/STM32H7RSxx_HAL_Driver/stm32h7rsxx_hal.o
                0x0800085c                HAL_InitTick
 .text.HAL_IncTick
                0x080008d4       0x28 ./Drivers/STM32H7RSxx_HAL_Driver/stm32h7rsxx_hal.o
                0x080008d4                HAL_IncTick
 .text.HAL_GetTick
                0x080008fc       0x18 ./Drivers/STM32H7RSxx_HAL_Driver/stm32h7rsxx_hal.o
                0x080008fc                HAL_GetTick
 .text.HAL_Delay
                0x08000914       0x48 ./Drivers/STM32H7RSxx_HAL_Driver/stm32h7rsxx_hal.o
                0x08000914                HAL_Delay
 .text.__NVIC_SetPriorityGrouping
                0x0800095c       0x48 ./Drivers/STM32H7RSxx_HAL_Driver/stm32h7rsxx_hal_cortex.o
 .text.__NVIC_GetPriorityGrouping
                0x080009a4       0x1c ./Drivers/STM32H7RSxx_HAL_Driver/stm32h7rsxx_hal_cortex.o
 .text.__NVIC_SetPriority
                0x080009c0       0x54 ./Drivers/STM32H7RSxx_HAL_Driver/stm32h7rsxx_hal_cortex.o
 .text.NVIC_EncodePriority
                0x08000a14       0x66 ./Drivers/STM32H7RSxx_HAL_Driver/stm32h7rsxx_hal_cortex.o
 *fill*         0x08000a7a        0x2 
 .text.SysTick_Config
                0x08000a7c       0x44 ./Drivers/STM32H7RSxx_HAL_Driver/stm32h7rsxx_hal_cortex.o
 .text.HAL_NVIC_SetPriorityGrouping
                0x08000ac0       0x16 ./Drivers/STM32H7RSxx_HAL_Driver/stm32h7rsxx_hal_cortex.o
                0x08000ac0                HAL_NVIC_SetPriorityGrouping
 .text.HAL_NVIC_SetPriority
                0x08000ad6       0x34 ./Drivers/STM32H7RSxx_HAL_Driver/stm32h7rsxx_hal_cortex.o
                0x08000ad6                HAL_NVIC_SetPriority
 .text.HAL_SYSTICK_Config
                0x08000b0a       0x18 ./Drivers/STM32H7RSxx_HAL_Driver/stm32h7rsxx_hal_cortex.o
                0x08000b0a                HAL_SYSTICK_Config
 *fill*         0x08000b22        0x2 
 .text.HAL_MPU_Enable
                0x08000b24       0x44 ./Drivers/STM32H7RSxx_HAL_Driver/stm32h7rsxx_hal_cortex.o
                0x08000b24                HAL_MPU_Enable
 .text.HAL_MPU_Disable
                0x08000b68       0x3c ./Drivers/STM32H7RSxx_HAL_Driver/stm32h7rsxx_hal_cortex.o
                0x08000b68                HAL_MPU_Disable
 .text.HAL_MPU_ConfigRegion
                0x08000ba4       0x8c ./Drivers/STM32H7RSxx_HAL_Driver/stm32h7rsxx_hal_cortex.o
                0x08000ba4                HAL_MPU_ConfigRegion
 .text.HAL_GPIO_Init
                0x08000c30      0x2c0 ./Drivers/STM32H7RSxx_HAL_Driver/stm32h7rsxx_hal_gpio.o
                0x08000c30                HAL_GPIO_Init
 .text.HAL_GPIO_WritePin
                0x08000ef0       0x30 ./Drivers/STM32H7RSxx_HAL_Driver/stm32h7rsxx_hal_gpio.o
                0x08000ef0                HAL_GPIO_WritePin
 .text.HAL_GPIO_TogglePin
                0x08000f20       0x34 ./Drivers/STM32H7RSxx_HAL_Driver/stm32h7rsxx_hal_gpio.o
                0x08000f20                HAL_GPIO_TogglePin
 .text.HAL_PWREx_ConfigSupply
                0x08000f54       0xa4 ./Drivers/STM32H7RSxx_HAL_Driver/stm32h7rsxx_hal_pwr_ex.o
                0x08000f54                HAL_PWREx_ConfigSupply
 .text.HAL_PWREx_ControlVoltageScaling
                0x08000ff8       0x50 ./Drivers/STM32H7RSxx_HAL_Driver/stm32h7rsxx_hal_pwr_ex.o
                0x08000ff8                HAL_PWREx_ControlVoltageScaling
 .text.HAL_PWREx_EnableUSBVoltageDetector
                0x08001048       0x48 ./Drivers/STM32H7RSxx_HAL_Driver/stm32h7rsxx_hal_pwr_ex.o
                0x08001048                HAL_PWREx_EnableUSBVoltageDetector
 .text.HAL_PWREx_EnableXSPIM1
                0x08001090       0x20 ./Drivers/STM32H7RSxx_HAL_Driver/stm32h7rsxx_hal_pwr_ex.o
                0x08001090                HAL_PWREx_EnableXSPIM1
 .text.HAL_RCC_OscConfig
                0x080010b0      0x674 ./Drivers/STM32H7RSxx_HAL_Driver/stm32h7rsxx_hal_rcc.o
                0x080010b0                HAL_RCC_OscConfig
 .text.HAL_RCC_ClockConfig
                0x08001724      0x330 ./Drivers/STM32H7RSxx_HAL_Driver/stm32h7rsxx_hal_rcc.o
                0x08001724                HAL_RCC_ClockConfig
 .text.HAL_RCC_GetSysClockFreq
                0x08001a54      0x2cc ./Drivers/STM32H7RSxx_HAL_Driver/stm32h7rsxx_hal_rcc.o
                0x08001a54                HAL_RCC_GetSysClockFreq
 .text.RCC_PLL_Config
                0x08001d20      0x2ac ./Drivers/STM32H7RSxx_HAL_Driver/stm32h7rsxx_hal_rcc.o
 .text.memset   0x08001fcc       0x10 /opt/st/stm32cubeide_2.1.0/plugins/com.st.stm32cube.ide.mcu.externaltools.gnu-tools-for-stm32.14.3.rel1.linux64_1.0.100.202602081740/tools/bin/../lib/gcc/arm-none-eabi/14.3.1/../../../../arm-none-eabi/lib/thumb/v7e-m+dp/hard/libc_nano.a(libc_a-memset.o)
                0x08001fcc                memset
 .text.__libc_init_array
                0x08001fdc       0x48 /opt/st/stm32cubeide_2.1.0/plugins/com.st.stm32cube.ide.mcu.externaltools.gnu-tools-for-stm32.14.3.rel1.linux64_1.0.100.202602081740/tools/bin/../lib/gcc/arm-none-eabi/14.3.1/../../../../arm-none-eabi/lib/thumb/v7e-m+dp/hard/libc_nano.a(libc_a-init.o)
                0x08001fdc                __libc_init_array
 *(.glue_7)
 .glue_7        0x08002024        0x0 linker stubs
 *(.glue_7t)
 .glue_7t       0x08002024        0x0 linker stubs
 *(.eh_frame)
 .eh_frame      0x08002024        0x0 /opt/st/stm32cubeide_2.1.0/plugins/com.st.stm32cube.ide.mcu.externaltools.gnu-tools-for-stm32.14.3.rel1.linux64_1.0.100.202602081740/tools/bin/../lib/gcc/arm-none-eabi/14.3.1/thumb/v7e-m+dp/hard/crtbegin.o
 *(.init)
 .init          0x08002024        0x4 /opt/st/stm32cubeide_2.1.0/plugins/com.st.stm32cube.ide.mcu.externaltools.gnu-tools-for-stm32.14.3.rel1.linux64_1.0.100.202602081740/tools/bin/../lib/gcc/arm-none-eabi/14.3.1/thumb/v7e-m+dp/hard/crti.o
                0x08002024                _init
 .init          0x08002028        0x8 /opt/st/stm32cubeide_2.1.0/plugins/com.st.stm32cube.ide.mcu.externaltools.gnu-tools-for-stm32.14.3.rel1.linux64_1.0.100.202602081740/tools/bin/../lib/gcc/arm-none-eabi/14.3.1/thumb/v7e-m+dp/hard/crtn.o
 *(.fini)
 .fini          0x08002030        0x4 /opt/st/stm32cubeide_2.1.0/plugins/com.st.stm32cube.ide.mcu.externaltools.gnu-tools-for-stm32.14.3.rel1.linux64_1.0.100.202602081740/tools/bin/../lib/gcc/arm-none-eabi/14.3.1/thumb/v7e-m+dp/hard/crti.o
                0x08002030                _fini
 .fini          0x08002034        0x8 /opt/st/stm32cubeide_2.1.0/plugins/com.st.stm32cube.ide.mcu.externaltools.gnu-tools-for-stm32.14.3.rel1.linux64_1.0.100.202602081740/tools/bin/../lib/gcc/arm-none-eabi/14.3.1/thumb/v7e-m+dp/hard/crtn.o
                0x0800203c                        . = ALIGN (0x4)
                0x0800203c                        _etext = .

.vfp11_veneer   0x0800203c        0x0
 .vfp11_veneer  0x0800203c        0x0 linker stubs

.v4_bx          0x0800203c        0x0
 .v4_bx         0x0800203c        0x0 linker stubs

.iplt           0x0800203c        0x0
 .iplt          0x0800203c        0x0 /opt/st/stm32cubeide_2.1.0/plugins/com.st.stm32cube.ide.mcu.externaltools.gnu-tools-for-stm32.14.3.rel1.linux64_1.0.100.202602081740/tools/bin/../lib/gcc/arm-none-eabi/14.3.1/thumb/v7e-m+dp/hard/crtbegin.o

.rodata         0x0800203c        0x8
                0x0800203c                        . = ALIGN (0x4)
 *(.rodata)
 *(.rodata*)
 .rodata.LED_PIN
                0x0800203c        0x8 ./Drivers/BSP/STM32H7S78-DK/stm32h7s78_discovery.o
                0x08002044                        . = ALIGN (0x4)

.ARM.extab      0x08002044        0x0
                0x08002044                        . = ALIGN (0x4)
 *(.ARM.extab* .gnu.linkonce.armextab.*)
                0x08002044                        . = ALIGN (0x4)

.ARM            0x08002044        0x0
                0x08002044                        . = ALIGN (0x4)
                0x08002044                        __exidx_start = .
 *(.ARM.exidx*)
                0x08002044                        __exidx_end = .
                0x08002044                        . = ALIGN (0x4)

.preinit_array  0x08002044        0x0
                0x08002044                        . = ALIGN (0x4)
                0x08002044                        PROVIDE (__preinit_array_start = .)
 *(.preinit_array*)
                0x08002044                        PROVIDE (__preinit_array_end = .)
                0x08002044                        . = ALIGN (0x4)

.init_array     0x08002044        0x4
                0x08002044                        . = ALIGN (0x4)
                0x08002044                        PROVIDE (__init_array_start = .)
 *(SORT_BY_NAME(.init_array.*))
 *(.init_array*)
 .init_array    0x08002044        0x4 /opt/st/stm32cubeide_2.1.0/plugins/com.st.stm32cube.ide.mcu.externaltools.gnu-tools-for-stm32.14.3.rel1.linux64_1.0.100.202602081740/tools/bin/../lib/gcc/arm-none-eabi/14.3.1/thumb/v7e-m+dp/hard/crtbegin.o
                0x08002048                        PROVIDE (__init_array_end = .)
                0x08002048                        . = ALIGN (0x4)

.fini_array     0x08002048        0x4
                0x08002048                        . = ALIGN (0x4)
                [!provide]                        PROVIDE (__fini_array_start = .)
 *(SORT_BY_NAME(.fini_array.*))
 *(.fini_array*)
 .fini_array    0x08002048        0x4 /opt/st/stm32cubeide_2.1.0/plugins/com.st.stm32cube.ide.mcu.externaltools.gnu-tools-for-stm32.14.3.rel1.linux64_1.0.100.202602081740/tools/bin/../lib/gcc/arm-none-eabi/14.3.1/thumb/v7e-m+dp/hard/crtbegin.o
                [!provide]                        PROVIDE (__fini_array_end = .)
                0x0800204c                        . = ALIGN (0x4)
                0x0800204c                        _sidata = LOADADDR (.data)

.rel.dyn        0x0800204c        0x0
 .rel.iplt      0x0800204c        0x0 /opt/st/stm32cubeide_2.1.0/plugins/com.st.stm32cube.ide.mcu.externaltools.gnu-tools-for-stm32.14.3.rel1.linux64_1.0.100.202602081740/tools/bin/../lib/gcc/arm-none-eabi/14.3.1/thumb/v7e-m+dp/hard/crtbegin.o

.data           0x24000000       0x1c load address 0x0800204c
                0x24000000                        . = ALIGN (0x4)
                0x24000000                        _sdata = .
 *(.data)
 *(.data*)
 .data.LED_PORT
                0x24000000       0x10 ./Drivers/BSP/STM32H7S78-DK/stm32h7s78_discovery.o
 .data.SystemCoreClock
                0x24000010        0x4 ./Drivers/CMSIS/system_stm32h7rsxx.o
                0x24000010                SystemCoreClock
 .data.uwTickPrio
                0x24000014        0x4 ./Drivers/STM32H7RSxx_HAL_Driver/stm32h7rsxx_hal.o
                0x24000014                uwTickPrio
 .data.uwTickFreq
                0x24000018        0x1 ./Drivers/STM32H7RSxx_HAL_Driver/stm32h7rsxx_hal.o
                0x24000018                uwTickFreq
 *(.RamFunc)
 *(.RamFunc*)
                0x2400001c                        . = ALIGN (0x4)
 *fill*         0x24000019        0x3 
                0x2400001c                        _edata = .

.igot.plt       0x2400001c        0x0 load address 0x08002068
 .igot.plt      0x2400001c        0x0 /opt/st/stm32cubeide_2.1.0/plugins/com.st.stm32cube.ide.mcu.externaltools.gnu-tools-for-stm32.14.3.rel1.linux64_1.0.100.202602081740/tools/bin/../lib/gcc/arm-none-eabi/14.3.1/thumb/v7e-m+dp/hard/crtbegin.o
                0x2400001c                        . = ALIGN (0x4)

.bss            0x2400001c       0x20 load address 0x08002068
                0x2400001c                        _sbss = .
                0x2400001c                        __bss_start__ = _sbss
 *(.bss)
 .bss           0x2400001c       0x1c /opt/st/stm32cubeide_2.1.0/plugins/com.st.stm32cube.ide.mcu.externaltools.gnu-tools-for-stm32.14.3.rel1.linux64_1.0.100.202602081740/tools/bin/../lib/gcc/arm-none-eabi/14.3.1/thumb/v7e-m+dp/hard/crtbegin.o
 *(.bss*)
 .bss.uwTick    0x24000038        0x4 ./Drivers/STM32H7RSxx_HAL_Driver/stm32h7rsxx_hal.o
                0x24000038                uwTick
 *(COMMON)
                0x2400003c                        . = ALIGN (0x4)
                0x2400003c                        _ebss = .
                0x2400003c                        __bss_end__ = _ebss

RW_NONCACHEABLE
                0x24071c00        0x0
                0x24071c00                        __NONCACHEABLEBUFFER_BEGIN = .
 *(noncacheable_buffer)
                0x24071c00                        __NONCACHEABLEBUFFER_END = .

._user_heap_stack
                0x20000000      0x600
                0x20000000                        . = ALIGN (0x8)
                [!provide]                        PROVIDE (end = .)
                0x20000000                        PROVIDE (_end = .)
                0x20000200                        . = (. + _Min_Heap_Size)
 *fill*         0x20000000      0x200 
                0x20000600                        . = (. + _Min_Stack_Size)
 *fill*         0x20000200      0x400 
                0x20000600                        . = ALIGN (0x8)

/DISCARD/
 libc.a(*)
 libm.a(*)
 libgcc.a(*)

.ARM.attributes
                0x00000000       0x2e
 *(.ARM.attributes)
 .ARM.attributes
                0x00000000       0x20 /opt/st/stm32cubeide_2.1.0/plugins/com.st.stm32cube.ide.mcu.externaltools.gnu-tools-for-stm32.14.3.rel1.linux64_1.0.100.202602081740/tools/bin/../lib/gcc/arm-none-eabi/14.3.1/thumb/v7e-m+dp/hard/crti.o
 .ARM.attributes
                0x00000020       0x32 /opt/st/stm32cubeide_2.1.0/plugins/com.st.stm32cube.ide.mcu.externaltools.gnu-tools-for-stm32.14.3.rel1.linux64_1.0.100.202602081740/tools/bin/../lib/gcc/arm-none-eabi/14.3.1/thumb/v7e-m+dp/hard/crtbegin.o
 .ARM.attributes
                0x00000052       0x21 ./Application/Startup/startup_stm32h7s7l8hxh.o
 .ARM.attributes
                0x00000073       0x32 ./Application/User/main.o
 .ARM.attributes
                0x000000a5       0x32 ./Application/User/stm32h7rsxx_hal_msp.o
 .ARM.attributes
                0x000000d7       0x32 ./Application/User/stm32h7rsxx_it.o
 .ARM.attributes
                0x00000109       0x32 ./Drivers/BSP/STM32H7S78-DK/stm32h7s78_discovery.o
 .ARM.attributes
                0x0000013b       0x32 ./Drivers/CMSIS/system_stm32h7rsxx.o
 .ARM.attributes
                0x0000016d       0x32 ./Drivers/STM32H7RSxx_HAL_Driver/stm32h7rsxx_hal.o
 .ARM.attributes
                0x0000019f       0x32 ./Drivers/STM32H7RSxx_HAL_Driver/stm32h7rsxx_hal_cortex.o
 .ARM.attributes
                0x000001d1       0x32 ./Drivers/STM32H7RSxx_HAL_Driver/stm32h7rsxx_hal_gpio.o
 .ARM.attributes
                0x00000203       0x32 ./Drivers/STM32H7RSxx_HAL_Driver/stm32h7rsxx_hal_pwr_ex.o
 .ARM.attributes
                0x00000235       0x32 ./Drivers/STM32H7RSxx_HAL_Driver/stm32h7rsxx_hal_rcc.o
 .ARM.attributes
                0x00000267       0x32 /opt/st/stm32cubeide_2.1.0/plugins/com.st.stm32cube.ide.mcu.externaltools.gnu-tools-for-stm32.14.3.rel1.linux64_1.0.100.202602081740/tools/bin/../lib/gcc/arm-none-eabi/14.3.1/../../../../arm-none-eabi/lib/thumb/v7e-m+dp/hard/libc_nano.a(libc_a-memset.o)
 .ARM.attributes
                0x00000299       0x32 /opt/st/stm32cubeide_2.1.0/plugins/com.st.stm32cube.ide.mcu.externaltools.gnu-tools-for-stm32.14.3.rel1.linux64_1.0.100.202602081740/tools/bin/../lib/gcc/arm-none-eabi/14.3.1/../../../../arm-none-eabi/lib/thumb/v7e-m+dp/hard/libc_nano.a(libc_a-init.o)
 .ARM.attributes
                0x000002cb       0x20 /opt/st/stm32cubeide_2.1.0/plugins/com.st.stm32cube.ide.mcu.externaltools.gnu-tools-for-stm32.14.3.rel1.linux64_1.0.100.202602081740/tools/bin/../lib/gcc/arm-none-eabi/14.3.1/thumb/v7e-m+dp/hard/crtn.o
OUTPUT(Template_Boot.elf elf32-littlearm)
LOAD linker stubs
LOAD /opt/st/stm32cubeide_2.1.0/plugins/com.st.stm32cube.ide.mcu.externaltools.gnu-tools-for-stm32.14.3.rel1.linux64_1.0.100.202602081740/tools/bin/../lib/gcc/arm-none-eabi/14.3.1/../../../../arm-none-eabi/lib/thumb/v7e-m+dp/hard/libc.a
LOAD /opt/st/stm32cubeide_2.1.0/plugins/com.st.stm32cube.ide.mcu.externaltools.gnu-tools-for-stm32.14.3.rel1.linux64_1.0.100.202602081740/tools/bin/../lib/gcc/arm-none-eabi/14.3.1/../../../../arm-none-eabi/lib/thumb/v7e-m+dp/hard/libm.a
LOAD /opt/st/stm32cubeide_2.1.0/plugins/com.st.stm32cube.ide.mcu.externaltools.gnu-tools-for-stm32.14.3.rel1.linux64_1.0.100.202602081740/tools/bin/../lib/gcc/arm-none-eabi/14.3.1/thumb/v7e-m+dp/hard/libgcc.a

.debug_line     0x00000000     0x8678
 .debug_line    0x00000000       0x7b ./Application/Startup/startup_stm32h7s7l8hxh.o
 .debug_line    0x0000007b      0xaca ./Application/User/main.o
 .debug_line    0x00000b45      0x901 ./Application/User/stm32h7rsxx_hal_msp.o
 .debug_line    0x00001446      0x9a7 ./Application/User/stm32h7rsxx_it.o
 .debug_line    0x00001ded      0xb4d ./Drivers/BSP/STM32H7S78-DK/stm32h7s78_discovery.o
 .debug_line    0x0000293a      0x977 ./Drivers/CMSIS/system_stm32h7rsxx.o
 .debug_line    0x000032b1     0x10ac ./Drivers/STM32H7RSxx_HAL_Driver/stm32h7rsxx_hal.o
 .debug_line    0x0000435d      0xe21 ./Drivers/STM32H7RSxx_HAL_Driver/stm32h7rsxx_hal_cortex.o
 .debug_line    0x0000517e      0xbf8 ./Drivers/STM32H7RSxx_HAL_Driver/stm32h7rsxx_hal_gpio.o
 .debug_line    0x00005d76     0x1067 ./Drivers/STM32H7RSxx_HAL_Driver/stm32h7rsxx_hal_pwr_ex.o
 .debug_line    0x00006ddd     0x189b ./Drivers/STM32H7RSxx_HAL_Driver/stm32h7rsxx_hal_rcc.o

.debug_line_str
                0x00000000       0xc7
 .debug_line_str
                0x00000000       0xc7 ./Application/Startup/startup_stm32h7s7l8hxh.o

.debug_info     0x00000000     0x78f1
 .debug_info    0x00000000       0x30 ./Application/Startup/startup_stm32h7s7l8hxh.o
 .debug_info    0x00000030      0x9a8 ./Application/User/main.o
 .debug_info    0x000009d8      0x109 ./Application/User/stm32h7rsxx_hal_msp.o
 .debug_info    0x00000ae1      0x128 ./Application/User/stm32h7rsxx_it.o
 .debug_info    0x00000c09     0x11ea ./Drivers/BSP/STM32H7S78-DK/stm32h7s78_discovery.o
 .debug_info    0x00001df3      0x9bd ./Drivers/CMSIS/system_stm32h7rsxx.o
 .debug_info    0x000027b0     0x1933 ./Drivers/STM32H7RSxx_HAL_Driver/stm32h7rsxx_hal.o
 .debug_info    0x000040e3     0x1121 ./Drivers/STM32H7RSxx_HAL_Driver/stm32h7rsxx_hal_cortex.o
 .debug_info    0x00005204      0x702 ./Drivers/STM32H7RSxx_HAL_Driver/stm32h7rsxx_hal_gpio.o
 .debug_info    0x00005906      0xb87 ./Drivers/STM32H7RSxx_HAL_Driver/stm32h7rsxx_hal_pwr_ex.o
 .debug_info    0x0000648d     0x1464 ./Drivers/STM32H7RSxx_HAL_Driver/stm32h7rsxx_hal_rcc.o

.debug_abbrev   0x00000000     0x1550
 .debug_abbrev  0x00000000       0x24 ./Application/Startup/startup_stm32h7s7l8hxh.o
 .debug_abbrev  0x00000024      0x265 ./Application/User/main.o
 .debug_abbrev  0x00000289       0xa1 ./Application/User/stm32h7rsxx_hal_msp.o
 .debug_abbrev  0x0000032a       0x73 ./Application/User/stm32h7rsxx_it.o
 .debug_abbrev  0x0000039d      0x301 ./Drivers/BSP/STM32H7S78-DK/stm32h7s78_discovery.o
 .debug_abbrev  0x0000069e      0x12e ./Drivers/CMSIS/system_stm32h7rsxx.o
 .debug_abbrev  0x000007cc      0x34a ./Drivers/STM32H7RSxx_HAL_Driver/stm32h7rsxx_hal.o
 .debug_abbrev  0x00000b16      0x31f ./Drivers/STM32H7RSxx_HAL_Driver/stm32h7rsxx_hal_cortex.o
 .debug_abbrev  0x00000e35      0x1ec ./Drivers/STM32H7RSxx_HAL_Driver/stm32h7rsxx_hal_gpio.o
 .debug_abbrev  0x00001021      0x250 ./Drivers/STM32H7RSxx_HAL_Driver/stm32h7rsxx_hal_pwr_ex.o
 .debug_abbrev  0x00001271      0x2df ./Drivers/STM32H7RSxx_HAL_Driver/stm32h7rsxx_hal_rcc.o

.debug_aranges  0x00000000      0x870
 .debug_aranges
                0x00000000       0x28 ./Application/Startup/startup_stm32h7s7l8hxh.o
 .debug_aranges
                0x00000028       0x38 ./Application/User/main.o
 .debug_aranges
                0x00000060       0x20 ./Application/User/stm32h7rsxx_hal_msp.o
 .debug_aranges
                0x00000080       0x60 ./Application/User/stm32h7rsxx_it.o
 .debug_aranges
                0x000000e0       0x90 ./Drivers/BSP/STM32H7S78-DK/stm32h7s78_discovery.o
 .debug_aranges
                0x00000170       0x28 ./Drivers/CMSIS/system_stm32h7rsxx.o
 .debug_aranges
                0x00000198      0x250 ./Drivers/STM32H7RSxx_HAL_Driver/stm32h7rsxx_hal.o
 .debug_aranges
                0x000003e8      0x130 ./Drivers/STM32H7RSxx_HAL_Driver/stm32h7rsxx_hal_cortex.o
 .debug_aranges
                0x00000518       0x60 ./Drivers/STM32H7RSxx_HAL_Driver/stm32h7rsxx_hal_gpio.o
 .debug_aranges
                0x00000578      0x1c8 ./Drivers/STM32H7RSxx_HAL_Driver/stm32h7rsxx_hal_pwr_ex.o
 .debug_aranges
                0x00000740      0x130 ./Drivers/STM32H7RSxx_HAL_Driver/stm32h7rsxx_hal_rcc.o

.debug_str      0x00000000   0x12f3d7
 .debug_str     0x00000000   0x12f3d7 ./Application/Startup/startup_stm32h7s7l8hxh.o
                                 0xe3 (size before relaxing)
 .debug_str     0x0012f3d7   0x12c398 ./Application/User/main.o
 .debug_str     0x0012f3d7   0x12beda ./Application/User/stm32h7rsxx_hal_msp.o
 .debug_str     0x0012f3d7   0x12bf08 ./Application/User/stm32h7rsxx_it.o
 .debug_str     0x0012f3d7   0x12ce79 ./Drivers/BSP/STM32H7S78-DK/stm32h7s78_discovery.o
 .debug_str     0x0012f3d7   0x12b854 ./Drivers/CMSIS/system_stm32h7rsxx.o
 .debug_str     0x0012f3d7   0x12cd52 ./Drivers/STM32H7RSxx_HAL_Driver/stm32h7rsxx_hal.o
 .debug_str     0x0012f3d7   0x12c2fb ./Drivers/STM32H7RSxx_HAL_Driver/stm32h7rsxx_hal_cortex.o
 .debug_str     0x0012f3d7   0x12b6de ./Drivers/STM32H7RSxx_HAL_Driver/stm32h7rsxx_hal_gpio.o
 .debug_str     0x0012f3d7   0x12bd9c ./Drivers/STM32H7RSxx_HAL_Driver/stm32h7rsxx_hal_pwr_ex.o
 .debug_str     0x0012f3d7   0x12c194 ./Drivers/STM32H7RSxx_HAL_Driver/stm32h7rsxx_hal_rcc.o

.debug_rnglists
                0x00000000      0x637
 .debug_rnglists
                0x00000000       0x19 ./Application/Startup/startup_stm32h7s7l8hxh.o
 .debug_rnglists
                0x00000019       0x28 ./Application/User/main.o
 .debug_rnglists
                0x00000041       0x13 ./Application/User/stm32h7rsxx_hal_msp.o
 .debug_rnglists
                0x00000054       0x43 ./Application/User/stm32h7rsxx_it.o
 .debug_rnglists
                0x00000097       0x69 ./Drivers/BSP/STM32H7S78-DK/stm32h7s78_discovery.o
 .debug_rnglists
                0x00000100       0x1a ./Drivers/CMSIS/system_stm32h7rsxx.o
 .debug_rnglists
                0x0000011a      0x1ba ./Drivers/STM32H7RSxx_HAL_Driver/stm32h7rsxx_hal.o
 .debug_rnglists
                0x000002d4       0xe0 ./Drivers/STM32H7RSxx_HAL_Driver/stm32h7rsxx_hal_cortex.o
 .debug_rnglists
                0x000003b4       0x45 ./Drivers/STM32H7RSxx_HAL_Driver/stm32h7rsxx_hal_gpio.o
 .debug_rnglists
                0x000003f9      0x154 ./Drivers/STM32H7RSxx_HAL_Driver/stm32h7rsxx_hal_pwr_ex.o
 .debug_rnglists
                0x0000054d       0xea ./Drivers/STM32H7RSxx_HAL_Driver/stm32h7rsxx_hal_rcc.o

.debug_macro    0x00000000    0x2fbe8
 .debug_macro   0x00000000      0x28d ./Application/User/main.o
 .debug_macro   0x0000028d      0xaf0 ./Application/User/main.o
 .debug_macro   0x00000d7d      0x1b0 ./Application/User/main.o
 .debug_macro   0x00000f2d       0x2e ./Application/User/main.o
 .debug_macro   0x00000f5b       0x42 ./Application/User/main.o
 .debug_macro   0x00000f9d       0x22 ./Application/User/main.o
 .debug_macro   0x00000fbf       0x8e ./Application/User/main.o
 .debug_macro   0x0000104d       0x51 ./Application/User/main.o
 .debug_macro   0x0000109e      0x103 ./Application/User/main.o
 .debug_macro   0x000011a1       0x6a ./Application/User/main.o
 .debug_macro   0x0000120b      0x1df ./Application/User/main.o
 .debug_macro   0x000013ea       0x1c ./Application/User/main.o
 .debug_macro   0x00001406       0x22 ./Application/User/main.o
 .debug_macro   0x00001428       0xfb ./Application/User/main.o
 .debug_macro   0x00001523     0x1313 ./Application/User/main.o
 .debug_macro   0x00002836      0x11f ./Application/User/main.o
 .debug_macro   0x00002955       0x22 ./Application/User/main.o
 .debug_macro   0x00002977    0x21df2 ./Application/User/main.o
 .debug_macro   0x00024769       0x6d ./Application/User/main.o
 .debug_macro   0x000247d6     0x3494 ./Application/User/main.o
 .debug_macro   0x00027c6a       0x61 ./Application/User/main.o
 .debug_macro   0x00027ccb       0x29 ./Application/User/main.o
 .debug_macro   0x00027cf4       0x43 ./Application/User/main.o
 .debug_macro   0x00027d37       0x34 ./Application/User/main.o
 .debug_macro   0x00027d6b      0x190 ./Application/User/main.o
 .debug_macro   0x00027efb      0x364 ./Application/User/main.o
 .debug_macro   0x0002825f       0x16 ./Application/User/main.o
 .debug_macro   0x00028275       0x4a ./Application/User/main.o
 .debug_macro   0x000282bf       0x34 ./Application/User/main.o
 .debug_macro   0x000282f3       0x10 ./Application/User/main.o
 .debug_macro   0x00028303       0x58 ./Application/User/main.o
 .debug_macro   0x0002835b       0x8e ./Application/User/main.o
 .debug_macro   0x000283e9       0x1c ./Application/User/main.o
 .debug_macro   0x00028405      0x17e ./Application/User/main.o
 .debug_macro   0x00028583      0x19b ./Application/User/main.o
 .debug_macro   0x0002871e       0x64 ./Application/User/main.o
 .debug_macro   0x00028782      0xac3 ./Application/User/main.o
 .debug_macro   0x00029245     0x1fa0 ./Application/User/main.o
 .debug_macro   0x0002b1e5      0x980 ./Application/User/main.o
 .debug_macro   0x0002bb65      0x170 ./Application/User/main.o
 .debug_macro   0x0002bcd5      0x1ba ./Application/User/main.o
 .debug_macro   0x0002be8f      0x2e8 ./Application/User/main.o
 .debug_macro   0x0002c177      0x590 ./Application/User/main.o
 .debug_macro   0x0002c707      0x52e ./Application/User/main.o
 .debug_macro   0x0002cc35       0xba ./Application/User/main.o
 .debug_macro   0x0002ccef      0x27c ./Application/User/main.o
 .debug_macro   0x0002cf6b      0x2c0 ./Application/User/main.o
 .debug_macro   0x0002d22b      0x3fb ./Application/User/main.o
 .debug_macro   0x0002d626       0xb0 ./Application/User/main.o
 .debug_macro   0x0002d6d6      0x11c ./Application/User/main.o
 .debug_macro   0x0002d7f2      0x210 ./Application/User/main.o
 .debug_macro   0x0002da02      0x2a0 ./Application/User/main.o
 .debug_macro   0x0002dca2       0x3c ./Application/User/main.o
 .debug_macro   0x0002dcde      0x5a2 ./Application/User/main.o
 .debug_macro   0x0002e280       0x7c ./Application/User/main.o
 .debug_macro   0x0002e2fc       0xac ./Application/User/main.o
 .debug_macro   0x0002e3a8       0xdd ./Application/User/main.o
 .debug_macro   0x0002e485      0x28d ./Application/User/stm32h7rsxx_hal_msp.o
 .debug_macro   0x0002e712      0x297 ./Application/User/stm32h7rsxx_it.o
 .debug_macro   0x0002e9a9      0x28f ./Drivers/BSP/STM32H7S78-DK/stm32h7s78_discovery.o
 .debug_macro   0x0002ec38       0x76 ./Drivers/BSP/STM32H7S78-DK/stm32h7s78_discovery.o
 .debug_macro   0x0002ecae      0x268 ./Drivers/CMSIS/system_stm32h7rsxx.o
 .debug_macro   0x0002ef16      0x2a4 ./Drivers/STM32H7RSxx_HAL_Driver/stm32h7rsxx_hal.o
 .debug_macro   0x0002f1ba      0x262 ./Drivers/STM32H7RSxx_HAL_Driver/stm32h7rsxx_hal_cortex.o
 .debug_macro   0x0002f41c      0x269 ./Drivers/STM32H7RSxx_HAL_Driver/stm32h7rsxx_hal_gpio.o
 .debug_macro   0x0002f685      0x29b ./Drivers/STM32H7RSxx_HAL_Driver/stm32h7rsxx_hal_pwr_ex.o
 .debug_macro   0x0002f920      0x2c8 ./Drivers/STM32H7RSxx_HAL_Driver/stm32h7rsxx_hal_rcc.o

.comment        0x00000000       0x43
 .comment       0x00000000       0x43 ./Application/User/main.o
                                 0x44 (size before relaxing)
 .comment       0x00000043       0x44 ./Application/User/stm32h7rsxx_hal_msp.o
 .comment       0x00000043       0x44 ./Application/User/stm32h7rsxx_it.o
 .comment       0x00000043       0x44 ./Drivers/BSP/STM32H7S78-DK/stm32h7s78_discovery.o
 .comment       0x00000043       0x44 ./Drivers/CMSIS/system_stm32h7rsxx.o
 .comment       0x00000043       0x44 ./Drivers/STM32H7RSxx_HAL_Driver/stm32h7rsxx_hal.o
 .comment       0x00000043       0x44 ./Drivers/STM32H7RSxx_HAL_Driver/stm32h7rsxx_hal_cortex.o
 .comment       0x00000043       0x44 ./Drivers/STM32H7RSxx_HAL_Driver/stm32h7rsxx_hal_gpio.o
 .comment       0x00000043       0x44 ./Drivers/STM32H7RSxx_HAL_Driver/stm32h7rsxx_hal_pwr_ex.o
 .comment       0x00000043       0x44 ./Drivers/STM32H7RSxx_HAL_Driver/stm32h7rsxx_hal_rcc.o

.debug_frame    0x00000000     0x1ed4
 .debug_frame   0x00000000       0x94 ./Application/User/main.o
 .debug_frame   0x00000094       0x2c ./Application/User/stm32h7rsxx_hal_msp.o
 .debug_frame   0x000000c0       0xf8 ./Application/User/stm32h7rsxx_it.o
 .debug_frame   0x000001b8      0x20c ./Drivers/BSP/STM32H7S78-DK/stm32h7s78_discovery.o
 .debug_frame   0x000003c4       0x50 ./Drivers/CMSIS/system_stm32h7rsxx.o
 .debug_frame   0x00000414      0x8e4 ./Drivers/STM32H7RSxx_HAL_Driver/stm32h7rsxx_hal.o
 .debug_frame   0x00000cf8      0x4b8 ./Drivers/STM32H7RSxx_HAL_Driver/stm32h7rsxx_hal_cortex.o
 .debug_frame   0x000011b0      0x154 ./Drivers/STM32H7RSxx_HAL_Driver/stm32h7rsxx_hal_gpio.o
 .debug_frame   0x00001304      0x6a0 ./Drivers/STM32H7RSxx_HAL_Driver/stm32h7rsxx_hal_pwr_ex.o
 .debug_frame   0x000019a4      0x4e4 ./Drivers/STM32H7RSxx_HAL_Driver/stm32h7rsxx_hal_rcc.o
 .debug_frame   0x00001e88       0x20 /opt/st/stm32cubeide_2.1.0/plugins/com.st.stm32cube.ide.mcu.externaltools.gnu-tools-for-stm32.14.3.rel1.linux64_1.0.100.202602081740/tools/bin/../lib/gcc/arm-none-eabi/14.3.1/../../../../arm-none-eabi/lib/thumb/v7e-m+dp/hard/libc_nano.a(libc_a-memset.o)
 .debug_frame   0x00001ea8       0x2c /opt/st/stm32cubeide_2.1.0/plugins/com.st.stm32cube.ide.mcu.externaltools.gnu-tools-for-stm32.14.3.rel1.linux64_1.0.100.202602081740/tools/bin/../lib/gcc/arm-none-eabi/14.3.1/../../../../arm-none-eabi/lib/thumb/v7e-m+dp/hard/libc_nano.a(libc_a-init.o)
