Archive member included to satisfy reference by file (symbol)

../../../../../../../../Middlewares/ST/STM32_USBPD_Library/Core/lib/USBPDCORE_NOPD_CM7_wc32.a(usbpd_cad.o)
                              ./Application/User/usbpd_dpm_core.o (USBPD_CAD_Init)
../../../../../../../../Middlewares/ST/STM32_USBPD_Library/Core/lib/USBPDCORE_NOPD_CM7_wc32.a(usbpd_pe_lib.o)
                              ./Application/User/usbpd_dpm_core.o (USBPD_PE_CheckLIB)
/home/user/.local/opt/xpack-arm-none-eabi-gcc-14.2.1-1.1/bin/../lib/gcc/arm-none-eabi/14.2.1/../../../../arm-none-eabi/lib/thumb/v7e-m+dp/hard/libc_nano.a(libc_a-atexit.o)
                              /home/user/.local/opt/xpack-arm-none-eabi-gcc-14.2.1-1.1/bin/../lib/gcc/arm-none-eabi/14.2.1/../../../../arm-none-eabi/lib/thumb/v7e-m+dp/hard/crt0.o (atexit)
/home/user/.local/opt/xpack-arm-none-eabi-gcc-14.2.1-1.1/bin/../lib/gcc/arm-none-eabi/14.2.1/../../../../arm-none-eabi/lib/thumb/v7e-m+dp/hard/libc_nano.a(libc_a-exit.o)
                              /home/user/.local/opt/xpack-arm-none-eabi-gcc-14.2.1-1.1/bin/../lib/gcc/arm-none-eabi/14.2.1/../../../../arm-none-eabi/lib/thumb/v7e-m+dp/hard/crt0.o (exit)
/home/user/.local/opt/xpack-arm-none-eabi-gcc-14.2.1-1.1/bin/../lib/gcc/arm-none-eabi/14.2.1/../../../../arm-none-eabi/lib/thumb/v7e-m+dp/hard/libc_nano.a(libc_a-malloc.o)
                              ../../../../../../../../Middlewares/ST/STM32_USBPD_Library/Core/lib/USBPDCORE_NOPD_CM7_wc32.a(usbpd_cad.o) (malloc)
/home/user/.local/opt/xpack-arm-none-eabi-gcc-14.2.1-1.1/bin/../lib/gcc/arm-none-eabi/14.2.1/../../../../arm-none-eabi/lib/thumb/v7e-m+dp/hard/libc_nano.a(libc_a-mallocr.o)
                              /home/user/.local/opt/xpack-arm-none-eabi-gcc-14.2.1-1.1/bin/../lib/gcc/arm-none-eabi/14.2.1/../../../../arm-none-eabi/lib/thumb/v7e-m+dp/hard/libc_nano.a(libc_a-malloc.o) (_malloc_r)
/home/user/.local/opt/xpack-arm-none-eabi-gcc-14.2.1-1.1/bin/../lib/gcc/arm-none-eabi/14.2.1/../../../../arm-none-eabi/lib/thumb/v7e-m+dp/hard/libc_nano.a(libc_a-mlock.o)
                              /home/user/.local/opt/xpack-arm-none-eabi-gcc-14.2.1-1.1/bin/../lib/gcc/arm-none-eabi/14.2.1/../../../../arm-none-eabi/lib/thumb/v7e-m+dp/hard/libc_nano.a(libc_a-mallocr.o) (__malloc_lock)
/home/user/.local/opt/xpack-arm-none-eabi-gcc-14.2.1-1.1/bin/../lib/gcc/arm-none-eabi/14.2.1/../../../../arm-none-eabi/lib/thumb/v7e-m+dp/hard/libc_nano.a(libc_a-findfp.o)
                              /home/user/.local/opt/xpack-arm-none-eabi-gcc-14.2.1-1.1/bin/../lib/gcc/arm-none-eabi/14.2.1/../../../../arm-none-eabi/lib/thumb/v7e-m+dp/hard/libc_nano.a(libc_a-exit.o) (__stdio_exit_handler)
/home/user/.local/opt/xpack-arm-none-eabi-gcc-14.2.1-1.1/bin/../lib/gcc/arm-none-eabi/14.2.1/../../../../arm-none-eabi/lib/thumb/v7e-m+dp/hard/libc_nano.a(libc_a-fwalk.o)
                              /home/user/.local/opt/xpack-arm-none-eabi-gcc-14.2.1-1.1/bin/../lib/gcc/arm-none-eabi/14.2.1/../../../../arm-none-eabi/lib/thumb/v7e-m+dp/hard/libc_nano.a(libc_a-findfp.o) (_fwalk_sglue)
/home/user/.local/opt/xpack-arm-none-eabi-gcc-14.2.1-1.1/bin/../lib/gcc/arm-none-eabi/14.2.1/../../../../arm-none-eabi/lib/thumb/v7e-m+dp/hard/libc_nano.a(libc_a-stdio.o)
                              /home/user/.local/opt/xpack-arm-none-eabi-gcc-14.2.1-1.1/bin/../lib/gcc/arm-none-eabi/14.2.1/../../../../arm-none-eabi/lib/thumb/v7e-m+dp/hard/libc_nano.a(libc_a-findfp.o) (__sread)
/home/user/.local/opt/xpack-arm-none-eabi-gcc-14.2.1-1.1/bin/../lib/gcc/arm-none-eabi/14.2.1/../../../../arm-none-eabi/lib/thumb/v7e-m+dp/hard/libc_nano.a(libc_a-memset.o)
                              /home/user/.local/opt/xpack-arm-none-eabi-gcc-14.2.1-1.1/bin/../lib/gcc/arm-none-eabi/14.2.1/../../../../arm-none-eabi/lib/thumb/v7e-m+dp/hard/crt0.o (memset)
/home/user/.local/opt/xpack-arm-none-eabi-gcc-14.2.1-1.1/bin/../lib/gcc/arm-none-eabi/14.2.1/../../../../arm-none-eabi/lib/thumb/v7e-m+dp/hard/libc_nano.a(libc_a-closer.o)
                              /home/user/.local/opt/xpack-arm-none-eabi-gcc-14.2.1-1.1/bin/../lib/gcc/arm-none-eabi/14.2.1/../../../../arm-none-eabi/lib/thumb/v7e-m+dp/hard/libc_nano.a(libc_a-stdio.o) (_close_r)
/home/user/.local/opt/xpack-arm-none-eabi-gcc-14.2.1-1.1/bin/../lib/gcc/arm-none-eabi/14.2.1/../../../../arm-none-eabi/lib/thumb/v7e-m+dp/hard/libc_nano.a(libc_a-reent.o)
                              /home/user/.local/opt/xpack-arm-none-eabi-gcc-14.2.1-1.1/bin/../lib/gcc/arm-none-eabi/14.2.1/../../../../arm-none-eabi/lib/thumb/v7e-m+dp/hard/libc_nano.a(libc_a-closer.o) (errno)
/home/user/.local/opt/xpack-arm-none-eabi-gcc-14.2.1-1.1/bin/../lib/gcc/arm-none-eabi/14.2.1/../../../../arm-none-eabi/lib/thumb/v7e-m+dp/hard/libc_nano.a(libc_a-impure.o)
                              /home/user/.local/opt/xpack-arm-none-eabi-gcc-14.2.1-1.1/bin/../lib/gcc/arm-none-eabi/14.2.1/../../../../arm-none-eabi/lib/thumb/v7e-m+dp/hard/libc_nano.a(libc_a-malloc.o) (_impure_ptr)
[...]
Memory Configuration

Name             Origin             Length             Attributes
RAM              0x24000000         0x00071c00         xrw
ITCM             0x00000000         0x00010000         xrw
DTCM             0x20000000         0x00010000         rw
SRAMAHB          0x30000000         0x00008000         rw
BKPSRAM          0x38800000         0x00001000         rw
FLASH            0x70000000         0x08000000         xrw
EXTRAM           0x90000000         0x02000000         rw
*default*        0x00000000         0xffffffff

Linker script and memory map

LOAD /home/user/.local/opt/xpack-arm-none-eabi-gcc-14.2.1-1.1/bin/../lib/gcc/arm-none-eabi/14.2.1/thumb/v7e-m+dp/hard/crti.o
LOAD /home/user/.local/opt/xpack-arm-none-eabi-gcc-14.2.1-1.1/bin/../lib/gcc/arm-none-eabi/14.2.1/thumb/v7e-m+dp/hard/crtbegin.o
LOAD /home/user/.local/opt/xpack-arm-none-eabi-gcc-14.2.1-1.1/bin/../lib/gcc/arm-none-eabi/14.2.1/../../../../arm-none-eabi/lib/thumb/v7e-m+dp/hard/crt0.o
LOAD ./Application/Startup/startup_stm32h7s7l8hxh.o
LOAD ./Application/User/main.o
LOAD ./Application/User/stm32h7rsxx_hal_msp.o
LOAD ./Application/User/stm32h7rsxx_it.o
LOAD ./Application/User/syscalls.o
LOAD ./Application/User/sysmem.o
LOAD ./Application/User/usb_device.o
LOAD ./Application/User/usbd_conf.o
LOAD ./Application/User/usbd_desc.o
LOAD ./Application/User/usbd_storage_if.o
LOAD ./Application/User/usbpd.o
LOAD ./Application/User/usbpd_dpm_core.o
LOAD ./Application/User/usbpd_dpm_user.o
LOAD ./Application/User/usbpd_pwr_if.o
LOAD ./Application/User/usbpd_pwr_user.o
LOAD ./Application/User/usbpd_usb_if.o
LOAD ./Drivers/BSP/Components/aps256xx.o
LOAD ./Drivers/BSP/Components/gt911.o
LOAD ./Drivers/BSP/Components/gt911_reg.o
LOAD ./Drivers/BSP/Components/tcpp0203.o
LOAD ./Drivers/BSP/Components/tcpp0203_reg.o
LOAD ./Drivers/BSP/STM32H7S78-DK/stm32h7s78_discovery.o
LOAD ./Drivers/BSP/STM32H7S78-DK/stm32h7s78_discovery_bus.o
LOAD ./Drivers/BSP/STM32H7S78-DK/stm32h7s78_discovery_lcd.o
LOAD ./Drivers/BSP/STM32H7S78-DK/stm32h7s78_discovery_sd.o
LOAD ./Drivers/BSP/STM32H7S78-DK/stm32h7s78_discovery_ts.o
LOAD ./Drivers/BSP/STM32H7S78-DK/stm32h7s78_discovery_usbpd_pwr.o
LOAD ./Drivers/BSP/STM32H7S78-DK/stm32h7s78_discovery_xspi.o
LOAD ./Drivers/CMSIS/system_stm32h7rsxx.o
LOAD ./Drivers/STM32H7RSxx_HAL_Driver/stm32h7rsxx_hal.o
LOAD ./Drivers/STM32H7RSxx_HAL_Driver/stm32h7rsxx_hal_adc.o
LOAD ./Drivers/STM32H7RSxx_HAL_Driver/stm32h7rsxx_hal_adc_ex.o
LOAD ./Drivers/STM32H7RSxx_HAL_Driver/stm32h7rsxx_hal_cortex.o
LOAD ./Drivers/STM32H7RSxx_HAL_Driver/stm32h7rsxx_hal_dma.o
LOAD ./Drivers/STM32H7RSxx_HAL_Driver/stm32h7rsxx_hal_dma2d.o
LOAD ./Drivers/STM32H7RSxx_HAL_Driver/stm32h7rsxx_hal_dma_ex.o
LOAD ./Drivers/STM32H7RSxx_HAL_Driver/stm32h7rsxx_hal_exti.o
LOAD ./Drivers/STM32H7RSxx_HAL_Driver/stm32h7rsxx_hal_flash.o
LOAD ./Drivers/STM32H7RSxx_HAL_Driver/stm32h7rsxx_hal_flash_ex.o
LOAD ./Drivers/STM32H7RSxx_HAL_Driver/stm32h7rsxx_hal_gpio.o
LOAD ./Drivers/STM32H7RSxx_HAL_Driver/stm32h7rsxx_hal_i2c.o
LOAD ./Drivers/STM32H7RSxx_HAL_Driver/stm32h7rsxx_hal_i2c_ex.o
LOAD ./Drivers/STM32H7RSxx_HAL_Driver/stm32h7rsxx_hal_lptim.o
LOAD ./Drivers/STM32H7RSxx_HAL_Driver/stm32h7rsxx_hal_ltdc.o
LOAD ./Drivers/STM32H7RSxx_HAL_Driver/stm32h7rsxx_hal_mmc.o
LOAD ./Drivers/STM32H7RSxx_HAL_Driver/stm32h7rsxx_hal_mmc_ex.o
LOAD ./Drivers/STM32H7RSxx_HAL_Driver/stm32h7rsxx_hal_pcd.o
LOAD ./Drivers/STM32H7RSxx_HAL_Driver/stm32h7rsxx_hal_pcd_ex.o
LOAD ./Drivers/STM32H7RSxx_HAL_Driver/stm32h7rsxx_hal_pwr.o
LOAD ./Drivers/STM32H7RSxx_HAL_Driver/stm32h7rsxx_hal_pwr_ex.o
LOAD ./Drivers/STM32H7RSxx_HAL_Driver/stm32h7rsxx_hal_rcc.o
LOAD ./Drivers/STM32H7RSxx_HAL_Driver/stm32h7rsxx_hal_rcc_ex.o
LOAD ./Drivers/STM32H7RSxx_HAL_Driver/stm32h7rsxx_hal_sd.o
LOAD ./Drivers/STM32H7RSxx_HAL_Driver/stm32h7rsxx_hal_sd_ex.o
LOAD ./Drivers/STM32H7RSxx_HAL_Driver/stm32h7rsxx_hal_smbus.o
LOAD ./Drivers/STM32H7RSxx_HAL_Driver/stm32h7rsxx_hal_smbus_ex.o
LOAD ./Drivers/STM32H7RSxx_HAL_Driver/stm32h7rsxx_hal_xspi.o
LOAD ./Drivers/STM32H7RSxx_HAL_Driver/stm32h7rsxx_ll_dlyb.o
LOAD ./Drivers/STM32H7RSxx_HAL_Driver/stm32h7rsxx_ll_dma.o
LOAD ./Drivers/STM32H7RSxx_HAL_Driver/stm32h7rsxx_ll_exti.o
LOAD ./Drivers/STM32H7RSxx_HAL_Driver/stm32h7rsxx_ll_gpio.o
LOAD ./Drivers/STM32H7RSxx_HAL_Driver/stm32h7rsxx_ll_rcc.o
LOAD ./Drivers/STM32H7RSxx_HAL_Driver/stm32h7rsxx_ll_sdmmc.o
LOAD ./Drivers/STM32H7RSxx_HAL_Driver/stm32h7rsxx_ll_tim.o
LOAD ./Drivers/STM32H7RSxx_HAL_Driver/stm32h7rsxx_ll_ucpd.o
LOAD ./Drivers/STM32H7RSxx_HAL_Driver/stm32h7rsxx_ll_usb.o
LOAD ./Drivers/STM32H7RSxx_HAL_Driver/stm32h7rsxx_ll_utils.o
LOAD ./Middlewares/STM32_USBPD_Library/usbpd_cad_hw_if.o
LOAD ./Middlewares/STM32_USBPD_Library/usbpd_hw.o
LOAD ./Middlewares/STM32_USBPD_Library/usbpd_hw_if_it.o
LOAD ./Middlewares/STM32_USBPD_Library/usbpd_phy_hw_if.o
LOAD ./Middlewares/STM32_USBPD_Library/usbpd_pwr_hw_if.o
LOAD ./Middlewares/STM32_USBPD_Library/usbpd_trace.o
LOAD ./Middlewares/STM32_USB_Device_Library/usbd_core.o
LOAD ./Middlewares/STM32_USB_Device_Library/usbd_ctlreq.o
LOAD ./Middlewares/STM32_USB_Device_Library/usbd_ioreq.o
LOAD ./Middlewares/STM32_USB_Device_Library/usbd_msc.o
LOAD ./Middlewares/STM32_USB_Device_Library/usbd_msc_bot.o
LOAD ./Middlewares/STM32_USB_Device_Library/usbd_msc_data.o
LOAD ./Middlewares/STM32_USB_Device_Library/usbd_msc_scsi.o
LOAD ./Utilities/stm32_lcd.o
LOAD ../../../../../../../../Middlewares/ST/STM32_USBPD_Library/Core/lib/USBPDCORE_NOPD_CM7_wc32.a
START GROUP
LOAD /home/user/.local/opt/xpack-arm-none-eabi-gcc-14.2.1-1.1/bin/../lib/gcc/arm-none-eabi/14.2.1/../../../../arm-none-eabi/lib/thumb/v7e-m+dp/hard/libc_nano.a
LOAD /home/user/.local/opt/xpack-arm-none-eabi-gcc-14.2.1-1.1/bin/../lib/gcc/arm-none-eabi/14.2.1/../../../../arm-none-eabi/lib/thumb/v7e-m+dp/hard/libm.a
END GROUP
START GROUP
LOAD /home/user/.local/opt/xpack-arm-none-eabi-gcc-14.2.1-1.1/bin/../lib/gcc/arm-none-eabi/14.2.1/thumb/v7e-m+dp/hard/libgcc.a
LOAD /home/user/.local/opt/xpack-arm-none-eabi-gcc-14.2.1-1.1/bin/../lib/gcc/arm-none-eabi/14.2.1/../../../../arm-none-eabi/lib/thumb/v7e-m+dp/hard/libc_nano.a
END GROUP
START GROUP
LOAD /home/user/.local/opt/xpack-arm-none-eabi-gcc-14.2.1-1.1/bin/../lib/gcc/arm-none-eabi/14.2.1/thumb/v7e-m+dp/hard/libgcc.a
LOAD /home/user/.local/opt/xpack-arm-none-eabi-gcc-14.2.1-1.1/bin/../lib/gcc/arm-none-eabi/14.2.1/../../../../arm-none-eabi/lib/thumb/v7e-m+dp/hard/libc_nano.a
LOAD /home/user/.local/opt/xpack-arm-none-eabi-gcc-14.2.1-1.1/bin/../lib/gcc/arm-none-eabi/14.2.1/../../../../arm-none-eabi/lib/thumb/v7e-m+dp/hard/libnosys.a
END GROUP
START GROUP
LOAD /home/user/.local/opt/xpack-arm-none-eabi-gcc-14.2.1-1.1/bin/../lib/gcc/arm-none-eabi/14.2.1/thumb/v7e-m+dp/hard/libgcc.a
LOAD /home/user/.local/opt/xpack-arm-none-eabi-gcc-14.2.1-1.1/bin/../lib/gcc/arm-none-eabi/14.2.1/../../../../arm-none-eabi/lib/thumb/v7e-m+dp/hard/libc_nano.a
LOAD /home/user/.local/opt/xpack-arm-none-eabi-gcc-14.2.1-1.1/bin/../lib/gcc/arm-none-eabi/14.2.1/../../../../arm-none-eabi/lib/thumb/v7e-m+dp/hard/libnosys.a
END GROUP
LOAD /home/user/.local/opt/xpack-arm-none-eabi-gcc-14.2.1-1.1/bin/../lib/gcc/arm-none-eabi/14.2.1/thumb/v7e-m+dp/hard/crtend.o
LOAD /home/user/.local/opt/xpack-arm-none-eabi-gcc-14.2.1-1.1/bin/../lib/gcc/arm-none-eabi/14.2.1/thumb/v7e-m+dp/hard/crtn.o
                0x20010000                        _estack = (ORIGIN (DTCM) + LENGTH (DTCM))
                0x00000200                        _Min_Heap_Size = 0x200
                0x00000400                        _Min_Stack_Size = 0x400
                0x70000000                        __FLASH_BEGIN = 0x70000000
                0x08000000                        __FLASH_SIZE = 0x8000000
                0x90000000                        __EXTRAM_BEGIN = 0x90000000
                0x02000000                        __EXTRAM_SIZE = 0x2000000
                0x24000000                        __RAM_BEGIN = 0x24000000
                0x00071c00                        __RAM_SIZE = 0x71c00

.isr_vector     0x70000000      0x2b0
                0x70000000                        . = ALIGN (0x4)
 *(.isr_vector)
 .isr_vector    0x70000000      0x2b0 ./Application/Startup/startup_stm32h7s7l8hxh.o
                0x70000000                g_pfnVectors
                0x700002b0                        . = ALIGN (0x4)

.text           0x700002b0     0x9828
                0x700002b0                        . = ALIGN (0x4)
 *(.text)
 .text          0x700002b0      0x154 ../../../../../../../../Middlewares/ST/STM32_USBPD_Library/Core/lib/USBPDCORE_NOPD_CM7_wc32.a(usbpd_cad.o)
                0x700002b0                USBPD_CAD_Init
                0x70000300                USBPD_CAD_PortEnable
                0x7000030e                USBPD_CAD_Process
                0x700003d8                USBPD_CAD_AssertRd
                0x700003ea                USBPD_CAD_AssertRp
                0x700003fc                USBPD_CAD_EnterErrorRecovery
                0x70000400                USBPD_CAD_GetMemoryConsumption
 .text          0x70000404       0x2a ../../../../../../../../Middlewares/ST/STM32_USBPD_Library/Core/lib/USBPDCORE_NOPD_CM7_wc32.a(usbpd_pe_lib.o)
                0x70000404                USBPD_PE_SetTrace
                0x70000412                USBPD_PE_CheckLIB
                0x70000428                USBPD_PE_GetMemoryConsumption
                0x7000042c                PE_Trace_Empty
 .text          0x7000042e       0x10 /home/user/.local/opt/xpack-arm-none-eabi-gcc-14.2.1-1.1/bin/../lib/gcc/arm-none-eabi/14.2.1/../../../../arm-none-eabi/lib/thumb/v7e-m+dp/hard/libc_nano.a(libc_a-strlen.o)
                0x7000042e                strlen
 .text          0x7000043e       0x9a /home/user/.local/opt/xpack-arm-none-eabi-gcc-14.2.1-1.1/bin/../lib/gcc/arm-none-eabi/14.2.1/../../../../arm-none-eabi/lib/thumb/v7e-m+dp/hard/libc_nano.a(libc_a-aeabi_memset-soft.o)
                0x7000043e                __aeabi_memset
                0x7000043e                __aeabi_memset8
                0x7000043e                __aeabi_memset4
 *(.text*)
 .text.__do_global_dtors_aux
                0x700004d8       0x24 /home/user/.local/opt/xpack-arm-none-eabi-gcc-14.2.1-1.1/bin/../lib/gcc/arm-none-eabi/14.2.1/thumb/v7e-m+dp/hard/crtbegin.o
 .text.frame_dummy
                0x700004fc       0x1c /home/user/.local/opt/xpack-arm-none-eabi-gcc-14.2.1-1.1/bin/../lib/gcc/arm-none-eabi/14.2.1/thumb/v7e-m+dp/hard/crtbegin.o
 .text.Reset_Handler
                0x70000518       0x50 ./Application/Startup/startup_stm32h7s7l8hxh.o
                0x70000518                Reset_Handler
 .text.Default_Handler
                0x70000568        0x2 ./Application/Startup/startup_stm32h7s7l8hxh.o
                0x70000568                HPDMA1_Channel13_IRQHandler
                0x70000568                EXTI2_IRQHandler
                0x70000568                MCE2_IRQHandler
                0x70000568                SAI1_A_IRQHandler
                0x70000568                EXTI5_IRQHandler
                0x70000568                I3C1_ER_IRQHandler
                0x70000568                UART8_IRQHandler
                0x70000568                SPI4_IRQHandler
                0x70000568                EXTI13_IRQHandler
                0x70000568                TIM1_CC_IRQHandler
                0x70000568                XSPI1_IRQHandler
                0x70000568                JPEG_IRQHandler
                0x70000568                TAMP_IRQHandler
                0x70000568                TIM6_IRQHandler
                0x70000568                EXTI12_IRQHandler
                0x70000568                CORDIC_IRQHandler
                0x70000568                GFXTIM_IRQHandler
                0x70000568                EXTI3_IRQHandler
                0x70000568                LPTIM4_IRQHandler
                0x70000568                GPDMA1_Channel5_IRQHandler
                0x70000568                LPTIM2_IRQHandler
                0x70000568                GFXMMU_IRQHandler
                0x70000568                I2C3_ER_IRQHandler
                0x70000568                LPTIM3_IRQHandler
                0x70000568                SAI2_A_IRQHandler
                0x70000568                EXTI0_IRQHandler
                0x70000568                HPDMA1_Channel9_IRQHandler
                0x70000568                I2C2_EV_IRQHandler
                0x70000568                GPU2D_IRQHandler
                0x70000568                FPU_IRQHandler
                0x70000568                GPDMA1_Channel3_IRQHandler
                0x70000568                GPDMA1_Channel7_IRQHandler
                0x70000568                FDCAN1_IT1_IRQHandler
                0x70000568                HPDMA1_Channel3_IRQHandler
                0x70000568                LTDC_ER_IRQHandler
                0x70000568                ADC1_2_IRQHandler
                0x70000568                GPDMA1_Channel9_IRQHandler
                0x70000568                SPI1_IRQHandler
                0x70000568                SAI1_B_IRQHandler
                0x70000568                GPDMA1_Channel2_IRQHandler
                0x70000568                I3C1_WKUP_IRQHandler
                0x70000568                PKA_IRQHandler
                0x70000568                HPDMA1_Channel2_IRQHandler
                0x70000568                EXTI15_IRQHandler
                0x70000568                TIM17_IRQHandler
                0x70000568                USART3_IRQHandler
                0x70000568                HPDMA1_Channel6_IRQHandler
                0x70000568                CRYP_IRQHandler
                0x70000568                RTC_IRQHandler
                0x70000568                XSPI2_IRQHandler
                0x70000568                EXTI9_IRQHandler
                0x70000568                HPDMA1_Channel0_IRQHandler
                0x70000568                LPTIM5_IRQHandler
                0x70000568                HPDMA1_Channel1_IRQHandler
                0x70000568                UART5_IRQHandler
                0x70000568                TIM4_IRQHandler
                0x70000568                I2C1_EV_IRQHandler
                0x70000568                GPDMA1_Channel12_IRQHandler
                0x70000568                HPDMA1_Channel7_IRQHandler
                0x70000568                TIM16_IRQHandler
                0x70000568                GPDMA1_Channel15_IRQHandler
                0x70000568                UART4_IRQHandler
                0x70000568                TIM3_IRQHandler
                0x70000568                RCC_IRQHandler
                0x70000568                TIM1_TRG_COM_IRQHandler
                0x70000568                SAI2_B_IRQHandler
                0x70000568                Default_Handler
                0x70000568                GPDMA1_Channel8_IRQHandler
                0x70000568                HPDMA1_Channel8_IRQHandler
                0x70000568                CEC_IRQHandler
                0x70000568                TIM14_IRQHandler
                0x70000568                TIM13_IRQHandler
                0x70000568                GPDMA1_Channel11_IRQHandler
                0x70000568                GPU2D_ER_IRQHandler
                0x70000568                SPI5_IRQHandler
                0x70000568                TIM12_IRQHandler
                0x70000568                TIM7_IRQHandler
                0x70000568                HPDMA1_Channel10_IRQHandler
                0x70000568                SAES_IRQHandler
                0x70000568                TIM5_IRQHandler
                0x70000568                I3C1_EV_IRQHandler
                0x70000568                HPDMA1_Channel5_IRQHandler
                0x70000568                TIM15_IRQHandler
                0x70000568                I2C3_EV_IRQHandler
                0x70000568                HPDMA1_Channel4_IRQHandler
                0x70000568                HPDMA1_Channel15_IRQHandler
                0x70000568                TIM9_IRQHandler
                0x70000568                LTDC_IRQHandler
                0x70000568                SPDIF_RX_IRQHandler
                0x70000568                PVD_PVM_IRQHandler
                0x70000568                SPI2_IRQHandler
                0x70000568                HPDMA1_Channel11_IRQHandler
                0x70000568                EXTI14_IRQHandler
                0x70000568                EXTI11_IRQHandler
                0x70000568                CRS_IRQHandler
                0x70000568                GPDMA1_Channel14_IRQHandler
                0x70000568                EXTI4_IRQHandler
                0x70000568                GPDMA1_Channel13_IRQHandler
                0x70000568                RNG_IRQHandler
                0x70000568                FDCAN2_IT1_IRQHandler
                0x70000568                ETH_IRQHandler
                0x70000568                TIM1_UP_IRQHandler
                0x70000568                WWDG_IRQHandler
                0x70000568                SPI6_IRQHandler
                0x70000568                MDIOS_IRQHandler
                0x70000568                FDCAN2_IT0_IRQHandler
                0x70000568                IWDG_IRQHandler
                0x70000568                HPDMA1_Channel14_IRQHandler
                0x70000568                LPUART1_IRQHandler
                0x70000568                FDCAN1_IT0_IRQHandler
                0x70000568                TIM2_IRQHandler
                0x70000568                PSSI_IRQHandler
                0x70000568                MCE3_IRQHandler
                0x70000568                GPDMA1_Channel4_IRQHandler
                0x70000568                EXTI7_IRQHandler
                0x70000568                DMA2D_IRQHandler
                0x70000568                TIM1_BRK_IRQHandler
                0x70000568                EXTI1_IRQHandler
                0x70000568                SDMMC2_IRQHandler
                0x70000568                UART7_IRQHandler
                0x70000568                DTS_IRQHandler
                0x70000568                USART2_IRQHandler
                0x70000568                GPDMA1_Channel6_IRQHandler
                0x70000568                ADF1_FLT0_IRQHandler
                0x70000568                RAMECC_IRQHandler
                0x70000568                I2C2_ER_IRQHandler
                0x70000568                MCE1_IRQHandler
                0x70000568                HPDMA1_Channel12_IRQHandler
                0x70000568                FLASH_IRQHandler
                0x70000568                USART1_IRQHandler
                0x70000568                EXTI10_IRQHandler
                0x70000568                OTG_FS_IRQHandler
                0x70000568                SPI3_IRQHandler
                0x70000568                WAKEUP_PIN_IRQHandler
                0x70000568                DCMIPP_IRQHandler
                0x70000568                I2C1_ER_IRQHandler
                0x70000568                FMC_IRQHandler
                0x70000568                EXTI6_IRQHandler
                0x70000568                LPTIM1_IRQHandler
                0x70000568                GPDMA1_Channel10_IRQHandler
                0x70000568                ICACHE_IRQHandler
                0x70000568                HASH_IRQHandler
 *fill*         0x7000056a        0x2 
 .text.startup.main
                0x7000056c      0x248 ./Application/User/main.o
                0x7000056c                main
 .text.Error_Handler
                0x700007b4        0x2 ./Application/User/main.o
                0x700007b4                Error_Handler
 .text.HAL_MspInit
                0x700007b6       0x14 ./Application/User/stm32h7rsxx_hal_msp.o
                0x700007b6                HAL_MspInit
 .text.NMI_Handler
                0x700007ca        0x2 ./Application/User/stm32h7rsxx_it.o
                0x700007ca                NMI_Handler
 .text.HardFault_Handler
                0x700007cc        0x2 ./Application/User/stm32h7rsxx_it.o
                0x700007cc                HardFault_Handler
 .text.MemManage_Handler
                0x700007ce        0x2 ./Application/User/stm32h7rsxx_it.o
                0x700007ce                MemManage_Handler
 .text.BusFault_Handler
                0x700007d0        0x2 ./Application/User/stm32h7rsxx_it.o
                0x700007d0                BusFault_Handler
 .text.UsageFault_Handler
                0x700007d2        0x2 ./Application/User/stm32h7rsxx_it.o
                0x700007d2                UsageFault_Handler
 .text.SVC_Handler
                0x700007d4        0x2 ./Application/User/stm32h7rsxx_it.o
                0x700007d4                SVC_Handler
 .text.DebugMon_Handler
                0x700007d6        0x2 ./Application/User/stm32h7rsxx_it.o
                0x700007d6                DebugMon_Handler
 .text.PendSV_Handler
                0x700007d8        0x2 ./Application/User/stm32h7rsxx_it.o
                0x700007d8                PendSV_Handler
 .text.SysTick_Handler
                0x700007da        0x4 ./Application/User/stm32h7rsxx_it.o
                0x700007da                SysTick_Handler
 .text.GPDMA1_Channel0_IRQHandler
                0x700007de        0x2 ./Application/User/stm32h7rsxx_it.o
                0x700007de                GPDMA1_Channel0_IRQHandler
 .text.GPDMA1_Channel1_IRQHandler
                0x700007e0        0x2 ./Application/User/stm32h7rsxx_it.o
                0x700007e0                GPDMA1_Channel1_IRQHandler
 *fill*         0x700007e2        0x2 
 .text.OTG_HS_IRQHandler
                0x700007e4        0xc ./Application/User/stm32h7rsxx_it.o
                0x700007e4                OTG_HS_IRQHandler
 .text.UCPD1_IRQHandler
                0x700007f0        0x4 ./Application/User/stm32h7rsxx_it.o
                0x700007f0                UCPD1_IRQHandler
 .text.SDMMC1_IRQHandler
                0x700007f4        0x6 ./Application/User/stm32h7rsxx_it.o
                0x700007f4                SDMMC1_IRQHandler
 .text.EXTI8_IRQHandler
                0x700007fa       0x1e ./Application/User/stm32h7rsxx_it.o
                0x700007fa                EXTI8_IRQHandler
 .text._sbrk    0x70000818       0x3c ./Application/User/sysmem.o
                0x70000818                _sbrk
 .text.MX_USB_DEVICE_Init
                0x70000854       0x44 ./Application/User/usb_device.o
                0x70000854                MX_USB_DEVICE_Init
 .text.HAL_PCD_MspInit
                0x70000898       0x78 ./Application/User/usbd_conf.o
                0x70000898                HAL_PCD_MspInit
 .text.HAL_PCD_SetupStageCallback
                0x70000910        0xc ./Application/User/usbd_conf.o
                0x70000910                HAL_PCD_SetupStageCallback
 .text.HAL_PCD_DataOutStageCallback
                0x7000091c       0x12 ./Application/User/usbd_conf.o
                0x7000091c                HAL_PCD_DataOutStageCallback
 .text.HAL_PCD_DataInStageCallback
                0x7000092e       0x10 ./Application/User/usbd_conf.o
                0x7000092e                HAL_PCD_DataInStageCallback
 .text.HAL_PCD_SOFCallback
                0x7000093e        0x8 ./Application/User/usbd_conf.o
                0x7000093e                HAL_PCD_SOFCallback
 .text.HAL_PCD_ResetCallback
                0x70000946       0x26 ./Application/User/usbd_conf.o
                0x70000946                HAL_PCD_ResetCallback
 .text.HAL_PCD_SuspendCallback
                0x7000096c       0x30 ./Application/User/usbd_conf.o
                0x7000096c                HAL_PCD_SuspendCallback
 .text.HAL_PCD_ResumeCallback
                0x7000099c       0x38 ./Application/User/usbd_conf.o
                0x7000099c                HAL_PCD_ResumeCallback
 .text.HAL_PCD_ISOOUTIncompleteCallback
                0x700009d4        0x8 ./Application/User/usbd_conf.o
                0x700009d4                HAL_PCD_ISOOUTIncompleteCallback
 .text.HAL_PCD_ISOINIncompleteCallback
                0x700009dc        0x8 ./Application/User/usbd_conf.o
                0x700009dc                HAL_PCD_ISOINIncompleteCallback
 .text.HAL_PCD_ConnectCallback
                0x700009e4        0x8 ./Application/User/usbd_conf.o
                0x700009e4                HAL_PCD_ConnectCallback
 .text.HAL_PCD_DisconnectCallback
                0x700009ec        0x8 ./Application/User/usbd_conf.o
                0x700009ec                HAL_PCD_DisconnectCallback
 .text.USBD_LL_Init
                0x700009f4       0x60 ./Application/User/usbd_conf.o
                0x700009f4                USBD_LL_Init
 .text.USBD_LL_IsStallEP
                0x70000a54       0x24 ./Application/User/usbd_conf.o
                0x70000a54                USBD_LL_IsStallEP
 .text.USBD_LL_GetRxDataSize
                0x70000a78        0x8 ./Application/User/usbd_conf.o
                0x70000a78                USBD_LL_GetRxDataSize
 .text.USBD_static_malloc
                0x70000a80        0x8 ./Application/User/usbd_conf.o
                0x70000a80                USBD_static_malloc
 .text.USBD_static_free
                0x70000a88        0x2 ./Application/User/usbd_conf.o
                0x70000a88                USBD_static_free
 .text.USBD_Get_USB_Status
                0x70000a8a        0xc ./Application/User/usbd_conf.o
                0x70000a8a                USBD_Get_USB_Status
 .text.USBD_LL_Start
                0x70000a96       0x12 ./Application/User/usbd_conf.o
                0x70000a96                USBD_LL_Start
 .text.USBD_LL_Stop
                0x70000aa8       0x12 ./Application/User/usbd_conf.o
                0x70000aa8                USBD_LL_Stop
 .text.USBD_LL_OpenEP
                0x70000aba       0x18 ./Application/User/usbd_conf.o
                0x70000aba                USBD_LL_OpenEP
 .text.USBD_LL_CloseEP
                0x70000ad2       0x12 ./Application/User/usbd_conf.o
                0x70000ad2                USBD_LL_CloseEP
 .text.USBD_LL_FlushEP
                0x70000ae4       0x12 ./Application/User/usbd_conf.o
                0x70000ae4                USBD_LL_FlushEP
 .text.USBD_LL_StallEP
                0x70000af6       0x12 ./Application/User/usbd_conf.o
                0x70000af6                USBD_LL_StallEP
 .text.USBD_LL_ClearStallEP
                0x70000b08       0x12 ./Application/User/usbd_conf.o
                0x70000b08                USBD_LL_ClearStallEP
 .text.USBD_LL_SetUSBAddress
                0x70000b1a       0x12 ./Application/User/usbd_conf.o
                0x70000b1a                USBD_LL_SetUSBAddress
 .text.USBD_LL_Transmit
                0x70000b2c       0x12 ./Application/User/usbd_conf.o
                0x70000b2c                USBD_LL_Transmit
 .text.USBD_LL_PrepareReceive
                0x70000b3e       0x12 ./Application/User/usbd_conf.o
                0x70000b3e                USBD_LL_PrepareReceive
 .text.USBD_MSC_DeviceDescriptor
                0x70000b50        0xc ./Application/User/usbd_desc.o
                0x70000b50                USBD_MSC_DeviceDescriptor
 .text.USBD_MSC_LangIDStrDescriptor
                0x70000b5c        0xc ./Application/User/usbd_desc.o
                0x70000b5c                USBD_MSC_LangIDStrDescriptor
 .text.IntToUnicode
                0x70000b68       0x2a ./Application/User/usbd_desc.o
 *fill*         0x70000b92        0x2 
 .text.USBD_MSC_SerialStrDescriptor
                0x70000b94       0x3c ./Application/User/usbd_desc.o
                0x70000b94                USBD_MSC_SerialStrDescriptor
 .text.USBD_MSC_ProductStrDescriptor
                0x70000bd0       0x18 ./Application/User/usbd_desc.o
                0x70000bd0                USBD_MSC_ProductStrDescriptor
 .text.USBD_MSC_ManufacturerStrDescriptor
                0x70000be8       0x18 ./Application/User/usbd_desc.o
                0x70000be8                USBD_MSC_ManufacturerStrDescriptor
 .text.USBD_MSC_ConfigStrDescriptor
                0x70000c00       0x18 ./Application/User/usbd_desc.o
                0x70000c00                USBD_MSC_ConfigStrDescriptor
 .text.USBD_MSC_InterfaceStrDescriptor
                0x70000c18       0x18 ./Application/User/usbd_desc.o
                0x70000c18                USBD_MSC_InterfaceStrDescriptor
 .text.STORAGE_IsWriteProtected_HS
                0x70000c30        0x4 ./Application/User/usbd_storage_if.o
 .text.STORAGE_GetMaxLun_HS
                0x70000c34        0x4 ./Application/User/usbd_storage_if.o
 .text.STORAGE_Write_HS
                0x70000c38       0x48 ./Application/User/usbd_storage_if.o
 .text.STORAGE_Read_HS
                0x70000c80       0x48 ./Application/User/usbd_storage_if.o
 .text.STORAGE_IsReady_HS
                0x70000cc8       0x38 ./Application/User/usbd_storage_if.o
 .text.STORAGE_Init_HS
                0x70000d00        0xc ./Application/User/usbd_storage_if.o
 .text.STORAGE_GetCapacity_HS
                0x70000d0c       0x2c ./Application/User/usbd_storage_if.o
 .text.BSP_SD_WriteCpltCallback
                0x70000d38        0xc ./Application/User/usbd_storage_if.o
                0x70000d38                BSP_SD_WriteCpltCallback
 .text.BSP_SD_ReadCpltCallback
                0x70000d44        0xc ./Application/User/usbd_storage_if.o
                0x70000d44                BSP_SD_ReadCpltCallback
 .text.MX_USBPD_Init
                0x70000d50       0x14 ./Application/User/usbpd.o
                0x70000d50                MX_USBPD_Init
 .text.USBPD_DPM_CADTaskWakeUp
                0x70000d64        0xc ./Application/User/usbpd_dpm_core.o
 .text.USBPD_DPM_CADCallback
                0x70000d70       0x2c ./Application/User/usbpd_dpm_core.o
                0x70000d70                USBPD_DPM_CADCallback
 .text.USBPD_DPM_InitCore
                0x70000d9c       0x4c ./Application/User/usbpd_dpm_core.o
                0x70000d9c                USBPD_DPM_InitCore
 .text.USBPD_DPM_InitOS
                0x70000de8        0x4 ./Application/User/usbpd_dpm_core.o
                0x70000de8                USBPD_DPM_InitOS
 .text.USBPD_DPM_Run
                0x70000dec       0x30 ./Application/User/usbpd_dpm_core.o
                0x70000dec                USBPD_DPM_Run
 .text.USBPD_DPM_UserExecute
                0x70000e1c        0x2 ./Application/User/usbpd_dpm_user.o
                0x70000e1c                USBPD_DPM_UserExecute
 .text.USBPD_DPM_UserCableDetection
                0x70000e1e        0x2 ./Application/User/usbpd_dpm_user.o
                0x70000e1e                USBPD_DPM_UserCableDetection
 .text.USBPD_DPM_Notification
                0x70000e20       0x12 ./Application/User/usbpd_dpm_user.o
                0x70000e20                USBPD_DPM_Notification
 .text.USBPD_PWR_IF_GetVBUSStatus
                0x70000e32       0x3c ./Application/User/usbpd_pwr_if.o
                0x70000e32                USBPD_PWR_IF_GetVBUSStatus
 *fill*         0x70000e6e        0x2 
 .text.USBPD_USBIF_DeviceStart
                0x70000e70       0x18 ./Application/User/usbpd_usb_if.o
                0x70000e70                USBPD_USBIF_DeviceStart
 .text.USBPD_USBIF_DeviceStop
                0x70000e88       0x34 ./Application/User/usbpd_usb_if.o
                0x70000e88                USBPD_USBIF_DeviceStop
 .text.TCPP0203_ReadRegWrap
                0x70000ebc        0xe ./Drivers/BSP/Components/tcpp0203.o
 .text.TCPP0203_WriteRegWrap
                0x70000eca        0xe ./Drivers/BSP/Components/tcpp0203.o
 .text.TCPP0203_Init
                0x70000ed8       0x48 ./Drivers/BSP/Components/tcpp0203.o
                0x70000ed8                TCPP0203_Init
 .text.TCPP0203_GetVConnSwitchAck
                0x70000f20       0x20 ./Drivers/BSP/Components/tcpp0203.o
                0x70000f20                TCPP0203_GetVConnSwitchAck
 .text.TCPP0203_GetGateDriverProviderAck
                0x70000f40       0x20 ./Drivers/BSP/Components/tcpp0203.o
                0x70000f40                TCPP0203_GetGateDriverProviderAck
 .text.TCPP0203_GetGateDriverConsumerAck
                0x70000f60       0x30 ./Drivers/BSP/Components/tcpp0203.o
                0x70000f60                TCPP0203_GetGateDriverConsumerAck
 .text.TCPP0203_GetPowerModeAck
                0x70000f90       0x20 ./Drivers/BSP/Components/tcpp0203.o
                0x70000f90                TCPP0203_GetPowerModeAck
 .text.TCPP0203_GetVBusDischargeAck
                0x70000fb0       0x20 ./Drivers/BSP/Components/tcpp0203.o
                0x70000fb0                TCPP0203_GetVBusDischargeAck
 .text.TCPP0203_GetVConnDischargeAck
                0x70000fd0       0x20 ./Drivers/BSP/Components/tcpp0203.o
                0x70000fd0                TCPP0203_GetVConnDischargeAck
 .text.TCPP0203_GetOCPVConnFlag
                0x70000ff0       0x20 ./Drivers/BSP/Components/tcpp0203.o
                0x70000ff0                TCPP0203_GetOCPVConnFlag
 .text.TCPP0203_GetOCPVBusFlag
                0x70001010       0x20 ./Drivers/BSP/Components/tcpp0203.o
                0x70001010                TCPP0203_GetOCPVBusFlag
 .text.TCPP0203_GetOVPVBusFlag
                0x70001030       0x20 ./Drivers/BSP/Components/tcpp0203.o
                0x70001030                TCPP0203_GetOVPVBusFlag
 .text.TCPP0203_GetOVPCCFlag
                0x70001050       0x20 ./Drivers/BSP/Components/tcpp0203.o
                0x70001050                TCPP0203_GetOVPCCFlag
 .text.TCPP0203_GetOTPFlag
                0x70001070       0x20 ./Drivers/BSP/Components/tcpp0203.o
                0x70001070                TCPP0203_GetOTPFlag
 .text.TCPP0203_GetVBusOkFlag
                0x70001090       0x20 ./Drivers/BSP/Components/tcpp0203.o
                0x70001090                TCPP0203_GetVBusOkFlag
 .text.TCPP0203_ReadTCPPType
                0x700010b0       0x20 ./Drivers/BSP/Components/tcpp0203.o
                0x700010b0                TCPP0203_ReadTCPPType
 .text.TCPP0203_ReadVCONNPower
                0x700010d0       0x20 ./Drivers/BSP/Components/tcpp0203.o
                0x700010d0                TCPP0203_ReadVCONNPower
 .text.TCPP0203_ReadAckRegister
                0x700010f0        0xc ./Drivers/BSP/Components/tcpp0203.o
                0x700010f0                TCPP0203_ReadAckRegister
 .text.TCPP0203_ReadFlagRegister
                0x700010fc        0xc ./Drivers/BSP/Components/tcpp0203.o
                0x700010fc                TCPP0203_ReadFlagRegister
 .text.TCPP0203_Reset
                0x70001108       0x22 ./Drivers/BSP/Components/tcpp0203.o
                0x70001108                TCPP0203_Reset
 .text.TCPP0203_ModifyReg0
                0x7000112a       0x3e ./Drivers/BSP/Components/tcpp0203.o
 .text.TCPP0203_SetVConnSwitch
                0x70001168       0x10 ./Drivers/BSP/Components/tcpp0203.o
                0x70001168                TCPP0203_SetVConnSwitch
 .text.TCPP0203_SetPowerMode
                0x70001178       0x16 ./Drivers/BSP/Components/tcpp0203.o
                0x70001178                TCPP0203_SetPowerMode
 .text.TCPP0203_SetVBusDischarge
                0x7000118e       0x12 ./Drivers/BSP/Components/tcpp0203.o
                0x7000118e                TCPP0203_SetVBusDischarge
 .text.TCPP0203_SetVConnDischarge
                0x700011a0       0x10 ./Drivers/BSP/Components/tcpp0203.o
                0x700011a0                TCPP0203_SetVConnDischarge
 .text.TCPP0203_WriteCtrlRegister
                0x700011b0        0xc ./Drivers/BSP/Components/tcpp0203.o
                0x700011b0                TCPP0203_WriteCtrlRegister
 .text.TCPP0203_DeInit
                0x700011bc       0x1a ./Drivers/BSP/Components/tcpp0203.o
                0x700011bc                TCPP0203_DeInit
 .text.TCPP0203_SetGateDriverProvider
                0x700011d6       0x18 ./Drivers/BSP/Components/tcpp0203.o
                0x700011d6                TCPP0203_SetGateDriverProvider
 *fill*         0x700011ee        0x2 
 .text.TCPP0203_SetGateDriverConsumer
                0x700011f0       0x20 ./Drivers/BSP/Components/tcpp0203.o
                0x700011f0                TCPP0203_SetGateDriverConsumer
 .text.TCPP0203_RegisterBusIO
                0x70001210       0x38 ./Drivers/BSP/Components/tcpp0203.o
                0x70001210                TCPP0203_RegisterBusIO
 .text.tcpp0203_read_reg
                0x70001248        0xe ./Drivers/BSP/Components/tcpp0203_reg.o
                0x70001248                tcpp0203_read_reg
 .text.tcpp0203_write_reg
                0x70001256        0xe ./Drivers/BSP/Components/tcpp0203_reg.o
                0x70001256                tcpp0203_write_reg
 .text.BSP_I2C1_DeInit
                0x70001264       0x50 ./Drivers/BSP/STM32H7S78-DK/stm32h7s78_discovery_bus.o
                0x70001264                BSP_I2C1_DeInit
 .text.MX_I2C1_Init
                0x700012b4       0x3e ./Drivers/BSP/STM32H7S78-DK/stm32h7s78_discovery_bus.o
                0x700012b4                MX_I2C1_Init
 *fill*         0x700012f2        0x2 
 .text.BSP_I2C1_Init
                0x700012f4      0x27c ./Drivers/BSP/STM32H7S78-DK/stm32h7s78_discovery_bus.o
                0x700012f4                BSP_I2C1_Init
 .text.BSP_I2C1_WriteReg
                0x70001570       0x34 ./Drivers/BSP/STM32H7S78-DK/stm32h7s78_discovery_bus.o
                0x70001570                BSP_I2C1_WriteReg
 .text.BSP_I2C1_ReadReg
                0x700015a4       0x34 ./Drivers/BSP/STM32H7S78-DK/stm32h7s78_discovery_bus.o
                0x700015a4                BSP_I2C1_ReadReg
 .text.BSP_GetTick
                0x700015d8        0x4 ./Drivers/BSP/STM32H7S78-DK/stm32h7s78_discovery_bus.o
                0x700015d8                BSP_GetTick
 .text.MX_SDMMC1_SD_Init
                0x700015dc       0x28 ./Drivers/BSP/STM32H7S78-DK/stm32h7s78_discovery_sd.o
                0x700015dc                MX_SDMMC1_SD_Init
 .text.BSP_SD_IsDetected
                0x70001604       0x20 ./Drivers/BSP/STM32H7S78-DK/stm32h7s78_discovery_sd.o
                0x70001604                BSP_SD_IsDetected
 .text.BSP_SD_Init
                0x70001624      0x144 ./Drivers/BSP/STM32H7S78-DK/stm32h7s78_discovery_sd.o
                0x70001624                BSP_SD_Init
 .text.BSP_SD_ReadBlocks_DMA
                0x70001768       0x20 ./Drivers/BSP/STM32H7S78-DK/stm32h7s78_discovery_sd.o
                0x70001768                BSP_SD_ReadBlocks_DMA
 .text.BSP_SD_WriteBlocks_DMA
                0x70001788       0x20 ./Drivers/BSP/STM32H7S78-DK/stm32h7s78_discovery_sd.o
                0x70001788                BSP_SD_WriteBlocks_DMA
 .text.BSP_SD_GetCardState
                0x700017a8       0x1c ./Drivers/BSP/STM32H7S78-DK/stm32h7s78_discovery_sd.o
                0x700017a8                BSP_SD_GetCardState
 .text.BSP_SD_GetCardInfo
                0x700017c4       0x1c ./Drivers/BSP/STM32H7S78-DK/stm32h7s78_discovery_sd.o
                0x700017c4                BSP_SD_GetCardInfo
 .text.BSP_SD_IRQHandler
                0x700017e0       0x10 ./Drivers/BSP/STM32H7S78-DK/stm32h7s78_discovery_sd.o
                0x700017e0                BSP_SD_IRQHandler
 .text.HAL_SD_TxCpltCallback
                0x700017f0       0x14 ./Drivers/BSP/STM32H7S78-DK/stm32h7s78_discovery_sd.o
                0x700017f0                HAL_SD_TxCpltCallback
 .text.HAL_SD_RxCpltCallback
                0x70001804       0x14 ./Drivers/BSP/STM32H7S78-DK/stm32h7s78_discovery_sd.o
                0x70001804                HAL_SD_RxCpltCallback
 .text.LL_GPIO_SetPinMode
                0x70001818       0x2a ./Drivers/BSP/STM32H7S78-DK/stm32h7s78_discovery_usbpd_pwr.o
 *fill*         0x70001842        0x2 
 .text.LL_GPIO_SetPinPull.constprop.0
                0x70001844       0x34 ./Drivers/BSP/STM32H7S78-DK/stm32h7s78_discovery_usbpd_pwr.o
 .text.BSP_USBPD_PWR_Init
                0x70001878      0x240 ./Drivers/BSP/STM32H7S78-DK/stm32h7s78_discovery_usbpd_pwr.o
                0x70001878                BSP_USBPD_PWR_Init
 .text.BSP_USBPD_PWR_SetRole
                0x70001ab8       0x4c ./Drivers/BSP/STM32H7S78-DK/stm32h7s78_discovery_usbpd_pwr.o
                0x70001ab8                BSP_USBPD_PWR_SetRole
 .text.BSP_USBPD_PWR_SetPowerMode
                0x70001b04       0xc4 ./Drivers/BSP/STM32H7S78-DK/stm32h7s78_discovery_usbpd_pwr.o
                0x70001b04                BSP_USBPD_PWR_SetPowerMode
 .text.BSP_USBPD_PWR_VBUSInit
                0x70001bc8      0x10c ./Drivers/BSP/STM32H7S78-DK/stm32h7s78_discovery_usbpd_pwr.o
                0x70001bc8                BSP_USBPD_PWR_VBUSInit
 .text.BSP_USBPD_PWR_VBUSDeInit
                0x70001cd4       0x5c ./Drivers/BSP/STM32H7S78-DK/stm32h7s78_discovery_usbpd_pwr.o
                0x70001cd4                BSP_USBPD_PWR_VBUSDeInit
 .text.BSP_USBPD_PWR_RegisterVBUSDetectCallback
                0x70001d30       0x14 ./Drivers/BSP/STM32H7S78-DK/stm32h7s78_discovery_usbpd_pwr.o
                0x70001d30                BSP_USBPD_PWR_RegisterVBUSDetectCallback
 .text.BSP_USBPD_PWR_VBUSGetVoltage
                0x70001d44       0x40 ./Drivers/BSP/STM32H7S78-DK/stm32h7s78_discovery_usbpd_pwr.o
                0x70001d44                BSP_USBPD_PWR_VBUSGetVoltage
 .text.BSP_USBPD_PWR_EventCallback
                0x70001d84       0xec ./Drivers/BSP/STM32H7S78-DK/stm32h7s78_discovery_usbpd_pwr.o
                0x70001d84                BSP_USBPD_PWR_EventCallback
 .text.SystemInit
                0x70001e70       0x1c ./Drivers/CMSIS/system_stm32h7rsxx.o
                0x70001e70                SystemInit
 .text.SystemCoreClockUpdate
                0x70001e8c      0x13c ./Drivers/CMSIS/system_stm32h7rsxx.o
                0x70001e8c                SystemCoreClockUpdate
 .text.HAL_InitTick
                0x70001fc8       0x4c ./Drivers/STM32H7RSxx_HAL_Driver/stm32h7rsxx_hal.o
                0x70001fc8                HAL_InitTick
 .text.HAL_Init
                0x70002014       0x1e ./Drivers/STM32H7RSxx_HAL_Driver/stm32h7rsxx_hal.o
                0x70002014                HAL_Init
 *fill*         0x70002032        0x2 
 .text.HAL_IncTick
                0x70002034       0x18 ./Drivers/STM32H7RSxx_HAL_Driver/stm32h7rsxx_hal.o
                0x70002034                HAL_IncTick
 .text.HAL_GetTick
                0x7000204c        0xc ./Drivers/STM32H7RSxx_HAL_Driver/stm32h7rsxx_hal.o
                0x7000204c                HAL_GetTick
 .text.HAL_Delay
                0x70002058       0x24 ./Drivers/STM32H7RSxx_HAL_Driver/stm32h7rsxx_hal.o
                0x70002058                HAL_Delay
 .text.HAL_SuspendTick
                0x7000207c        0xe ./Drivers/STM32H7RSxx_HAL_Driver/stm32h7rsxx_hal.o
                0x7000207c                HAL_SuspendTick
 .text.HAL_ResumeTick
                0x7000208a        0xe ./Drivers/STM32H7RSxx_HAL_Driver/stm32h7rsxx_hal.o
                0x7000208a                HAL_ResumeTick
 .text.LL_ADC_SetChannelSamplingTime
                0x70002098       0x20 ./Drivers/STM32H7RSxx_HAL_Driver/stm32h7rsxx_hal_adc.o
 .text.LL_ADC_IsEnabled
                0x700020b8        0x8 ./Drivers/STM32H7RSxx_HAL_Driver/stm32h7rsxx_hal_adc.o
 .text.LL_ADC_REG_IsConversionOngoing
                0x700020c0        0x8 ./Drivers/STM32H7RSxx_HAL_Driver/stm32h7rsxx_hal_adc.o
 .text.HAL_ADC_MspInit
                0x700020c8        0x2 ./Drivers/STM32H7RSxx_HAL_Driver/stm32h7rsxx_hal_adc.o
                0x700020c8                HAL_ADC_MspInit
 *fill*         0x700020ca        0x2 
 .text.HAL_ADC_Init
                0x700020cc      0x1b0 ./Drivers/STM32H7RSxx_HAL_Driver/stm32h7rsxx_hal_adc.o
                0x700020cc                HAL_ADC_Init
 .text.HAL_ADC_ConfigChannel
                0x7000227c      0x3a4 ./Drivers/STM32H7RSxx_HAL_Driver/stm32h7rsxx_hal_adc.o
                0x7000227c                HAL_ADC_ConfigChannel
 .text.ADC_Enable
                0x70002620       0xb4 ./Drivers/STM32H7RSxx_HAL_Driver/stm32h7rsxx_hal_adc.o
                0x70002620                ADC_Enable
 .text.HAL_ADC_Start
                0x700026d4       0xe0 ./Drivers/STM32H7RSxx_HAL_Driver/stm32h7rsxx_hal_adc.o
                0x700026d4                HAL_ADC_Start
 .text.ADC_Disable
                0x700027b4       0x6a ./Drivers/STM32H7RSxx_HAL_Driver/stm32h7rsxx_hal_adc.o
                0x700027b4                ADC_Disable
 *fill*         0x7000281e        0x2 
 .text.HAL_ADCEx_Calibration_Start
                0x70002820       0x98 ./Drivers/STM32H7RSxx_HAL_Driver/stm32h7rsxx_hal_adc_ex.o
                0x70002820                HAL_ADCEx_Calibration_Start
 .text.HAL_NVIC_SetPriorityGrouping
                0x700028b8       0x24 ./Drivers/STM32H7RSxx_HAL_Driver/stm32h7rsxx_hal_cortex.o
                0x700028b8                HAL_NVIC_SetPriorityGrouping
 .text.HAL_NVIC_SetPriority
                0x700028dc       0x64 ./Drivers/STM32H7RSxx_HAL_Driver/stm32h7rsxx_hal_cortex.o
                0x700028dc                HAL_NVIC_SetPriority
 .text.HAL_NVIC_EnableIRQ
                0x70002940       0x1c ./Drivers/STM32H7RSxx_HAL_Driver/stm32h7rsxx_hal_cortex.o
                0x70002940                HAL_NVIC_EnableIRQ
 .text.HAL_SYSTICK_Config
                0x7000295c       0x28 ./Drivers/STM32H7RSxx_HAL_Driver/stm32h7rsxx_hal_cortex.o
                0x7000295c                HAL_SYSTICK_Config
 .text.HAL_GPIO_Init
                0x70002984      0x148 ./Drivers/STM32H7RSxx_HAL_Driver/stm32h7rsxx_hal_gpio.o
                0x70002984                HAL_GPIO_Init
 .text.HAL_GPIO_DeInit
                0x70002acc       0xd0 ./Drivers/STM32H7RSxx_HAL_Driver/stm32h7rsxx_hal_gpio.o
                0x70002acc                HAL_GPIO_DeInit
 .text.HAL_GPIO_ReadPin
                0x70002b9c        0xc ./Drivers/STM32H7RSxx_HAL_Driver/stm32h7rsxx_hal_gpio.o
                0x70002b9c                HAL_GPIO_ReadPin
 .text.I2C_Flush_TXDR
                0x70002ba8       0x1c ./Drivers/STM32H7RSxx_HAL_Driver/stm32h7rsxx_hal_i2c.o
 .text.I2C_TransferConfig
                0x70002bc4       0x2c ./Drivers/STM32H7RSxx_HAL_Driver/stm32h7rsxx_hal_i2c.o
 .text.I2C_IsErrorOccurred
                0x70002bf0      0x102 ./Drivers/STM32H7RSxx_HAL_Driver/stm32h7rsxx_hal_i2c.o
 .text.I2C_WaitOnTXISFlagUntilTimeout
                0x70002cf2       0x56 ./Drivers/STM32H7RSxx_HAL_Driver/stm32h7rsxx_hal_i2c.o
 .text.I2C_WaitOnFlagUntilTimeout
                0x70002d48       0x76 ./Drivers/STM32H7RSxx_HAL_Driver/stm32h7rsxx_hal_i2c.o
 .text.I2C_WaitOnSTOPFlagUntilTimeout
                0x70002dbe       0x52 ./Drivers/STM32H7RSxx_HAL_Driver/stm32h7rsxx_hal_i2c.o
 .text.HAL_I2C_MspInit
                0x70002e10        0x2 ./Drivers/STM32H7RSxx_HAL_Driver/stm32h7rsxx_hal_i2c.o
                0x70002e10                HAL_I2C_MspInit
 .text.HAL_I2C_Init
                0x70002e12       0xaa ./Drivers/STM32H7RSxx_HAL_Driver/stm32h7rsxx_hal_i2c.o
                0x70002e12                HAL_I2C_Init
 .text.HAL_I2C_MspDeInit
                0x70002ebc        0x2 ./Drivers/STM32H7RSxx_HAL_Driver/stm32h7rsxx_hal_i2c.o
                0x70002ebc                HAL_I2C_MspDeInit
 .text.HAL_I2C_DeInit
                0x70002ebe       0x32 ./Drivers/STM32H7RSxx_HAL_Driver/stm32h7rsxx_hal_i2c.o
                0x70002ebe                HAL_I2C_DeInit
 .text.HAL_I2C_Mem_Write
                0x70002ef0      0x1b4 ./Drivers/STM32H7RSxx_HAL_Driver/stm32h7rsxx_hal_i2c.o
                0x70002ef0                HAL_I2C_Mem_Write
 .text.HAL_I2C_Mem_Read
                0x700030a4      0x1bc ./Drivers/STM32H7RSxx_HAL_Driver/stm32h7rsxx_hal_i2c.o
                0x700030a4                HAL_I2C_Mem_Read
 .text.HAL_I2C_GetState
                0x70003260        0x6 ./Drivers/STM32H7RSxx_HAL_Driver/stm32h7rsxx_hal_i2c.o
                0x70003260                HAL_I2C_GetState
 .text.HAL_I2C_GetError
                0x70003266        0x4 ./Drivers/STM32H7RSxx_HAL_Driver/stm32h7rsxx_hal_i2c.o
                0x70003266                HAL_I2C_GetError
 .text.HAL_I2CEx_ConfigAnalogFilter
                0x7000326a       0x4c ./Drivers/STM32H7RSxx_HAL_Driver/stm32h7rsxx_hal_i2c_ex.o
                0x7000326a                HAL_I2CEx_ConfigAnalogFilter
 .text.HAL_I2CEx_ConfigDigitalFilter
                0x700032b6       0x4a ./Drivers/STM32H7RSxx_HAL_Driver/stm32h7rsxx_hal_i2c_ex.o
                0x700032b6                HAL_I2CEx_ConfigDigitalFilter
 .text.HAL_PCD_Init
                0x70003300       0xec ./Drivers/STM32H7RSxx_HAL_Driver/stm32h7rsxx_hal_pcd.o
                0x70003300                HAL_PCD_Init
 .text.HAL_PCD_Start
                0x700033ec       0x3e ./Drivers/STM32H7RSxx_HAL_Driver/stm32h7rsxx_hal_pcd.o
                0x700033ec                HAL_PCD_Start
 .text.HAL_PCD_Stop
                0x7000342a       0x48 ./Drivers/STM32H7RSxx_HAL_Driver/stm32h7rsxx_hal_pcd.o
                0x7000342a                HAL_PCD_Stop
 .text.HAL_PCD_SetAddress
                0x70003472       0x26 ./Drivers/STM32H7RSxx_HAL_Driver/stm32h7rsxx_hal_pcd.o
                0x70003472                HAL_PCD_SetAddress
 .text.HAL_PCD_EP_Open
                0x70003498       0x6a ./Drivers/STM32H7RSxx_HAL_Driver/stm32h7rsxx_hal_pcd.o
                0x70003498                HAL_PCD_EP_Open
 .text.HAL_PCD_EP_Close
                0x70003502       0x52 ./Drivers/STM32H7RSxx_HAL_Driver/stm32h7rsxx_hal_pcd.o
                0x70003502                HAL_PCD_EP_Close
 .text.HAL_PCD_EP_Receive
                0x70003554       0x3a ./Drivers/STM32H7RSxx_HAL_Driver/stm32h7rsxx_hal_pcd.o
                0x70003554                HAL_PCD_EP_Receive
 .text.HAL_PCD_EP_GetRxCount
                0x7000358e       0x10 ./Drivers/STM32H7RSxx_HAL_Driver/stm32h7rsxx_hal_pcd.o
                0x7000358e                HAL_PCD_EP_GetRxCount
 .text.HAL_PCD_EP_Transmit
                0x7000359e       0x34 ./Drivers/STM32H7RSxx_HAL_Driver/stm32h7rsxx_hal_pcd.o
                0x7000359e                HAL_PCD_EP_Transmit
 .text.HAL_PCD_EP_SetStall
                0x700035d2       0x6e ./Drivers/STM32H7RSxx_HAL_Driver/stm32h7rsxx_hal_pcd.o
                0x700035d2                HAL_PCD_EP_SetStall
 .text.HAL_PCD_EP_ClrStall
                0x70003640       0x62 ./Drivers/STM32H7RSxx_HAL_Driver/stm32h7rsxx_hal_pcd.o
                0x70003640                HAL_PCD_EP_ClrStall
 .text.HAL_PCD_EP_Abort
                0x700036a2       0x1c ./Drivers/STM32H7RSxx_HAL_Driver/stm32h7rsxx_hal_pcd.o
                0x700036a2                HAL_PCD_EP_Abort
 *fill*         0x700036be        0x2 
 .text.HAL_PCD_IRQHandler
                0x700036c0      0x6dc ./Drivers/STM32H7RSxx_HAL_Driver/stm32h7rsxx_hal_pcd.o
                0x700036c0                HAL_PCD_IRQHandler
 .text.HAL_PCD_EP_Flush
                0x70003d9c       0x32 ./Drivers/STM32H7RSxx_HAL_Driver/stm32h7rsxx_hal_pcd.o
                0x70003d9c                HAL_PCD_EP_Flush
 .text.HAL_PCDEx_SetTxFiFo
                0x70003dce       0x3e ./Drivers/STM32H7RSxx_HAL_Driver/stm32h7rsxx_hal_pcd_ex.o
                0x70003dce                HAL_PCDEx_SetTxFiFo
 .text.HAL_PCDEx_SetRxFiFo
                0x70003e0c        0x8 ./Drivers/STM32H7RSxx_HAL_Driver/stm32h7rsxx_hal_pcd_ex.o
                0x70003e0c                HAL_PCDEx_SetRxFiFo
 .text.HAL_PCDEx_ActivateLPM
                0x70003e14       0x26 ./Drivers/STM32H7RSxx_HAL_Driver/stm32h7rsxx_hal_pcd_ex.o
                0x70003e14                HAL_PCDEx_ActivateLPM
 .text.HAL_PCDEx_LPM_Callback
                0x70003e3a        0x2 ./Drivers/STM32H7RSxx_HAL_Driver/stm32h7rsxx_hal_pcd_ex.o
                0x70003e3a                HAL_PCDEx_LPM_Callback
 .text.HAL_PWR_EnterSTANDBYMode
                0x70003e3c       0x28 ./Drivers/STM32H7RSxx_HAL_Driver/stm32h7rsxx_hal_pwr.o
                0x70003e3c                HAL_PWR_EnterSTANDBYMode
 .text.HAL_PWR_EnableSleepOnExit
                0x70003e64       0x10 ./Drivers/STM32H7RSxx_HAL_Driver/stm32h7rsxx_hal_pwr.o
                0x70003e64                HAL_PWR_EnableSleepOnExit
 .text.HAL_PWR_DisableSleepOnExit
                0x70003e74       0x10 ./Drivers/STM32H7RSxx_HAL_Driver/stm32h7rsxx_hal_pwr.o
                0x70003e74                HAL_PWR_DisableSleepOnExit
 .text.HAL_PWREx_EnableUSBVoltageDetector
                0x70003e84       0x30 ./Drivers/STM32H7RSxx_HAL_Driver/stm32h7rsxx_hal_pwr_ex.o
                0x70003e84                HAL_PWREx_EnableUSBVoltageDetector
 .text.HAL_PWREx_EnableUSBHSregulator
                0x70003eb4       0x10 ./Drivers/STM32H7RSxx_HAL_Driver/stm32h7rsxx_hal_pwr_ex.o
                0x70003eb4                HAL_PWREx_EnableUSBHSregulator
 .text.HAL_PWREx_DisableUCPDDeadBattery
                0x70003ec4       0x10 ./Drivers/STM32H7RSxx_HAL_Driver/stm32h7rsxx_hal_pwr_ex.o
                0x70003ec4                HAL_PWREx_DisableUCPDDeadBattery
 .text.RCC_PLL1_GetVCOOutputFreq
                0x70003ed4       0xa4 ./Drivers/STM32H7RSxx_HAL_Driver/stm32h7rsxx_hal_rcc.o
 .text.RCC_PLL2_GetVCOOutputFreq
                0x70003f78       0xa4 ./Drivers/STM32H7RSxx_HAL_Driver/stm32h7rsxx_hal_rcc.o
 .text.RCC_PLL3_GetVCOOutputFreq
                0x7000401c       0xa4 ./Drivers/STM32H7RSxx_HAL_Driver/stm32h7rsxx_hal_rcc.o
 .text.HAL_RCC_GetSysClockFreq
                0x700040c0      0x148 ./Drivers/STM32H7RSxx_HAL_Driver/stm32h7rsxx_hal_rcc.o
                0x700040c0                HAL_RCC_GetSysClockFreq
 .text.HAL_RCC_GetHCLKFreq
                0x70004208       0x34 ./Drivers/STM32H7RSxx_HAL_Driver/stm32h7rsxx_hal_rcc.o
                0x70004208                HAL_RCC_GetHCLKFreq
 .text.HAL_RCC_GetPCLK1Freq
                0x7000423c       0x1c ./Drivers/STM32H7RSxx_HAL_Driver/stm32h7rsxx_hal_rcc.o
                0x7000423c                HAL_RCC_GetPCLK1Freq
 .text.HAL_RCC_GetPCLK2Freq
                0x70004258       0x1c ./Drivers/STM32H7RSxx_HAL_Driver/stm32h7rsxx_hal_rcc.o
                0x70004258                HAL_RCC_GetPCLK2Freq
 .text.HAL_RCC_GetPCLK4Freq
                0x70004274       0x1c ./Drivers/STM32H7RSxx_HAL_Driver/stm32h7rsxx_hal_rcc.o
                0x70004274                HAL_RCC_GetPCLK4Freq
 .text.HAL_RCC_GetPLL1QFreq
                0x70004290       0x1c ./Drivers/STM32H7RSxx_HAL_Driver/stm32h7rsxx_hal_rcc.o
                0x70004290                HAL_RCC_GetPLL1QFreq
 .text.HAL_RCC_GetPLL2PFreq
                0x700042ac       0x1c ./Drivers/STM32H7RSxx_HAL_Driver/stm32h7rsxx_hal_rcc.o
                0x700042ac                HAL_RCC_GetPLL2PFreq
 .text.HAL_RCC_GetPLL2QFreq
                0x700042c8       0x1c ./Drivers/STM32H7RSxx_HAL_Driver/stm32h7rsxx_hal_rcc.o
                0x700042c8                HAL_RCC_GetPLL2QFreq
 .text.HAL_RCC_GetPLL2RFreq
                0x700042e4       0x1c ./Drivers/STM32H7RSxx_HAL_Driver/stm32h7rsxx_hal_rcc.o
                0x700042e4                HAL_RCC_GetPLL2RFreq
 .text.HAL_RCC_GetPLL2SFreq
                0x70004300       0x1c ./Drivers/STM32H7RSxx_HAL_Driver/stm32h7rsxx_hal_rcc.o
                0x70004300                HAL_RCC_GetPLL2SFreq
 .text.HAL_RCC_GetPLL2TFreq
                0x7000431c       0x1c ./Drivers/STM32H7RSxx_HAL_Driver/stm32h7rsxx_hal_rcc.o
                0x7000431c                HAL_RCC_GetPLL2TFreq
 .text.HAL_RCC_GetPLL3PFreq
                0x70004338       0x1c ./Drivers/STM32H7RSxx_HAL_Driver/stm32h7rsxx_hal_rcc.o
                0x70004338                HAL_RCC_GetPLL3PFreq
 .text.HAL_RCC_GetPLL3QFreq
                0x70004354       0x1c ./Drivers/STM32H7RSxx_HAL_Driver/stm32h7rsxx_hal_rcc.o
                0x70004354                HAL_RCC_GetPLL3QFreq
 .text.HAL_RCC_GetPLL3RFreq
                0x70004370       0x1c ./Drivers/STM32H7RSxx_HAL_Driver/stm32h7rsxx_hal_rcc.o
                0x70004370                HAL_RCC_GetPLL3RFreq
 .text.HAL_RCC_GetPLL3SFreq
                0x7000438c       0x1c ./Drivers/STM32H7RSxx_HAL_Driver/stm32h7rsxx_hal_rcc.o
                0x7000438c                HAL_RCC_GetPLL3SFreq
 .text.RCC_GetCLKPFreq
                0x700043a8       0x60 ./Drivers/STM32H7RSxx_HAL_Driver/stm32h7rsxx_hal_rcc_ex.o
 .text.HAL_RCCEx_PeriphCLKConfig
                0x70004408      0x8f0 ./Drivers/STM32H7RSxx_HAL_Driver/stm32h7rsxx_hal_rcc_ex.o
                0x70004408                HAL_RCCEx_PeriphCLKConfig
 .text.HAL_RCCEx_GetPeriphCLKFreq
                0x70004cf8      0xad4 ./Drivers/STM32H7RSxx_HAL_Driver/stm32h7rsxx_hal_rcc_ex.o
                0x70004cf8                HAL_RCCEx_GetPeriphCLKFreq
 .text.SD_SwitchSpeed
                0x700057cc       0xf8 ./Drivers/STM32H7RSxx_HAL_Driver/stm32h7rsxx_hal_sd.o
 .text.SD_FindSCR.constprop.0
                0x700058c4       0xcc ./Drivers/STM32H7RSxx_HAL_Driver/stm32h7rsxx_hal_sd.o
 .text.HAL_SD_MspInit
                0x70005990        0x2 ./Drivers/STM32H7RSxx_HAL_Driver/stm32h7rsxx_hal_sd.o
                0x70005990                HAL_SD_MspInit
 *fill*         0x70005992        0x2 
 .text.HAL_SD_ReadBlocks_DMA
                0x70005994       0xc4 ./Drivers/STM32H7RSxx_HAL_Driver/stm32h7rsxx_hal_sd.o
                0x70005994                HAL_SD_ReadBlocks_DMA
 .text.HAL_SD_WriteBlocks_DMA
                0x70005a58       0xc8 ./Drivers/STM32H7RSxx_HAL_Driver/stm32h7rsxx_hal_sd.o
                0x70005a58                HAL_SD_WriteBlocks_DMA
 .text.HAL_SD_ErrorCallback
                0x70005b20        0x2 ./Drivers/STM32H7RSxx_HAL_Driver/stm32h7rsxx_hal_sd.o
                0x70005b20                HAL_SD_ErrorCallback
 *fill*         0x70005b22        0x2 
 .text.HAL_SD_GetCardCSD
                0x70005b24      0x168 ./Drivers/STM32H7RSxx_HAL_Driver/stm32h7rsxx_hal_sd.o
                0x70005b24                HAL_SD_GetCardCSD
 .text.HAL_SD_InitCard
                0x70005c8c      0x230 ./Drivers/STM32H7RSxx_HAL_Driver/stm32h7rsxx_hal_sd.o
                0x70005c8c                HAL_SD_InitCard
 .text.HAL_SD_GetCardStatus
                0x70005ebc      0x190 ./Drivers/STM32H7RSxx_HAL_Driver/stm32h7rsxx_hal_sd.o
                0x70005ebc                HAL_SD_GetCardStatus
 .text.HAL_SD_GetCardInfo
                0x7000604c       0x24 ./Drivers/STM32H7RSxx_HAL_Driver/stm32h7rsxx_hal_sd.o
                0x7000604c                HAL_SD_GetCardInfo
 .text.HAL_SD_ConfigWideBusOperation
                0x70006070      0x170 ./Drivers/STM32H7RSxx_HAL_Driver/stm32h7rsxx_hal_sd.o
                0x70006070                HAL_SD_ConfigWideBusOperation
 .text.HAL_SD_GetCardState
                0x700061e0       0x28 ./Drivers/STM32H7RSxx_HAL_Driver/stm32h7rsxx_hal_sd.o
                0x700061e0                HAL_SD_GetCardState
 .text.HAL_SD_Init
                0x70006208       0xa2 ./Drivers/STM32H7RSxx_HAL_Driver/stm32h7rsxx_hal_sd.o
                0x70006208                HAL_SD_Init
 *fill*         0x700062aa        0x2 
 .text.HAL_SD_ConfigSpeedBusOperation
                0x700062ac       0xc0 ./Drivers/STM32H7RSxx_HAL_Driver/stm32h7rsxx_hal_sd.o
                0x700062ac                HAL_SD_ConfigSpeedBusOperation
 .text.HAL_SDEx_Read_DMALnkLstBufCpltCallback
                0x7000636c        0x2 ./Drivers/STM32H7RSxx_HAL_Driver/stm32h7rsxx_hal_sd.o
                0x7000636c                HAL_SDEx_Read_DMALnkLstBufCpltCallback
 .text.HAL_SDEx_Write_DMALnkLstBufCpltCallback
                0x7000636e        0x2 ./Drivers/STM32H7RSxx_HAL_Driver/stm32h7rsxx_hal_sd.o
                0x7000636e                HAL_SDEx_Write_DMALnkLstBufCpltCallback
 .text.HAL_SD_IRQHandler
                0x70006370      0x230 ./Drivers/STM32H7RSxx_HAL_Driver/stm32h7rsxx_hal_sd.o
                0x70006370                HAL_SD_IRQHandler
 .text.LL_DMA_Init
                0x700065a0      0x1b4 ./Drivers/STM32H7RSxx_HAL_Driver/stm32h7rsxx_ll_dma.o
                0x700065a0                LL_DMA_Init
 .text.LL_GPIO_Init
                0x70006754      0x134 ./Drivers/STM32H7RSxx_HAL_Driver/stm32h7rsxx_ll_gpio.o
                0x70006754                LL_GPIO_Init
 .text.SDMMC_Init
                0x70006888       0x34 ./Drivers/STM32H7RSxx_HAL_Driver/stm32h7rsxx_ll_sdmmc.o
                0x70006888                SDMMC_Init
 .text.SDMMC_ReadFIFO
                0x700068bc        0x6 ./Drivers/STM32H7RSxx_HAL_Driver/stm32h7rsxx_ll_sdmmc.o
                0x700068bc                SDMMC_ReadFIFO
 .text.SDMMC_WriteFIFO
                0x700068c2        0xa ./Drivers/STM32H7RSxx_HAL_Driver/stm32h7rsxx_ll_sdmmc.o
                0x700068c2                SDMMC_WriteFIFO
 .text.SDMMC_PowerState_ON
                0x700068cc        0xc ./Drivers/STM32H7RSxx_HAL_Driver/stm32h7rsxx_ll_sdmmc.o
                0x700068cc                SDMMC_PowerState_ON
 .text.SDMMC_GetPowerState
                0x700068d8        0x8 ./Drivers/STM32H7RSxx_HAL_Driver/stm32h7rsxx_ll_sdmmc.o
                0x700068d8                SDMMC_GetPowerState
 .text.SDMMC_SendCommand
                0x700068e0       0x28 ./Drivers/STM32H7RSxx_HAL_Driver/stm32h7rsxx_ll_sdmmc.o
                0x700068e0                SDMMC_SendCommand
 .text.SDMMC_GetResponse
                0x70006908        0x6 ./Drivers/STM32H7RSxx_HAL_Driver/stm32h7rsxx_ll_sdmmc.o
                0x70006908                SDMMC_GetResponse
 .text.SDMMC_ConfigData
                0x7000690e       0x26 ./Drivers/STM32H7RSxx_HAL_Driver/stm32h7rsxx_ll_sdmmc.o
                0x7000690e                SDMMC_ConfigData
 .text.SDMMC_CmdGoIdleState
                0x70006934       0x50 ./Drivers/STM32H7RSxx_HAL_Driver/stm32h7rsxx_ll_sdmmc.o
                0x70006934                SDMMC_CmdGoIdleState
 .text.SDMMC_GetCmdResp1
                0x70006984      0x124 ./Drivers/STM32H7RSxx_HAL_Driver/stm32h7rsxx_ll_sdmmc.o
                0x70006984                SDMMC_GetCmdResp1
 .text.SDMMC_CmdBlockLength
                0x70006aa8       0x34 ./Drivers/STM32H7RSxx_HAL_Driver/stm32h7rsxx_ll_sdmmc.o
                0x70006aa8                SDMMC_CmdBlockLength
 .text.SDMMC_CmdReadSingleBlock
                0x70006adc       0x34 ./Drivers/STM32H7RSxx_HAL_Driver/stm32h7rsxx_ll_sdmmc.o
                0x70006adc                SDMMC_CmdReadSingleBlock
 .text.SDMMC_CmdReadMultiBlock
                0x70006b10       0x34 ./Drivers/STM32H7RSxx_HAL_Driver/stm32h7rsxx_ll_sdmmc.o
                0x70006b10                SDMMC_CmdReadMultiBlock
 .text.SDMMC_CmdWriteSingleBlock
                0x70006b44       0x34 ./Drivers/STM32H7RSxx_HAL_Driver/stm32h7rsxx_ll_sdmmc.o
                0x70006b44                SDMMC_CmdWriteSingleBlock
 .text.SDMMC_CmdWriteMultiBlock
                0x70006b78       0x34 ./Drivers/STM32H7RSxx_HAL_Driver/stm32h7rsxx_ll_sdmmc.o
                0x70006b78                SDMMC_CmdWriteMultiBlock
 .text.SDMMC_CmdStopTransfer
                0x70006bac       0x54 ./Drivers/STM32H7RSxx_HAL_Driver/stm32h7rsxx_ll_sdmmc.o
                0x70006bac                SDMMC_CmdStopTransfer
 .text.SDMMC_CmdSelDesel
                0x70006c00       0x34 ./Drivers/STM32H7RSxx_HAL_Driver/stm32h7rsxx_ll_sdmmc.o
                0x70006c00                SDMMC_CmdSelDesel
 .text.SDMMC_CmdAppCommand
                0x70006c34       0x34 ./Drivers/STM32H7RSxx_HAL_Driver/stm32h7rsxx_ll_sdmmc.o
                0x70006c34                SDMMC_CmdAppCommand
 .text.SDMMC_CmdBusWidth
                0x70006c68       0x34 ./Drivers/STM32H7RSxx_HAL_Driver/stm32h7rsxx_ll_sdmmc.o
                0x70006c68                SDMMC_CmdBusWidth
 .text.SDMMC_CmdSwitch
                0x70006c9c        0x4 ./Drivers/STM32H7RSxx_HAL_Driver/stm32h7rsxx_ll_sdmmc.o
                0x70006c9c                SDMMC_CmdSwitch
 .text.SDMMC_CmdSendSCR
                0x70006ca0       0x34 ./Drivers/STM32H7RSxx_HAL_Driver/stm32h7rsxx_ll_sdmmc.o
                0x70006ca0                SDMMC_CmdSendSCR
 .text.SDMMC_CmdSendStatus
                0x70006cd4       0x34 ./Drivers/STM32H7RSxx_HAL_Driver/stm32h7rsxx_ll_sdmmc.o
                0x70006cd4                SDMMC_CmdSendStatus
 .text.SDMMC_CmdStatusRegister
                0x70006d08       0x34 ./Drivers/STM32H7RSxx_HAL_Driver/stm32h7rsxx_ll_sdmmc.o
                0x70006d08                SDMMC_CmdStatusRegister
 .text.SDMMC_GetCmdResp2
                0x70006d3c       0x50 ./Drivers/STM32H7RSxx_HAL_Driver/stm32h7rsxx_ll_sdmmc.o
                0x70006d3c                SDMMC_GetCmdResp2
 .text.SDMMC_CmdSendCID
                0x70006d8c       0x2e ./Drivers/STM32H7RSxx_HAL_Driver/stm32h7rsxx_ll_sdmmc.o
                0x70006d8c                SDMMC_CmdSendCID
 .text.SDMMC_CmdSendCSD
                0x70006dba       0x2e ./Drivers/STM32H7RSxx_HAL_Driver/stm32h7rsxx_ll_sdmmc.o
                0x70006dba                SDMMC_CmdSendCSD
 .text.SDMMC_GetCmdResp3
                0x70006de8       0x48 ./Drivers/STM32H7RSxx_HAL_Driver/stm32h7rsxx_ll_sdmmc.o
                0x70006de8                SDMMC_GetCmdResp3
 .text.SDMMC_CmdAppOperCommand
                0x70006e30       0x2e ./Drivers/STM32H7RSxx_HAL_Driver/stm32h7rsxx_ll_sdmmc.o
                0x70006e30                SDMMC_CmdAppOperCommand
 *fill*         0x70006e5e        0x2 
 .text.SDMMC_GetCmdResp6
                0x70006e60       0x84 ./Drivers/STM32H7RSxx_HAL_Driver/stm32h7rsxx_ll_sdmmc.o
                0x70006e60                SDMMC_GetCmdResp6
 .text.SDMMC_CmdSetRelAdd
                0x70006ee4       0x34 ./Drivers/STM32H7RSxx_HAL_Driver/stm32h7rsxx_ll_sdmmc.o
                0x70006ee4                SDMMC_CmdSetRelAdd
 .text.SDMMC_GetCmdResp7
                0x70006f18       0x54 ./Drivers/STM32H7RSxx_HAL_Driver/stm32h7rsxx_ll_sdmmc.o
                0x70006f18                SDMMC_GetCmdResp7
 .text.SDMMC_CmdOperCond
                0x70006f6c       0x32 ./Drivers/STM32H7RSxx_HAL_Driver/stm32h7rsxx_ll_sdmmc.o
                0x70006f6c                SDMMC_CmdOperCond
 *fill*         0x70006f9e        0x2 
 .text.LL_UCPD_Init
                0x70006fa0       0x58 ./Drivers/STM32H7RSxx_HAL_Driver/stm32h7rsxx_ll_ucpd.o
                0x70006fa0                LL_UCPD_Init
 .text.LL_UCPD_StructInit
                0x70006ff8       0x14 ./Drivers/STM32H7RSxx_HAL_Driver/stm32h7rsxx_ll_ucpd.o
                0x70006ff8                LL_UCPD_StructInit
 .text.USB_CoreReset
                0x7000700c       0x50 ./Drivers/STM32H7RSxx_HAL_Driver/stm32h7rsxx_ll_usb.o
 .text.USB_CoreInit
                0x7000705c       0x8c ./Drivers/STM32H7RSxx_HAL_Driver/stm32h7rsxx_ll_usb.o
                0x7000705c                USB_CoreInit
 .text.USB_SetTurnaroundTime
                0x700070e8       0xe0 ./Drivers/STM32H7RSxx_HAL_Driver/stm32h7rsxx_ll_usb.o
                0x700070e8                USB_SetTurnaroundTime
 .text.USB_EnableGlobalInt
                0x700071c8        0xc ./Drivers/STM32H7RSxx_HAL_Driver/stm32h7rsxx_ll_usb.o
                0x700071c8                USB_EnableGlobalInt
 .text.USB_DisableGlobalInt
                0x700071d4        0xc ./Drivers/STM32H7RSxx_HAL_Driver/stm32h7rsxx_ll_usb.o
                0x700071d4                USB_DisableGlobalInt
 .text.USB_SetCurrentMode
                0x700071e0       0x5c ./Drivers/STM32H7RSxx_HAL_Driver/stm32h7rsxx_ll_usb.o
                0x700071e0                USB_SetCurrentMode
 .text.USB_FlushTxFifo
                0x7000723c       0x46 ./Drivers/STM32H7RSxx_HAL_Driver/stm32h7rsxx_ll_usb.o
                0x7000723c                USB_FlushTxFifo
 .text.USB_FlushRxFifo
                0x70007282       0x42 ./Drivers/STM32H7RSxx_HAL_Driver/stm32h7rsxx_ll_usb.o
                0x70007282                USB_FlushRxFifo
 .text.USB_SetDevSpeed
                0x700072c4        0xe ./Drivers/STM32H7RSxx_HAL_Driver/stm32h7rsxx_ll_usb.o
                0x700072c4                USB_SetDevSpeed
 *fill*         0x700072d2        0x2 
 .text.USB_DevInit
                0x700072d4      0x1b8 ./Drivers/STM32H7RSxx_HAL_Driver/stm32h7rsxx_ll_usb.o
                0x700072d4                USB_DevInit
 .text.USB_GetDevSpeed
                0x7000748c       0x16 ./Drivers/STM32H7RSxx_HAL_Driver/stm32h7rsxx_ll_usb.o
                0x7000748c                USB_GetDevSpeed
 .text.USB_ActivateEndpoint
                0x700074a2       0x7e ./Drivers/STM32H7RSxx_HAL_Driver/stm32h7rsxx_ll_usb.o
                0x700074a2                USB_ActivateEndpoint
 .text.USB_DeactivateEndpoint
                0x70007520       0xac ./Drivers/STM32H7RSxx_HAL_Driver/stm32h7rsxx_ll_usb.o
                0x70007520                USB_DeactivateEndpoint
 .text.USB_EPStopXfer
                0x700075cc       0xf0 ./Drivers/STM32H7RSxx_HAL_Driver/stm32h7rsxx_ll_usb.o
                0x700075cc                USB_EPStopXfer
 .text.USB_EPSetStall
                0x700076bc       0x56 ./Drivers/STM32H7RSxx_HAL_Driver/stm32h7rsxx_ll_usb.o
                0x700076bc                USB_EPSetStall
 .text.USB_EPClearStall
                0x70007712       0x52 ./Drivers/STM32H7RSxx_HAL_Driver/stm32h7rsxx_ll_usb.o
                0x70007712                USB_EPClearStall
 .text.USB_WritePacket
                0x70007764       0x26 ./Drivers/STM32H7RSxx_HAL_Driver/stm32h7rsxx_ll_usb.o
                0x70007764                USB_WritePacket
 *fill*         0x7000778a        0x2 
 .text.USB_EPStartXfer
                0x7000778c      0x1e0 ./Drivers/STM32H7RSxx_HAL_Driver/stm32h7rsxx_ll_usb.o
                0x7000778c                USB_EPStartXfer
 .text.USB_ReadPacket
                0x7000796c       0x42 ./Drivers/STM32H7RSxx_HAL_Driver/stm32h7rsxx_ll_usb.o
                0x7000796c                USB_ReadPacket
 .text.USB_SetDevAddress
                0x700079ae       0x20 ./Drivers/STM32H7RSxx_HAL_Driver/stm32h7rsxx_ll_usb.o
                0x700079ae                USB_SetDevAddress
 .text.USB_DevConnect
                0x700079ce       0x1c ./Drivers/STM32H7RSxx_HAL_Driver/stm32h7rsxx_ll_usb.o
                0x700079ce                USB_DevConnect
 .text.USB_DevDisconnect
                0x700079ea       0x1c ./Drivers/STM32H7RSxx_HAL_Driver/stm32h7rsxx_ll_usb.o
                0x700079ea                USB_DevDisconnect
 .text.USB_ReadInterrupts
                0x70007a06        0x8 ./Drivers/STM32H7RSxx_HAL_Driver/stm32h7rsxx_ll_usb.o
                0x70007a06                USB_ReadInterrupts
 .text.USB_ReadDevAllOutEpInterrupt
                0x70007a0e       0x10 ./Drivers/STM32H7RSxx_HAL_Driver/stm32h7rsxx_ll_usb.o
                0x70007a0e                USB_ReadDevAllOutEpInterrupt
 .text.USB_ReadDevAllInEpInterrupt
                0x70007a1e       0x10 ./Drivers/STM32H7RSxx_HAL_Driver/stm32h7rsxx_ll_usb.o
                0x70007a1e                USB_ReadDevAllInEpInterrupt
 .text.USB_ReadDevOutEPInterrupt
                0x70007a2e       0x12 ./Drivers/STM32H7RSxx_HAL_Driver/stm32h7rsxx_ll_usb.o
                0x70007a2e                USB_ReadDevOutEPInterrupt
 .text.USB_ReadDevInEPInterrupt
                0x70007a40       0x22 ./Drivers/STM32H7RSxx_HAL_Driver/stm32h7rsxx_ll_usb.o
                0x70007a40                USB_ReadDevInEPInterrupt
 .text.USB_GetMode
                0x70007a62        0x8 ./Drivers/STM32H7RSxx_HAL_Driver/stm32h7rsxx_ll_usb.o
                0x70007a62                USB_GetMode
 .text.USB_ActivateSetup
                0x70007a6a       0x1c ./Drivers/STM32H7RSxx_HAL_Driver/stm32h7rsxx_ll_usb.o
                0x70007a6a                USB_ActivateSetup
 *fill*         0x70007a86        0x2 
 .text.USB_EP0_OutStart
                0x70007a88       0x4c ./Drivers/STM32H7RSxx_HAL_Driver/stm32h7rsxx_ll_usb.o
                0x70007a88                USB_EP0_OutStart
 .text.CAD_Check_HW_SNK
                0x70007ad4       0x78 ./Middlewares/STM32_USBPD_Library/usbpd_cad_hw_if.o
 .text.CAD_StateMachine_SNK
                0x70007b4c      0x188 ./Middlewares/STM32_USBPD_Library/usbpd_cad_hw_if.o
 .text.CAD_HW_IF_VBUSDetectCallback
                0x70007cd4       0x54 ./Middlewares/STM32_USBPD_Library/usbpd_cad_hw_if.o
                0x70007cd4                CAD_HW_IF_VBUSDetectCallback
 .text.LL_GPIO_SetPinPull.constprop.0
                0x70007d28       0x20 ./Middlewares/STM32_USBPD_Library/usbpd_cad_hw_if.o
 .text.LL_GPIO_SetPinMode.constprop.0
                0x70007d48       0x30 ./Middlewares/STM32_USBPD_Library/usbpd_cad_hw_if.o
 .text.CAD_Init
                0x70007d78       0xdc ./Middlewares/STM32_USBPD_Library/usbpd_cad_hw_if.o
                0x70007d78                CAD_Init
 .text.CAD_Enter_ErrorRecovery
                0x70007e54       0x30 ./Middlewares/STM32_USBPD_Library/usbpd_cad_hw_if.o
                0x70007e54                CAD_Enter_ErrorRecovery
 .text.CAD_StateMachine
                0x70007e84       0x5c ./Middlewares/STM32_USBPD_Library/usbpd_cad_hw_if.o
                0x70007e84                CAD_StateMachine
 .text.USBPD_HW_GetUSPDInstance
                0x70007ee0        0x8 ./Middlewares/STM32_USBPD_Library/usbpd_hw.o
                0x70007ee0                USBPD_HW_GetUSPDInstance
 .text.PORTx_IRQHandler
                0x70007ee8      0x1a0 ./Middlewares/STM32_USBPD_Library/usbpd_hw_if_it.o
                0x70007ee8                PORTx_IRQHandler
 .text.USBPD_PORT0_IRQHandler
                0x70008088        0x6 ./Middlewares/STM32_USBPD_Library/usbpd_hw_if_it.o
                0x70008088                USBPD_PORT0_IRQHandler
 *fill*         0x7000808e        0x2 
 .text.USBPDM1_AssertRp
                0x70008090      0x128 ./Middlewares/STM32_USBPD_Library/usbpd_phy_hw_if.o
                0x70008090                USBPDM1_AssertRp
 .text.USBPDM1_DeAssertRp
                0x700081b8        0x2 ./Middlewares/STM32_USBPD_Library/usbpd_phy_hw_if.o
                0x700081b8                USBPDM1_DeAssertRp
 *fill*         0x700081ba        0x2 
 .text.USBPDM1_AssertRd
                0x700081bc       0x7c ./Middlewares/STM32_USBPD_Library/usbpd_phy_hw_if.o
                0x700081bc                USBPDM1_AssertRd
 .text.USBPDM1_DeAssertRd
                0x70008238        0x2 ./Middlewares/STM32_USBPD_Library/usbpd_phy_hw_if.o
                0x70008238                USBPDM1_DeAssertRd
 *fill*         0x7000823a        0x2 
 .text.USBPDM1_EnterErrorRecovery
                0x7000823c       0x28 ./Middlewares/STM32_USBPD_Library/usbpd_phy_hw_if.o
                0x7000823c                USBPDM1_EnterErrorRecovery
 .text.HW_SignalAttachement
                0x70008264       0x10 ./Middlewares/STM32_USBPD_Library/usbpd_phy_hw_if.o
                0x70008264                HW_SignalAttachement
 .text.HW_SignalDetachment
                0x70008274       0x14 ./Middlewares/STM32_USBPD_Library/usbpd_phy_hw_if.o
                0x70008274                HW_SignalDetachment
 .text.HW_IF_PWR_GetVoltage
                0x70008288       0x12 ./Middlewares/STM32_USBPD_Library/usbpd_pwr_hw_if.o
                0x70008288                HW_IF_PWR_GetVoltage
 .text.USBPD_TRACE_Add
                0x7000829a        0x2 ./Middlewares/STM32_USBPD_Library/usbpd_trace.o
                0x7000829a                USBPD_TRACE_Add
 .text.USBD_Init
                0x7000829c       0x26 ./Middlewares/STM32_USB_Device_Library/usbd_core.o
                0x7000829c                USBD_Init
 .text.USBD_RegisterClass
                0x700082c2       0x32 ./Middlewares/STM32_USB_Device_Library/usbd_core.o
                0x700082c2                USBD_RegisterClass
 .text.USBD_Start
                0x700082f4        0x4 ./Middlewares/STM32_USB_Device_Library/usbd_core.o
                0x700082f4                USBD_Start
 .text.USBD_Stop
                0x700082f8       0x1a ./Middlewares/STM32_USB_Device_Library/usbd_core.o
                0x700082f8                USBD_Stop
 .text.USBD_SetClassConfig
                0x70008312        0xe ./Middlewares/STM32_USB_Device_Library/usbd_core.o
                0x70008312                USBD_SetClassConfig
 .text.USBD_ClrClassConfig
                0x70008320       0x12 ./Middlewares/STM32_USB_Device_Library/usbd_core.o
                0x70008320                USBD_ClrClassConfig
 .text.USBD_LL_SetupStage
                0x70008332       0x60 ./Middlewares/STM32_USB_Device_Library/usbd_core.o
                0x70008332                USBD_LL_SetupStage
 .text.USBD_LL_DataOutStage
                0x70008392       0x74 ./Middlewares/STM32_USB_Device_Library/usbd_core.o
                0x70008392                USBD_LL_DataOutStage
 .text.USBD_LL_DataInStage
                0x70008406       0xa8 ./Middlewares/STM32_USB_Device_Library/usbd_core.o
                0x70008406                USBD_LL_DataInStage
 .text.USBD_LL_Reset
                0x700084ae       0x60 ./Middlewares/STM32_USB_Device_Library/usbd_core.o
                0x700084ae                USBD_LL_Reset
 .text.USBD_LL_SetSpeed
                0x7000850e        0x6 ./Middlewares/STM32_USB_Device_Library/usbd_core.o
                0x7000850e                USBD_LL_SetSpeed
 .text.USBD_LL_Suspend
                0x70008514       0x1c ./Middlewares/STM32_USB_Device_Library/usbd_core.o
                0x70008514                USBD_LL_Suspend
 .text.USBD_LL_Resume
                0x70008530       0x16 ./Middlewares/STM32_USB_Device_Library/usbd_core.o
                0x70008530                USBD_LL_Resume
 .text.USBD_LL_SOF
                0x70008546       0x1a ./Middlewares/STM32_USB_Device_Library/usbd_core.o
                0x70008546                USBD_LL_SOF
 .text.USBD_LL_IsoINIncomplete
                0x70008560       0x26 ./Middlewares/STM32_USB_Device_Library/usbd_core.o
                0x70008560                USBD_LL_IsoINIncomplete
 .text.USBD_LL_IsoOUTIncomplete
                0x70008586       0x26 ./Middlewares/STM32_USB_Device_Library/usbd_core.o
                0x70008586                USBD_LL_IsoOUTIncomplete
 .text.USBD_LL_DevConnected
                0x700085ac        0x4 ./Middlewares/STM32_USB_Device_Library/usbd_core.o
                0x700085ac                USBD_LL_DevConnected
 .text.USBD_LL_DevDisconnected
                0x700085b0       0x20 ./Middlewares/STM32_USB_Device_Library/usbd_core.o
                0x700085b0                USBD_LL_DevDisconnected
 .text.USBD_CoreFindIF
                0x700085d0        0x4 ./Middlewares/STM32_USB_Device_Library/usbd_core.o
                0x700085d0                USBD_CoreFindIF
 .text.USBD_CoreFindEP
                0x700085d4        0x4 ./Middlewares/STM32_USB_Device_Library/usbd_core.o
                0x700085d4                USBD_CoreFindEP
 .text.USBD_GetEpDesc
                0x700085d8       0x24 ./Middlewares/STM32_USB_Device_Library/usbd_core.o
                0x700085d8                USBD_GetEpDesc
 .text.USBD_CtlError.constprop.0
                0x700085fc       0x16 ./Middlewares/STM32_USB_Device_Library/usbd_ctlreq.o
 *fill*         0x70008612        0x2 
 .text.USBD_StdDevReq
                0x70008614      0x2c8 ./Middlewares/STM32_USB_Device_Library/usbd_ctlreq.o
                0x70008614                USBD_StdDevReq
 .text.USBD_StdItfReq
                0x700088dc       0x5e ./Middlewares/STM32_USB_Device_Library/usbd_ctlreq.o
                0x700088dc                USBD_StdItfReq
 .text.USBD_StdEPReq
                0x7000893a      0x14a ./Middlewares/STM32_USB_Device_Library/usbd_ctlreq.o
                0x7000893a                USBD_StdEPReq
 .text.USBD_ParseSetupRequest
                0x70008a84       0x16 ./Middlewares/STM32_USB_Device_Library/usbd_ctlreq.o
                0x70008a84                USBD_ParseSetupRequest
 .text.USBD_CtlError
                0x70008a9a       0x16 ./Middlewares/STM32_USB_Device_Library/usbd_ctlreq.o
                0x70008a9a                USBD_CtlError
 .text.USBD_GetString
                0x70008ab0       0x40 ./Middlewares/STM32_USB_Device_Library/usbd_ctlreq.o
                0x70008ab0                USBD_GetString
 .text.USBD_CtlSendData
                0x70008af0       0x1c ./Middlewares/STM32_USB_Device_Library/usbd_ioreq.o
                0x70008af0                USBD_CtlSendData
 .text.USBD_CtlContinueSendData
                0x70008b0c       0x10 ./Middlewares/STM32_USB_Device_Library/usbd_ioreq.o
                0x70008b0c                USBD_CtlContinueSendData
 .text.USBD_CtlContinueRx
                0x70008b1c       0x10 ./Middlewares/STM32_USB_Device_Library/usbd_ioreq.o
                0x70008b1c                USBD_CtlContinueRx
 .text.USBD_CtlSendStatus
                0x70008b2c       0x16 ./Middlewares/STM32_USB_Device_Library/usbd_ioreq.o
                0x70008b2c                USBD_CtlSendStatus
 .text.USBD_CtlReceiveStatus
                0x70008b42       0x16 ./Middlewares/STM32_USB_Device_Library/usbd_ioreq.o
                0x70008b42                USBD_CtlReceiveStatus
 .text.USBD_MSC_GetDeviceQualifierDescriptor
                0x70008b58        0xc ./Middlewares/STM32_USB_Device_Library/usbd_msc.o
                0x70008b58                USBD_MSC_GetDeviceQualifierDescriptor
 .text.USBD_MSC_Init
                0x70008b64       0x98 ./Middlewares/STM32_USB_Device_Library/usbd_msc.o
                0x70008b64                USBD_MSC_Init
 .text.USBD_MSC_Setup
                0x70008bfc      0x10c ./Middlewares/STM32_USB_Device_Library/usbd_msc.o
                0x70008bfc                USBD_MSC_Setup
 .text.USBD_MSC_DataIn
                0x70008d08        0xa ./Middlewares/STM32_USB_Device_Library/usbd_msc.o
                0x70008d08                USBD_MSC_DataIn
 .text.USBD_MSC_DataOut
                0x70008d12        0xa ./Middlewares/STM32_USB_Device_Library/usbd_msc.o
                0x70008d12                USBD_MSC_DataOut
 .text.USBD_MSC_GetHSCfgDesc
                0x70008d1c       0x38 ./Middlewares/STM32_USB_Device_Library/usbd_msc.o
                0x70008d1c                USBD_MSC_GetHSCfgDesc
 .text.USBD_MSC_GetFSCfgDesc
                0x70008d54       0x38 ./Middlewares/STM32_USB_Device_Library/usbd_msc.o
                0x70008d54                USBD_MSC_GetFSCfgDesc
 .text.USBD_MSC_GetOtherSpeedCfgDesc
                0x70008d8c        0x4 ./Middlewares/STM32_USB_Device_Library/usbd_msc.o
                0x70008d8c                USBD_MSC_GetOtherSpeedCfgDesc
 .text.USBD_MSC_DeInit
                0x70008d90       0x70 ./Middlewares/STM32_USB_Device_Library/usbd_msc.o
                0x70008d90                USBD_MSC_DeInit
 .text.USBD_MSC_RegisterStorage
                0x70008e00       0x16 ./Middlewares/STM32_USB_Device_Library/usbd_msc.o
                0x70008e00                USBD_MSC_RegisterStorage
 *fill*         0x70008e16        0x2 
 .text.MSC_BOT_Abort
                0x70008e18       0x58 ./Middlewares/STM32_USB_Device_Library/usbd_msc_bot.o
 .text.MSC_BOT_Init
                0x70008e70       0x58 ./Middlewares/STM32_USB_Device_Library/usbd_msc_bot.o
                0x70008e70                MSC_BOT_Init
 .text.MSC_BOT_Reset
                0x70008ec8       0x44 ./Middlewares/STM32_USB_Device_Library/usbd_msc_bot.o
                0x70008ec8                MSC_BOT_Reset
 .text.MSC_BOT_DeInit
                0x70008f0c       0x12 ./Middlewares/STM32_USB_Device_Library/usbd_msc_bot.o
                0x70008f0c                MSC_BOT_DeInit
 *fill*         0x70008f1e        0x2 
 .text.MSC_BOT_SendCSW
                0x70008f20       0x50 ./Middlewares/STM32_USB_Device_Library/usbd_msc_bot.o
                0x70008f20                MSC_BOT_SendCSW
 .text.MSC_BOT_DataIn
                0x70008f70       0x3e ./Middlewares/STM32_USB_Device_Library/usbd_msc_bot.o
                0x70008f70                MSC_BOT_DataIn
 *fill*         0x70008fae        0x2 
 .text.MSC_BOT_DataOut
                0x70008fb0       0xf8 ./Middlewares/STM32_USB_Device_Library/usbd_msc_bot.o
                0x70008fb0                MSC_BOT_DataOut
 .text.MSC_BOT_CplClrFeature
                0x700090a8       0x48 ./Middlewares/STM32_USB_Device_Library/usbd_msc_bot.o
                0x700090a8                MSC_BOT_CplClrFeature
 .text.SCSI_SenseCode.constprop.0
                0x700090f0       0x36 ./Middlewares/STM32_USB_Device_Library/usbd_msc_scsi.o
 *fill*         0x70009126        0x2 
 .text.SCSI_ProcessWrite
                0x70009128       0xb0 ./Middlewares/STM32_USB_Device_Library/usbd_msc_scsi.o
 .text.SCSI_ProcessRead
                0x700091d8       0xa4 ./Middlewares/STM32_USB_Device_Library/usbd_msc_scsi.o
 .text.SCSI_CheckAddressRange
                0x7000927c       0x2e ./Middlewares/STM32_USB_Device_Library/usbd_msc_scsi.o
 .text.SCSI_UpdateBotData.isra.0
                0x700092aa       0x16 ./Middlewares/STM32_USB_Device_Library/usbd_msc_scsi.o
 .text.SCSI_ProcessCmd
                0x700092c0      0x5cc ./Middlewares/STM32_USB_Device_Library/usbd_msc_scsi.o
                0x700092c0                SCSI_ProcessCmd
 .text.SCSI_SenseCode
                0x7000988c       0x36 ./Middlewares/STM32_USB_Device_Library/usbd_msc_scsi.o
                0x7000988c                SCSI_SenseCode
 *fill*         0x700098c2        0x2 
 .text.malloc   0x700098c4       0x10 /home/user/.local/opt/xpack-arm-none-eabi-gcc-14.2.1-1.1/bin/../lib/gcc/arm-none-eabi/14.2.1/../../../../arm-none-eabi/lib/thumb/v7e-m+dp/hard/libc_nano.a(libc_a-malloc.o)
                0x700098c4                malloc
 .text.sbrk_aligned
                0x700098d4       0x44 /home/user/.local/opt/xpack-arm-none-eabi-gcc-14.2.1-1.1/bin/../lib/gcc/arm-none-eabi/14.2.1/../../../../arm-none-eabi/lib/thumb/v7e-m+dp/hard/libc_nano.a(libc_a-mallocr.o)
 .text._malloc_r
                0x70009918      0x100 /home/user/.local/opt/xpack-arm-none-eabi-gcc-14.2.1-1.1/bin/../lib/gcc/arm-none-eabi/14.2.1/../../../../arm-none-eabi/lib/thumb/v7e-m+dp/hard/libc_nano.a(libc_a-mallocr.o)
                0x70009918                _malloc_r
 .text.__malloc_lock
                0x70009a18        0xc /home/user/.local/opt/xpack-arm-none-eabi-gcc-14.2.1-1.1/bin/../lib/gcc/arm-none-eabi/14.2.1/../../../../arm-none-eabi/lib/thumb/v7e-m+dp/hard/libc_nano.a(libc_a-mlock.o)
                0x70009a18                __malloc_lock
 .text.__malloc_unlock
                0x70009a24        0xc /home/user/.local/opt/xpack-arm-none-eabi-gcc-14.2.1-1.1/bin/../lib/gcc/arm-none-eabi/14.2.1/../../../../arm-none-eabi/lib/thumb/v7e-m+dp/hard/libc_nano.a(libc_a-mlock.o)
                0x70009a24                __malloc_unlock
 .text.memset   0x70009a30       0x10 /home/user/.local/opt/xpack-arm-none-eabi-gcc-14.2.1-1.1/bin/../lib/gcc/arm-none-eabi/14.2.1/../../../../arm-none-eabi/lib/thumb/v7e-m+dp/hard/libc_nano.a(libc_a-memset.o)
                0x70009a30                memset
 .text._sbrk_r  0x70009a40       0x20 /home/user/.local/opt/xpack-arm-none-eabi-gcc-14.2.1-1.1/bin/../lib/gcc/arm-none-eabi/14.2.1/../../../../arm-none-eabi/lib/thumb/v7e-m+dp/hard/libc_nano.a(libc_a-sbrkr.o)
                0x70009a40                _sbrk_r
 .text.__errno  0x70009a60        0xc /home/user/.local/opt/xpack-arm-none-eabi-gcc-14.2.1-1.1/bin/../lib/gcc/arm-none-eabi/14.2.1/../../../../arm-none-eabi/lib/thumb/v7e-m+dp/hard/libc_nano.a(libc_a-errno.o)
                0x70009a60                __errno
 .text.__libc_init_array
                0x70009a6c       0x48 /home/user/.local/opt/xpack-arm-none-eabi-gcc-14.2.1-1.1/bin/../lib/gcc/arm-none-eabi/14.2.1/../../../../arm-none-eabi/lib/thumb/v7e-m+dp/hard/libc_nano.a(libc_a-init.o)
                0x70009a6c                __libc_init_array
 .text.__retarget_lock_acquire_recursive
                0x70009ab4        0x2 /home/user/.local/opt/xpack-arm-none-eabi-gcc-14.2.1-1.1/bin/../lib/gcc/arm-none-eabi/14.2.1/../../../../arm-none-eabi/lib/thumb/v7e-m+dp/hard/libc_nano.a(libc_a-lock.o)
                0x70009ab4                __retarget_lock_acquire_recursive
 .text.__retarget_lock_release_recursive
                0x70009ab6        0x2 /home/user/.local/opt/xpack-arm-none-eabi-gcc-14.2.1-1.1/bin/../lib/gcc/arm-none-eabi/14.2.1/../../../../arm-none-eabi/lib/thumb/v7e-m+dp/hard/libc_nano.a(libc_a-lock.o)
                0x70009ab6                __retarget_lock_release_recursive
 .text.__aeabi_memclr
                0x70009ab8        0x6 /home/user/.local/opt/xpack-arm-none-eabi-gcc-14.2.1-1.1/bin/../lib/gcc/arm-none-eabi/14.2.1/../../../../arm-none-eabi/lib/thumb/v7e-m+dp/hard/libc_nano.a(libc_a-aeabi_memclr.o)
                0x70009ab8                __aeabi_memclr8
                0x70009ab8                __aeabi_memclr
                0x70009ab8                __aeabi_memclr4
 *(.glue_7)
 .glue_7        0x70009abe        0x0 linker stubs
 *(.glue_7t)
 .glue_7t       0x70009abe        0x0 linker stubs
 *(.eh_frame)
 *fill*         0x70009abe        0x2 
 .eh_frame      0x70009ac0        0x0 /home/user/.local/opt/xpack-arm-none-eabi-gcc-14.2.1-1.1/bin/../lib/gcc/arm-none-eabi/14.2.1/thumb/v7e-m+dp/hard/crtbegin.o
 *(.init)
 .init          0x70009ac0        0x4 /home/user/.local/opt/xpack-arm-none-eabi-gcc-14.2.1-1.1/bin/../lib/gcc/arm-none-eabi/14.2.1/thumb/v7e-m+dp/hard/crti.o
                0x70009ac0                _init
 .init          0x70009ac4        0x8 /home/user/.local/opt/xpack-arm-none-eabi-gcc-14.2.1-1.1/bin/../lib/gcc/arm-none-eabi/14.2.1/thumb/v7e-m+dp/hard/crtn.o
 *(.fini)
 .fini          0x70009acc        0x4 /home/user/.local/opt/xpack-arm-none-eabi-gcc-14.2.1-1.1/bin/../lib/gcc/arm-none-eabi/14.2.1/thumb/v7e-m+dp/hard/crti.o
                0x70009acc                _fini
 .fini          0x70009ad0        0x8 /home/user/.local/opt/xpack-arm-none-eabi-gcc-14.2.1-1.1/bin/../lib/gcc/arm-none-eabi/14.2.1/thumb/v7e-m+dp/hard/crtn.o
                0x70009ad8                        . = ALIGN (0x4)
                0x70009ad8                        _etext = .

.vfp11_veneer   0x70009ad8        0x0
 .vfp11_veneer  0x70009ad8        0x0 linker stubs

.v4_bx          0x70009ad8        0x0
 .v4_bx         0x70009ad8        0x0 linker stubs

.iplt           0x70009ad8        0x0
 .iplt          0x70009ad8        0x0 /home/user/.local/opt/xpack-arm-none-eabi-gcc-14.2.1-1.1/bin/../lib/gcc/arm-none-eabi/14.2.1/thumb/v7e-m+dp/hard/crtbegin.o

.rodata         0x70009ad8       0xc8
                0x70009ad8                        . = ALIGN (0x4)
 *(.rodata)
 *(.rodata*)
 .rodata.USBD_MSC_ProductStrDescriptor.str1.1
                0x70009ad8       0x5a ./Application/User/usbd_desc.o
                                 0x13 (size before relaxing)
 .rodata.USBD_MSC_ManufacturerStrDescriptor.str1.1
                0x70009b32       0x13 ./Application/User/usbd_desc.o
 .rodata.USBD_MSC_ConfigStrDescriptor.str1.1
                0x70009b32        0xb ./Application/User/usbd_desc.o
 .rodata.USBD_MSC_InterfaceStrDescriptor.str1.1
                0x70009b32        0xe ./Application/User/usbd_desc.o
 .rodata.STORAGE_Inquirydata_HS
                0x70009b32       0x24 ./Application/User/usbd_storage_if.o
                0x70009b32                STORAGE_Inquirydata_HS
 *fill*         0x70009b56        0x2 
 .rodata.CAD_cbs.0
                0x70009b58        0x8 ./Application/User/usbpd_dpm_core.o
 .rodata.USBPD_USBIF_DeviceStop.str1.1
                0x70009b60       0x12 ./Application/User/usbpd_usb_if.o
 .rodata.HAL_RCC_GetHCLKFreq.str1.1
                0x70009b60        0x9 ./Drivers/STM32H7RSxx_HAL_Driver/stm32h7rsxx_hal_rcc.o
 .rodata.LL_DMA_CH_OFFSET_TAB
                0x70009b60       0x40 ./Drivers/STM32H7RSxx_HAL_Driver/stm32h7rsxx_ll_dma.o
                0x70009ba0                        . = ALIGN (0x4)

.ARM.extab      0x70009ba0        0x0
                0x70009ba0                        . = ALIGN (0x4)
 *(.ARM.extab* .gnu.linkonce.armextab.*)
                0x70009ba0                        . = ALIGN (0x4)

.ARM            0x70009ba0        0x8
                0x70009ba0                        . = ALIGN (0x4)
                0x70009ba0                        __exidx_start = .
 *(.ARM.exidx*)
 .ARM.exidx     0x70009ba0        0x8 /home/user/.local/opt/xpack-arm-none-eabi-gcc-14.2.1-1.1/bin/../lib/gcc/arm-none-eabi/14.2.1/../../../../arm-none-eabi/lib/thumb/v7e-m+dp/hard/libc_nano.a(libc_a-strlen.o)
 .ARM.exidx     0x70009ba8        0x0 /home/user/.local/opt/xpack-arm-none-eabi-gcc-14.2.1-1.1/bin/../lib/gcc/arm-none-eabi/14.2.1/../../../../arm-none-eabi/lib/thumb/v7e-m+dp/hard/libc_nano.a(libc_a-aeabi_memset-soft.o)
                                  0x8 (size before relaxing)
                0x70009ba8                        __exidx_end = .
                0x70009ba8                        . = ALIGN (0x4)

.preinit_array  0x70009ba8        0x0
                0x70009ba8                        . = ALIGN (0x4)
                0x70009ba8                        PROVIDE (__preinit_array_start = .)
 *(.preinit_array*)
                0x70009ba8                        PROVIDE (__preinit_array_end = .)
                0x70009ba8                        . = ALIGN (0x4)

.init_array     0x70009ba8        0x4
                0x70009ba8                        . = ALIGN (0x4)
                0x70009ba8                        PROVIDE (__init_array_start = .)
 *(SORT_BY_NAME(.init_array.*))
 *(.init_array*)
 .init_array    0x70009ba8        0x4 /home/user/.local/opt/xpack-arm-none-eabi-gcc-14.2.1-1.1/bin/../lib/gcc/arm-none-eabi/14.2.1/thumb/v7e-m+dp/hard/crtbegin.o
                0x70009bac                        PROVIDE (__init_array_end = .)
                0x70009bac                        . = ALIGN (0x4)

.fini_array     0x70009bac        0x4
                0x70009bac                        . = ALIGN (0x4)
                0x70009bac                        PROVIDE (__fini_array_start = .)
 *(SORT_BY_NAME(.fini_array.*))
 *(.fini_array*)
 .fini_array    0x70009bac        0x4 /home/user/.local/opt/xpack-arm-none-eabi-gcc-14.2.1-1.1/bin/../lib/gcc/arm-none-eabi/14.2.1/thumb/v7e-m+dp/hard/crtbegin.o
                0x70009bb0                        PROVIDE (__fini_array_end = .)
                0x70009bb0                        . = ALIGN (0x4)
                0x70009bb0                        _sidata = LOADADDR (.data)

.rel.dyn        0x70009bb0        0x0
 .rel.iplt      0x70009bb0        0x0 /home/user/.local/opt/xpack-arm-none-eabi-gcc-14.2.1-1.1/bin/../lib/gcc/arm-none-eabi/14.2.1/thumb/v7e-m+dp/hard/crtbegin.o

.data           0x24000000      0x1dc load address 0x70009bb0
                0x24000000                        . = ALIGN (0x4)
                0x24000000                        _sdata = .
 *(.data)
 .data          0x24000000        0x4 ../../../../../../../../Middlewares/ST/STM32_USBPD_Library/Core/lib/USBPDCORE_NOPD_CM7_wc32.a(usbpd_pe_lib.o)
                0x24000000                USBPD_Trace
 *(.data*)
 .data.USBD_StringSerial