/home/user/python_projects/EmbeddedX/projects/soot_detector/vendor_src/STM32CubeH7RS/Projects/STM32H7S78-DK/Applications/USB_Device/MSC_Standalone/Appli/Src/usbpd_pwr_user.c:114:16:BSP_USBPD_PWR_Init	0	static
/home/user/python_projects/EmbeddedX/projects/soot_detector/vendor_src/STM32CubeH7RS/Projects/STM32H7S78-DK/Applications/USB_Device/MSC_Standalone/Appli/Src/usbpd_pwr_user.c:135:16:BSP_USBPD_PWR_Deinit	0	static
/home/user/python_projects/EmbeddedX/projects/soot_detector/vendor_src/STM32CubeH7RS/Projects/STM32H7S78-DK/Applications/USB_Device/MSC_Standalone/Appli/Src/usbpd_pwr_user.c:165:16:BSP_USBPD_PWR_SetRole	0	static
/home/user/python_projects/EmbeddedX/projects/soot_detector/vendor_src/STM32CubeH7RS/Projects/STM32H7S78-DK/Applications/USB_Device/MSC_Standalone/Appli/Src/usbpd_pwr_user.c:197:16:BSP_USBPD_PWR_SetPowerMode	0	static
/home/user/python_projects/EmbeddedX/projects/soot_detector/vendor_src/STM32CubeH7RS/Projects/STM32H7S78-DK/Applications/USB_Device/MSC_Standalone/Appli/Src/usbpd_pwr_user.c:229:16:BSP_USBPD_PWR_GetPowerMode	0	static
/home/user/python_projects/EmbeddedX/projects/soot_detector/vendor_src/STM32CubeH7RS/Projects/STM32H7S78-DK/Applications/USB_Device/MSC_Standalone/Appli/Src/usbpd_pwr_user.c:255:16:BSP_USBPD_PWR_VBUSInit	0	static
/home/user/python_projects/EmbeddedX/projects/soot_detector/vendor_src/STM32CubeH7RS/Projects/STM32H7S78-DK/Applications/USB_Device/MSC_Standalone/Appli/Src/usbpd_pwr_user.c:282:16:BSP_USBPD_PWR_VBUSDeInit	0	static
/home/user/python_projects/EmbeddedX/projects/soot_detector/vendor_src/STM32CubeH7RS/Projects/STM32H7S78-DK/Applications/USB_Device/MSC_Standalone/Appli/Src/usbpd_pwr_user.c:303:16:BSP_USBPD_PWR_VBUSOn	0	static
/home/user/python_projects/EmbeddedX/projects/soot_detector/vendor_src/STM32CubeH7RS/Projects/STM32H7S78-DK/Applications/USB_Device/MSC_Standalone/Appli/Src/usbpd_pwr_user.c:329:16:BSP_USBPD_PWR_VBUSOff	0	static
/home/user/python_projects/EmbeddedX/projects/soot_detector/vendor_src/STM32CubeH7RS/Projects/STM32H7S78-DK/Applications/USB_Device/MSC_Standalone/Appli/Src/usbpd_pwr_user.c:358:16:BSP_USBPD_PWR_VBUSSetVoltage_Fixed	0	static
/home/user/python_projects/EmbeddedX/projects/soot_detector/vendor_src/STM32CubeH7RS/Projects/STM32H7S78-DK/Applications/USB_Device/MSC_Standalone/Appli/Src/usbpd_pwr_user.c:386:16:BSP_USBPD_PWR_VBUSSetVoltage_Variable	0	static
/home/user/python_projects/EmbeddedX/projects/soot_detector/vendor_src/STM32CubeH7RS/Projects/STM32H7S78-DK/Applications/USB_Device/MSC_Standalone/Appli/Src/usbpd_pwr_user.c:415:16:BSP_USBPD_PWR_VBUSSetVoltage_Battery	0	static
/home/user/python_projects/EmbeddedX/projects/soot_detector/vendor_src/STM32CubeH7RS/Projects/STM32H7S78-DK/Applications/USB_Device/MSC_Standalone/Appli/Src/usbpd_pwr_user.c:443:16:BSP_USBPD_PWR_VBUSSetVoltage_APDO	0	static
/home/user/python_projects/EmbeddedX/projects/soot_detector/vendor_src/STM32CubeH7RS/Projects/STM32H7S78-DK/Applications/USB_Device/MSC_Standalone/Appli/Src/usbpd_pwr_user.c:468:16:BSP_USBPD_PWR_VBUSGetVoltage	0	static
/home/user/python_projects/EmbeddedX/projects/soot_detector/vendor_src/STM32CubeH7RS/Projects/STM32H7S78-DK/Applications/USB_Device/MSC_Standalone/Appli/Src/usbpd_pwr_user.c:498:16:BSP_USBPD_PWR_VBUSGetCurrent	0	static
/home/user/python_projects/EmbeddedX/projects/soot_detector/vendor_src/STM32CubeH7RS/Projects/STM32H7S78-DK/Applications/USB_Device/MSC_Standalone/Appli/Src/usbpd_pwr_user.c:528:16:BSP_USBPD_PWR_VCONNInit	0	static
/home/user/python_projects/EmbeddedX/projects/soot_detector/vendor_src/STM32CubeH7RS/Projects/STM32H7S78-DK/Applications/USB_Device/MSC_Standalone/Appli/Src/usbpd_pwr_user.c:554:16:BSP_USBPD_PWR_VCONNDeInit	0	static
/home/user/python_projects/EmbeddedX/projects/soot_detector/vendor_src/STM32CubeH7RS/Projects/STM32H7S78-DK/Applications/USB_Device/MSC_Standalone/Appli/Src/usbpd_pwr_user.c:580:16:BSP_USBPD_PWR_VCONNOn	0	static
/home/user/python_projects/EmbeddedX/projects/soot_detector/vendor_src/STM32CubeH7RS/Projects/STM32H7S78-DK/Applications/USB_Device/MSC_Standalone/Appli/Src/usbpd_pwr_user.c:606:16:BSP_USBPD_PWR_VCONNOff	0	static
/home/user/python_projects/EmbeddedX/projects/soot_detector/vendor_src/STM32CubeH7RS/Projects/STM32H7S78-DK/Applications/USB_Device/MSC_Standalone/Appli/Src/usbpd_pwr_user.c:633:16:BSP_USBPD_PWR_VCONNIsOn	0	static
/home/user/python_projects/EmbeddedX/projects/soot_detector/vendor_src/STM32CubeH7RS/Projects/STM32H7S78-DK/Applications/USB_Device/MSC_Standalone/Appli/Src/usbpd_pwr_user.c:660:16:BSP_USBPD_PWR_SetVBUSDisconnectionThreshold	0	static
/home/user/python_projects/EmbeddedX/projects/soot_detector/vendor_src/STM32CubeH7RS/Projects/STM32H7S78-DK/Applications/USB_Device/MSC_Standalone/Appli/Src/usbpd_pwr_user.c:687:16:BSP_USBPD_PWR_RegisterVBUSDetectCallback	0	static
/home/user/python_projects/EmbeddedX/projects/soot_detector/vendor_src/STM32CubeH7RS/Projects/STM32H7S78-DK/Applications/USB_Device/MSC_Standalone/Appli/Src/usbpd_pwr_user.c:710:16:BSP_USBPD_PWR_VBUSIsOn	0	static
/home/user/python_projects/EmbeddedX/projects/soot_detector/vendor_src/STM32CubeH7RS/Projects/STM32H7S78-DK/Applications/USB_Device/MSC_Standalone/Appli/Src/usbpd_pwr_user.c:739:16:BSP_USBPD_PWR_VCCSetState	0	static
/home/user/python_projects/EmbeddedX/projects/soot_detector/vendor_src/STM32CubeH7RS/Projects/STM32H7S78-DK/Applications/USB_Device/MSC_Standalone/Appli/Src/usbpd_pwr_user.c:767:13:BSP_USBPD_PWR_EventCallback	0	static
