Archive member included to satisfy reference by file (symbol)

/opt/st/stm32cubeide_2.1.0/plugins/com.st.stm32cube.ide.mcu.externaltools.gnu-tools-for-stm32.14.3.rel1.linux64_1.0.100.202602081740/tools/bin/../lib/gcc/arm-none-eabi/14.3.1/../../../../arm-none-eabi/lib/thumb/v7e-m+dp/hard/libc_nano.a(libc_a-exit.o)
                              /opt/st/stm32cubeide_2.1.0/plugins/com.st.stm32cube.ide.mcu.externaltools.gnu-tools-for-stm32.14.3.rel1.linux64_1.0.100.202602081740/tools/bin/../lib/gcc/arm-none-eabi/14.3.1/../../../../arm-none-eabi/lib/thumb/v7e-m+dp/hard/crt0.o (exit)
/opt/st/stm32cubeide_2.1.0/plugins/com.st.stm32cube.ide.mcu.externaltools.gnu-tools-for-stm32.14.3.rel1.linux64_1.0.100.202602081740/tools/bin/../lib/gcc/arm-none-eabi/14.3.1/../../../../arm-none-eabi/lib/thumb/v7e-m+dp/hard/libc_nano.a(libc_a-findfp.o)
                              /opt/st/stm32cubeide_2.1.0/plugins/com.st.stm32cube.ide.mcu.externaltools.gnu-tools-for-stm32.14.3.rel1.linux64_1.0.100.202602081740/tools/bin/../lib/gcc/arm-none-eabi/14.3.1/../../../../arm-none-eabi/lib/thumb/v7e-m+dp/hard/libc_nano.a(libc_a-exit.o) (__stdio_exit_handler)
/opt/st/stm32cubeide_2.1.0/plugins/com.st.stm32cube.ide.mcu.externaltools.gnu-tools-for-stm32.14.3.rel1.linux64_1.0.100.202602081740/tools/bin/../lib/gcc/arm-none-eabi/14.3.1/../../../../arm-none-eabi/lib/thumb/v7e-m+dp/hard/libc_nano.a(libc_a-fwalk.o)
                              /opt/st/stm32cubeide_2.1.0/plugins/com.st.stm32cube.ide.mcu.externaltools.gnu-tools-for-stm32.14.3.rel1.linux64_1.0.100.202602081740/tools/bin/../lib/gcc/arm-none-eabi/14.3.1/../../../../arm-none-eabi/lib/thumb/v7e-m+dp/hard/libc_nano.a(libc_a-findfp.o) (_fwalk_sglue)
/opt/st/stm32cubeide_2.1.0/plugins/com.st.stm32cube.ide.mcu.externaltools.gnu-tools-for-stm32.14.3.rel1.linux64_1.0.100.202602081740/tools/bin/../lib/gcc/arm-none-eabi/14.3.1/../../../../arm-none-eabi/lib/thumb/v7e-m+dp/hard/libc_nano.a(libc_a-sprintf.o)
                              ./Application/User/audio_play.o (sprintf)
/opt/st/stm32cubeide_2.1.0/plugins/com.st.stm32cube.ide.mcu.externaltools.gnu-tools-for-stm32.14.3.rel1.linux64_1.0.100.202602081740/tools/bin/../lib/gcc/arm-none-eabi/14.3.1/../../../../arm-none-eabi/lib/thumb/v7e-m+dp/hard/libc_nano.a(libc_a-stdio.o)
                              /opt/st/stm32cubeide_2.1.0/plugins/com.st.stm32cube.ide.mcu.externaltools.gnu-tools-for-stm32.14.3.rel1.linux64_1.0.100.202602081740/tools/bin/../lib/gcc/arm-none-eabi/14.3.1/../../../../arm-none-eabi/lib/thumb/v7e-m+dp/hard/libc_nano.a(libc_a-findfp.o) (__sread)
/opt/st/stm32cubeide_2.1.0/plugins/com.st.stm32cube.ide.mcu.externaltools.gnu-tools-for-stm32.14.3.rel1.linux64_1.0.100.202602081740/tools/bin/../lib/gcc/arm-none-eabi/14.3.1/../../../../arm-none-eabi/lib/thumb/v7e-m+dp/hard/libc_nano.a(libc_a-memset.o)
                              /opt/st/stm32cubeide_2.1.0/plugins/com.st.stm32cube.ide.mcu.externaltools.gnu-tools-for-stm32.14.3.rel1.linux64_1.0.100.202602081740/tools/bin/../lib/gcc/arm-none-eabi/14.3.1/../../../../arm-none-eabi/lib/thumb/v7e-m+dp/hard/crt0.o (memset)
/opt/st/stm32cubeide_2.1.0/plugins/com.st.stm32cube.ide.mcu.externaltools.gnu-tools-for-stm32.14.3.rel1.linux64_1.0.100.202602081740/tools/bin/../lib/gcc/arm-none-eabi/14.3.1/../../../../arm-none-eabi/lib/thumb/v7e-m+dp/hard/libc_nano.a(libc_a-closer.o)
                              /opt/st/stm32cubeide_2.1.0/plugins/com.st.stm32cube.ide.mcu.externaltools.gnu-tools-for-stm32.14.3.rel1.linux64_1.0.100.202602081740/tools/bin/../lib/gcc/arm-none-eabi/14.3.1/../../../../arm-none-eabi/lib/thumb/v7e-m+dp/hard/libc_nano.a(libc_a-stdio.o) (_close_r)
/opt/st/stm32cubeide_2.1.0/plugins/com.st.stm32cube.ide.mcu.externaltools.gnu-tools-for-stm32.14.3.rel1.linux64_1.0.100.202602081740/tools/bin/../lib/gcc/arm-none-eabi/14.3.1/../../../../arm-none-eabi/lib/thumb/v7e-m+dp/hard/libc_nano.a(libc_a-reent.o)
                              /opt/st/stm32cubeide_2.1.0/plugins/com.st.stm32cube.ide.mcu.externaltools.gnu-tools-for-stm32.14.3.rel1.linux64_1.0.100.202602081740/tools/bin/../lib/gcc/arm-none-eabi/14.3.1/../../../../arm-none-eabi/lib/thumb/v7e-m+dp/hard/libc_nano.a(libc_a-closer.o) (errno)
/opt/st/stm32cubeide_2.1.0/plugins/com.st.stm32cube.ide.mcu.externaltools.gnu-tools-for-stm32.14.3.rel1.linux64_1.0.100.202602081740/tools/bin/../lib/gcc/arm-none-eabi/14.3.1/../../../../arm-none-eabi/lib/thumb/v7e-m+dp/hard/libc_nano.a(libc_a-impure.o)
                              /opt/st/stm32cubeide_2.1.0/plugins/com.st.stm32cube.ide.mcu.externaltools.gnu-tools-for-stm32.14.3.rel1.linux64_1.0.100.202602081740/tools/bin/../lib/gcc/arm-none-eabi/14.3.1/../../../../arm-none-eabi/lib/thumb/v7e-m+dp/hard/libc_nano.a(libc_a-sprintf.o) (_impure_ptr)
/opt/st/stm32cubeide_2.1.0/plugins/com.st.stm32cube.ide.mcu.externaltools.gnu-tools-for-stm32.14.3.rel1.linux64_1.0.100.202602081740/tools/bin/../lib/gcc/arm-none-eabi/14.3.1/../../../../arm-none-eabi/lib/thumb/v7e-m+dp/hard/libc_nano.a(libc_a-lseekr.o)
[...]
Memory Configuration

Name             Origin             Length             Attributes
RAM              0x24000000         0x00050000         xrw
RAM_NONCACHEABLEBUFFER 0x24050000         0x00000400         xrw
ITCM             0x00000000         0x00010000         xrw
DTCM             0x20000000         0x00010000         rw
SRAMAHB          0x30000000         0x00000020         rw
BKPSRAM          0x38800000         0x00001000         rw
FLASH            0x24050000         0x00022000         xrw
*default*        0x00000000         0xffffffff

Linker script and memory map

LOAD /opt/st/stm32cubeide_2.1.0/plugins/com.st.stm32cube.ide.mcu.externaltools.gnu-tools-for-stm32.14.3.rel1.linux64_1.0.100.202602081740/tools/bin/../lib/gcc/arm-none-eabi/14.3.1/thumb/v7e-m+dp/hard/crti.o
LOAD /opt/st/stm32cubeide_2.1.0/plugins/com.st.stm32cube.ide.mcu.externaltools.gnu-tools-for-stm32.14.3.rel1.linux64_1.0.100.202602081740/tools/bin/../lib/gcc/arm-none-eabi/14.3.1/thumb/v7e-m+dp/hard/crtbegin.o
LOAD /opt/st/stm32cubeide_2.1.0/plugins/com.st.stm32cube.ide.mcu.externaltools.gnu-tools-for-stm32.14.3.rel1.linux64_1.0.100.202602081740/tools/bin/../lib/gcc/arm-none-eabi/14.3.1/../../../../arm-none-eabi/lib/thumb/v7e-m+dp/hard/crt0.o
LOAD ./Application/Startup/startup_stm32h7s7l8hxh.o
LOAD ./Application/User/audio_play.o
LOAD ./Application/User/audio_record.o
LOAD ./Application/User/lcd.o
LOAD ./Application/User/main.o
LOAD ./Application/User/sd.o
LOAD ./Application/User/stm32h7rsxx_hal_msp.o
LOAD ./Application/User/stm32h7rsxx_it.o
LOAD ./Application/User/syscalls.o
LOAD ./Application/User/sysmem.o
LOAD ./Application/User/touchscreen.o
LOAD ./Drivers/BSP/Components/aps256xx.o
LOAD ./Drivers/BSP/Components/gt911.o
LOAD ./Drivers/BSP/Components/gt911_reg.o
LOAD ./Drivers/BSP/Components/mx66uw1g45g.o
LOAD ./Drivers/BSP/Components/wm8904.o
LOAD ./Drivers/BSP/Components/wm8904_reg.o
LOAD ./Drivers/BSP/STM32H7S78-DK/stm32h7s78_discovery.o
LOAD ./Drivers/BSP/STM32H7S78-DK/stm32h7s78_discovery_audio.o
LOAD ./Drivers/BSP/STM32H7S78-DK/stm32h7s78_discovery_bus.o
LOAD ./Drivers/BSP/STM32H7S78-DK/stm32h7s78_discovery_lcd.o
LOAD ./Drivers/BSP/STM32H7S78-DK/stm32h7s78_discovery_sd.o
LOAD ./Drivers/BSP/STM32H7S78-DK/stm32h7s78_discovery_ts.o
LOAD ./Drivers/BSP/STM32H7S78-DK/stm32h7s78_discovery_xspi.o
LOAD ./Drivers/CMSIS/system_stm32h7rsxx.o
LOAD ./Drivers/STM32H7RSxx_HAL_Driver/stm32h7rsxx_hal.o
LOAD ./Drivers/STM32H7RSxx_HAL_Driver/stm32h7rsxx_hal_cortex.o
LOAD ./Drivers/STM32H7RSxx_HAL_Driver/stm32h7rsxx_hal_dma.o
LOAD ./Drivers/STM32H7RSxx_HAL_Driver/stm32h7rsxx_hal_dma2d.o
LOAD ./Drivers/STM32H7RSxx_HAL_Driver/stm32h7rsxx_hal_dma_ex.o
LOAD ./Drivers/STM32H7RSxx_HAL_Driver/stm32h7rsxx_hal_exti.o
LOAD ./Drivers/STM32H7RSxx_HAL_Driver/stm32h7rsxx_hal_flash.o
LOAD ./Drivers/STM32H7RSxx_HAL_Driver/stm32h7rsxx_hal_flash_ex.o
LOAD ./Drivers/STM32H7RSxx_HAL_Driver/stm32h7rsxx_hal_gpio.o
LOAD ./Drivers/STM32H7RSxx_HAL_Driver/stm32h7rsxx_hal_i2c.o
LOAD ./Drivers/STM32H7RSxx_HAL_Driver/stm32h7rsxx_hal_i2c_ex.o
LOAD ./Drivers/STM32H7RSxx_HAL_Driver/stm32h7rsxx_hal_i2s.o
LOAD ./Drivers/STM32H7RSxx_HAL_Driver/stm32h7rsxx_hal_i2s_ex.o
LOAD ./Drivers/STM32H7RSxx_HAL_Driver/stm32h7rsxx_hal_lptim.o
LOAD ./Drivers/STM32H7RSxx_HAL_Driver/stm32h7rsxx_hal_ltdc.o
LOAD ./Drivers/STM32H7RSxx_HAL_Driver/stm32h7rsxx_hal_mdf.o
LOAD ./Drivers/STM32H7RSxx_HAL_Driver/stm32h7rsxx_hal_pwr.o
LOAD ./Drivers/STM32H7RSxx_HAL_Driver/stm32h7rsxx_hal_pwr_ex.o
LOAD ./Drivers/STM32H7RSxx_HAL_Driver/stm32h7rsxx_hal_rcc.o
LOAD ./Drivers/STM32H7RSxx_HAL_Driver/stm32h7rsxx_hal_rcc_ex.o
LOAD ./Drivers/STM32H7RSxx_HAL_Driver/stm32h7rsxx_hal_sd.o
LOAD ./Drivers/STM32H7RSxx_HAL_Driver/stm32h7rsxx_hal_sd_ex.o
LOAD ./Drivers/STM32H7RSxx_HAL_Driver/stm32h7rsxx_hal_uart.o
LOAD ./Drivers/STM32H7RSxx_HAL_Driver/stm32h7rsxx_hal_uart_ex.o
LOAD ./Drivers/STM32H7RSxx_HAL_Driver/stm32h7rsxx_hal_xspi.o
LOAD ./Drivers/STM32H7RSxx_HAL_Driver/stm32h7rsxx_ll_sdmmc.o
LOAD ./Utilities/stm32_lcd.o
START GROUP
LOAD /opt/st/stm32cubeide_2.1.0/plugins/com.st.stm32cube.ide.mcu.externaltools.gnu-tools-for-stm32.14.3.rel1.linux64_1.0.100.202602081740/tools/bin/../lib/gcc/arm-none-eabi/14.3.1/../../../../arm-none-eabi/lib/thumb/v7e-m+dp/hard/libc_nano.a
LOAD /opt/st/stm32cubeide_2.1.0/plugins/com.st.stm32cube.ide.mcu.externaltools.gnu-tools-for-stm32.14.3.rel1.linux64_1.0.100.202602081740/tools/bin/../lib/gcc/arm-none-eabi/14.3.1/../../../../arm-none-eabi/lib/thumb/v7e-m+dp/hard/libm.a
END GROUP
START GROUP
LOAD /opt/st/stm32cubeide_2.1.0/plugins/com.st.stm32cube.ide.mcu.externaltools.gnu-tools-for-stm32.14.3.rel1.linux64_1.0.100.202602081740/tools/bin/../lib/gcc/arm-none-eabi/14.3.1/thumb/v7e-m+dp/hard/libgcc.a
LOAD /opt/st/stm32cubeide_2.1.0/plugins/com.st.stm32cube.ide.mcu.externaltools.gnu-tools-for-stm32.14.3.rel1.linux64_1.0.100.202602081740/tools/bin/../lib/gcc/arm-none-eabi/14.3.1/../../../../arm-none-eabi/lib/thumb/v7e-m+dp/hard/libc_nano.a
END GROUP
START GROUP
LOAD /opt/st/stm32cubeide_2.1.0/plugins/com.st.stm32cube.ide.mcu.externaltools.gnu-tools-for-stm32.14.3.rel1.linux64_1.0.100.202602081740/tools/bin/../lib/gcc/arm-none-eabi/14.3.1/thumb/v7e-m+dp/hard/libgcc.a
LOAD /opt/st/stm32cubeide_2.1.0/plugins/com.st.stm32cube.ide.mcu.externaltools.gnu-tools-for-stm32.14.3.rel1.linux64_1.0.100.202602081740/tools/bin/../lib/gcc/arm-none-eabi/14.3.1/../../../../arm-none-eabi/lib/thumb/v7e-m+dp/hard/libc_nano.a
LOAD /opt/st/stm32cubeide_2.1.0/plugins/com.st.stm32cube.ide.mcu.externaltools.gnu-tools-for-stm32.14.3.rel1.linux64_1.0.100.202602081740/tools/bin/../lib/gcc/arm-none-eabi/14.3.1/../../../../arm-none-eabi/lib/thumb/v7e-m+dp/hard/libnosys.a
END GROUP
START GROUP
LOAD /opt/st/stm32cubeide_2.1.0/plugins/com.st.stm32cube.ide.mcu.externaltools.gnu-tools-for-stm32.14.3.rel1.linux64_1.0.100.202602081740/tools/bin/../lib/gcc/arm-none-eabi/14.3.1/thumb/v7e-m+dp/hard/libgcc.a
LOAD /opt/st/stm32cubeide_2.1.0/plugins/com.st.stm32cube.ide.mcu.externaltools.gnu-tools-for-stm32.14.3.rel1.linux64_1.0.100.202602081740/tools/bin/../lib/gcc/arm-none-eabi/14.3.1/../../../../arm-none-eabi/lib/thumb/v7e-m+dp/hard/libc_nano.a
LOAD /opt/st/stm32cubeide_2.1.0/plugins/com.st.stm32cube.ide.mcu.externaltools.gnu-tools-for-stm32.14.3.rel1.linux64_1.0.100.202602081740/tools/bin/../lib/gcc/arm-none-eabi/14.3.1/../../../../arm-none-eabi/lib/thumb/v7e-m+dp/hard/libnosys.a
END GROUP
LOAD /opt/st/stm32cubeide_2.1.0/plugins/com.st.stm32cube.ide.mcu.externaltools.gnu-tools-for-stm32.14.3.rel1.linux64_1.0.100.202602081740/tools/bin/../lib/gcc/arm-none-eabi/14.3.1/thumb/v7e-m+dp/hard/crtend.o
LOAD /opt/st/stm32cubeide_2.1.0/plugins/com.st.stm32cube.ide.mcu.externaltools.gnu-tools-for-stm32.14.3.rel1.linux64_1.0.100.202602081740/tools/bin/../lib/gcc/arm-none-eabi/14.3.1/thumb/v7e-m+dp/hard/crtn.o
                0x24050000                        __FLASH_BEGIN = 0x24050000
                0x00022000                        __FLASH_SIZE = 0x22000
                0x24000000                        __RAM_BEGIN = 0x24000000
                0x00050000                        __RAM_SIZE = 0x50000
                0x00000400                        __RAM_NONCACHEABLEBUFFER_SIZE = 0x400
                0x20010000                        _estack = (ORIGIN (DTCM) + LENGTH (DTCM))
                0x00000200                        _Min_Heap_Size = 0x200
                0x00000400                        _Min_Stack_Size = 0x400

.isr_vector     0x24050000      0x2b0
                0x24050000                        . = ALIGN (0x4)
 *(.isr_vector)
 .isr_vector    0x24050000      0x2b0 ./Application/Startup/startup_stm32h7s7l8hxh.o
                0x24050000                g_pfnVectors
                0x240502b0                        . = ALIGN (0x4)

.text           0x240502b0     0x6724
                0x240502b0                        . = ALIGN (0x4)
 *(.text)
 .text          0x240502b0       0x40 /opt/st/stm32cubeide_2.1.0/plugins/com.st.stm32cube.ide.mcu.externaltools.gnu-tools-for-stm32.14.3.rel1.linux64_1.0.100.202602081740/tools/bin/../lib/gcc/arm-none-eabi/14.3.1/thumb/v7e-m+dp/hard/crtbegin.o
 .text          0x240502f0       0x10 /opt/st/stm32cubeide_2.1.0/plugins/com.st.stm32cube.ide.mcu.externaltools.gnu-tools-for-stm32.14.3.rel1.linux64_1.0.100.202602081740/tools/bin/../lib/gcc/arm-none-eabi/14.3.1/../../../../arm-none-eabi/lib/thumb/v7e-m+dp/hard/libc_nano.a(libc_a-strlen.o)
                0x240502f0                strlen
 *(.text*)
 .text.Reset_Handler
                0x24050300       0x50 ./Application/Startup/startup_stm32h7s7l8hxh.o
                0x24050300                Reset_Handler
 .text.Default_Handler
                0x24050350        0x2 ./Application/Startup/startup_stm32h7s7l8hxh.o
                0x24050350                HPDMA1_Channel13_IRQHandler
                0x24050350                EXTI2_IRQHandler
                0x24050350                MCE2_IRQHandler
                0x24050350                SAI1_A_IRQHandler
                0x24050350                EXTI5_IRQHandler
                0x24050350                I3C1_ER_IRQHandler
                0x24050350                UART8_IRQHandler
                0x24050350                SPI4_IRQHandler
                0x24050350                TIM1_CC_IRQHandler
                0x24050350                XSPI1_IRQHandler
                0x24050350                JPEG_IRQHandler
                0x24050350                TAMP_IRQHandler
                0x24050350                TIM6_IRQHandler
                0x24050350                EXTI12_IRQHandler
                0x24050350                CORDIC_IRQHandler
                0x24050350                GFXTIM_IRQHandler
                0x24050350                LPTIM4_IRQHandler
                0x24050350                GPDMA1_Channel5_IRQHandler
                0x24050350                EXTI8_IRQHandler
                0x24050350                LPTIM2_IRQHandler
                0x24050350                GFXMMU_IRQHandler
                0x24050350                I2C3_ER_IRQHandler
                0x24050350                LPTIM3_IRQHandler
                0x24050350                SAI2_A_IRQHandler
                0x24050350                EXTI0_IRQHandler
                0x24050350                HPDMA1_Channel9_IRQHandler
                0x24050350                I2C2_EV_IRQHandler
                0x24050350                GPU2D_IRQHandler
                0x24050350                FPU_IRQHandler
                0x24050350                GPDMA1_Channel7_IRQHandler
                0x24050350                FDCAN1_IT1_IRQHandler
                0x24050350                HPDMA1_Channel3_IRQHandler
                0x24050350                LTDC_ER_IRQHandler
                0x24050350                ADC1_2_IRQHandler
                0x24050350                GPDMA1_Channel9_IRQHandler
                0x24050350                SPI1_IRQHandler
                0x24050350                SAI1_B_IRQHandler
                0x24050350                I3C1_WKUP_IRQHandler
                0x24050350                PKA_IRQHandler
                0x24050350                HPDMA1_Channel2_IRQHandler
                0x24050350                EXTI15_IRQHandler
                0x24050350                TIM17_IRQHandler
                0x24050350                USART3_IRQHandler
                0x24050350                HPDMA1_Channel6_IRQHandler
                0x24050350                CRYP_IRQHandler
                0x24050350                RTC_IRQHandler
                0x24050350                XSPI2_IRQHandler
                0x24050350                EXTI9_IRQHandler
                0x24050350                HPDMA1_Channel0_IRQHandler
                0x24050350                LPTIM5_IRQHandler
                0x24050350                HPDMA1_Channel1_IRQHandler
                0x24050350                UART5_IRQHandler
                0x24050350                TIM4_IRQHandler
                0x24050350                I2C1_EV_IRQHandler
                0x24050350                GPDMA1_Channel12_IRQHandler
                0x24050350                HPDMA1_Channel7_IRQHandler
                0x24050350                GPDMA1_Channel1_IRQHandler
                0x24050350                TIM16_IRQHandler
                0x24050350                GPDMA1_Channel15_IRQHandler
                0x24050350                UART4_IRQHandler
                0x24050350                TIM3_IRQHandler
                0x24050350                RCC_IRQHandler
                0x24050350                TIM1_TRG_COM_IRQHandler
                0x24050350                SAI2_B_IRQHandler
                0x24050350                Default_Handler
                0x24050350                GPDMA1_Channel8_IRQHandler
                0x24050350                HPDMA1_Channel8_IRQHandler
                0x24050350                CEC_IRQHandler
                0x24050350                TIM14_IRQHandler
                0x24050350                TIM13_IRQHandler
                0x24050350                GPDMA1_Channel11_IRQHandler
                0x24050350                GPU2D_ER_IRQHandler
                0x24050350                SPI5_IRQHandler
                0x24050350                TIM12_IRQHandler
                0x24050350                TIM7_IRQHandler
                0x24050350                HPDMA1_Channel10_IRQHandler
                0x24050350                SDMMC1_IRQHandler
                0x24050350                SAES_IRQHandler
                0x24050350                TIM5_IRQHandler
                0x24050350                UCPD1_IRQHandler
                0x24050350                GPDMA1_Channel0_IRQHandler
                0x24050350                I3C1_EV_IRQHandler
                0x24050350                HPDMA1_Channel5_IRQHandler
                0x24050350                TIM15_IRQHandler
                0x24050350                I2C3_EV_IRQHandler
                0x24050350                HPDMA1_Channel4_IRQHandler
                0x24050350                HPDMA1_Channel15_IRQHandler
                0x24050350                TIM9_IRQHandler
                0x24050350                LTDC_IRQHandler
                0x24050350                SPDIF_RX_IRQHandler
                0x24050350                PVD_PVM_IRQHandler
                0x24050350                SPI2_IRQHandler
                0x24050350                HPDMA1_Channel11_IRQHandler
                0x24050350                EXTI11_IRQHandler
                0x24050350                CRS_IRQHandler
                0x24050350                GPDMA1_Channel14_IRQHandler
                0x24050350                EXTI4_IRQHandler
                0x24050350                GPDMA1_Channel13_IRQHandler
                0x24050350                RNG_IRQHandler
                0x24050350                FDCAN2_IT1_IRQHandler
                0x24050350                ETH_IRQHandler
                0x24050350                TIM1_UP_IRQHandler
                0x24050350                WWDG_IRQHandler
                0x24050350                SPI6_IRQHandler
                0x24050350                MDIOS_IRQHandler
                0x24050350                FDCAN2_IT0_IRQHandler
                0x24050350                IWDG_IRQHandler
                0x24050350                HPDMA1_Channel14_IRQHandler
                0x24050350                LPUART1_IRQHandler
                0x24050350                FDCAN1_IT0_IRQHandler
                0x24050350                TIM2_IRQHandler
                0x24050350                PSSI_IRQHandler
                0x24050350                MCE3_IRQHandler
                0x24050350                OTG_HS_IRQHandler
                0x24050350                EXTI7_IRQHandler
                0x24050350                DMA2D_IRQHandler
                0x24050350                TIM1_BRK_IRQHandler
                0x24050350                EXTI1_IRQHandler
                0x24050350                SDMMC2_IRQHandler
                0x24050350                UART7_IRQHandler
                0x24050350                DTS_IRQHandler
                0x24050350                USART2_IRQHandler
                0x24050350                GPDMA1_Channel6_IRQHandler
                0x24050350                ADF1_FLT0_IRQHandler
                0x24050350                RAMECC_IRQHandler
                0x24050350                I2C2_ER_IRQHandler
                0x24050350                MCE1_IRQHandler
                0x24050350                HPDMA1_Channel12_IRQHandler
                0x24050350                FLASH_IRQHandler
                0x24050350                USART1_IRQHandler
                0x24050350                EXTI10_IRQHandler
                0x24050350                OTG_FS_IRQHandler
                0x24050350                SPI3_IRQHandler
                0x24050350                WAKEUP_PIN_IRQHandler
                0x24050350                DCMIPP_IRQHandler
                0x24050350                I2C1_ER_IRQHandler
                0x24050350                FMC_IRQHandler
                0x24050350                EXTI6_IRQHandler
                0x24050350                LPTIM1_IRQHandler
                0x24050350                GPDMA1_Channel10_IRQHandler
                0x24050350                ICACHE_IRQHandler
                0x24050350                HASH_IRQHandler
 *fill*         0x24050352        0x2 
 .text.BSP_PB_Callback
                0x24050354       0x10 ./Application/User/main.o
                0x24050354                BSP_PB_Callback
 .text.Error_Handler
                0x24050364        0xa ./Application/User/main.o
                0x24050364                Error_Handler
 *fill*         0x2405036e        0x2 
 .text.startup.main
                0x24050370      0x2ac ./Application/User/main.o
                0x24050370                main
 .text.HAL_MspInit
                0x2405061c        0x2 ./Application/User/stm32h7rsxx_hal_msp.o
                0x2405061c                HAL_MspInit
 .text.NMI_Handler
                0x2405061e        0x2 ./Application/User/stm32h7rsxx_it.o
                0x2405061e                NMI_Handler
 .text.HardFault_Handler
                0x24050620        0x2 ./Application/User/stm32h7rsxx_it.o
                0x24050620                HardFault_Handler
 .text.MemManage_Handler
                0x24050622        0x2 ./Application/User/stm32h7rsxx_it.o
                0x24050622                MemManage_Handler
 .text.BusFault_Handler
                0x24050624        0x2 ./Application/User/stm32h7rsxx_it.o
                0x24050624                BusFault_Handler
 .text.UsageFault_Handler
                0x24050626        0x2 ./Application/User/stm32h7rsxx_it.o
                0x24050626                UsageFault_Handler
 .text.SVC_Handler
                0x24050628        0x2 ./Application/User/stm32h7rsxx_it.o
                0x24050628                SVC_Handler
 .text.DebugMon_Handler
                0x2405062a        0x2 ./Application/User/stm32h7rsxx_it.o
                0x2405062a                DebugMon_Handler
 .text.PendSV_Handler
                0x2405062c        0x2 ./Application/User/stm32h7rsxx_it.o
                0x2405062c                PendSV_Handler
 .text.SysTick_Handler
                0x2405062e        0x4 ./Application/User/stm32h7rsxx_it.o
                0x2405062e                SysTick_Handler
 .text.EXTI3_IRQHandler
                0x24050632        0x6 ./Application/User/stm32h7rsxx_it.o
                0x24050632                EXTI3_IRQHandler
 .text.EXTI13_IRQHandler
                0x24050638        0x6 ./Application/User/stm32h7rsxx_it.o
                0x24050638                EXTI13_IRQHandler
 .text.EXTI14_IRQHandler
                0x2405063e        0x6 ./Application/User/stm32h7rsxx_it.o
                0x2405063e                EXTI14_IRQHandler
 .text.GPDMA1_Channel2_IRQHandler
                0x24050644        0x8 ./Application/User/stm32h7rsxx_it.o
                0x24050644                GPDMA1_Channel2_IRQHandler
 .text.GPDMA1_Channel4_IRQHandler
                0x2405064c        0x8 ./Application/User/stm32h7rsxx_it.o
                0x2405064c                GPDMA1_Channel4_IRQHandler
 .text.GPDMA1_Channel3_IRQHandler
                0x24050654        0x8 ./Application/User/stm32h7rsxx_it.o
                0x24050654                GPDMA1_Channel3_IRQHandler
 .text.APS256XX_EnableMemoryMappedMode
                0x2405065c       0xb8 ./Drivers/BSP/Components/aps256xx.o
                0x2405065c                APS256XX_EnableMemoryMappedMode
 .text.APS256XX_ReadReg
                0x24050714       0x78 ./Drivers/BSP/Components/aps256xx.o
                0x24050714                APS256XX_ReadReg
 .text.APS256XX_WriteReg
                0x2405078c       0x70 ./Drivers/BSP/Components/aps256xx.o
                0x2405078c                APS256XX_WriteReg
 .text.APS256XX_Reset
                0x240507fc       0x46 ./Drivers/BSP/Components/aps256xx.o
                0x240507fc                APS256XX_Reset
 .text.GT911_GetCapabilities
                0x24050842       0x1a ./Drivers/BSP/Components/gt911.o
                0x24050842                GT911_GetCapabilities
 .text.GT911_Init
                0x2405085c       0x66 ./Drivers/BSP/Components/gt911.o
                0x2405085c                GT911_Init
 .text.GT911_DeInit
                0x240508c2       0x12 ./Drivers/BSP/Components/gt911.o
                0x240508c2                GT911_DeInit
 .text.GT911_DisableIT
                0x240508d4        0x4 ./Drivers/BSP/Components/gt911.o
                0x240508d4                GT911_DisableIT
 .text.ReadRegWrap
                0x240508d8        0xe ./Drivers/BSP/Components/gt911.o
 .text.WriteRegWrap
                0x240508e6        0xe ./Drivers/BSP/Components/gt911.o
 .text.GT911_GestureConfig
                0x240508f4      0x100 ./Drivers/BSP/Components/gt911.o
                0x240508f4                GT911_GestureConfig
 .text.GT911_ReadID
                0x240509f4        0x6 ./Drivers/BSP/Components/gt911.o
                0x240509f4                GT911_ReadID
 .text.GT911_DetectTouch
                0x240509fa       0x22 ./Drivers/BSP/Components/gt911.o
 .text.GT911_GetState
                0x24050a1c       0x82 ./Drivers/BSP/Components/gt911.o
                0x24050a1c                GT911_GetState
 .text.GT911_GetMultiTouchState
                0x24050a9e       0xb8 ./Drivers/BSP/Components/gt911.o
                0x24050a9e                GT911_GetMultiTouchState
 .text.GT911_GetGesture
                0x24050b56        0x6 ./Drivers/BSP/Components/gt911.o
                0x24050b56                GT911_GetGesture
 .text.GT911_EnableIT
                0x24050b5c       0x42 ./Drivers/BSP/Components/gt911.o
                0x24050b5c                GT911_EnableIT
 .text.GT911_ClearIT
                0x24050b9e        0x6 ./Drivers/BSP/Components/gt911.o
                0x24050b9e                GT911_ClearIT
 .text.GT911_ITStatus
                0x24050ba4        0x4 ./Drivers/BSP/Components/gt911.o
                0x24050ba4                GT911_ITStatus
 .text.GT911_RegisterBusIO
                0x24050ba8       0x38 ./Drivers/BSP/Components/gt911.o
                0x24050ba8                GT911_RegisterBusIO
 .text.gt911_read_reg
                0x24050be0        0xe ./Drivers/BSP/Components/gt911_reg.o
                0x24050be0                gt911_read_reg
 .text.gt911_write_reg
                0x24050bee       0xc4 ./Drivers/BSP/Components/gt911_reg.o
                0x24050bee                gt911_write_reg
 .text.gt911_gest_id
                0x24050cb2        0xc ./Drivers/BSP/Components/gt911_reg.o
                0x24050cb2                gt911_gest_id
 .text.gt911_td_status
                0x24050cbe       0x3e ./Drivers/BSP/Components/gt911_reg.o
                0x24050cbe                gt911_td_status
 .text.gt911_clr_int
                0x24050cfc       0x1a ./Drivers/BSP/Components/gt911_reg.o
                0x24050cfc                gt911_clr_int
 .text.gt911_distance_left_right
                0x24050d16       0x4a ./Drivers/BSP/Components/gt911_reg.o
                0x24050d16                gt911_distance_left_right
 .text.gt911_distance_up_down
                0x24050d60       0x4a ./Drivers/BSP/Components/gt911_reg.o
                0x24050d60                gt911_distance_up_down
 .text.gt911_m_sw1
                0x24050daa       0x18 ./Drivers/BSP/Components/gt911_reg.o
                0x24050daa                gt911_m_sw1
 .text.gt911_chip_id
                0x24050dc2        0xc ./Drivers/BSP/Components/gt911_reg.o
                0x24050dc2                gt911_chip_id
 *fill*         0x24050dce        0x2 
 .text.BSP_LED_On
                0x24050dd0       0x28 ./Drivers/BSP/STM32H7S78-DK/stm32h7s78_discovery.o
                0x24050dd0                BSP_LED_On
 .text.BSP_LED_Off
                0x24050df8       0x28 ./Drivers/BSP/STM32H7S78-DK/stm32h7s78_discovery.o
                0x24050df8                BSP_LED_Off
 .text.BSP_LED_Init
                0x24050e20      0x10c ./Drivers/BSP/STM32H7S78-DK/stm32h7s78_discovery.o
                0x24050e20                BSP_LED_Init
 .text.BSP_PB_Init
                0x24050f2c       0xa4 ./Drivers/BSP/STM32H7S78-DK/stm32h7s78_discovery.o
                0x24050f2c                BSP_PB_Init
 .text.BSP_PB_IRQHandler
                0x24050fd0       0x10 ./Drivers/BSP/STM32H7S78-DK/stm32h7s78_discovery.o
                0x24050fd0                BSP_PB_IRQHandler
 .text.BUTTON_USER_EXTI_Callback
                0x24050fe0        0xa ./Drivers/BSP/STM32H7S78-DK/stm32h7s78_discovery.o
 *fill*         0x24050fea        0x2 
 .text.BSP_AUDIO_OUT_IRQHandler
                0x24050fec        0xc ./Drivers/BSP/STM32H7S78-DK/stm32h7s78_discovery_audio.o
                0x24050fec                BSP_AUDIO_OUT_IRQHandler
 .text.BSP_AUDIO_IN_IRQHandler
                0x24050ff8       0x18 ./Drivers/BSP/STM32H7S78-DK/stm32h7s78_discovery_audio.o
                0x24050ff8                BSP_AUDIO_IN_IRQHandler
 .text.BSP_I2C1_DeInit
                0x24051010       0x50 ./Drivers/BSP/STM32H7S78-DK/stm32h7s78_discovery_bus.o
                0x24051010                BSP_I2C1_DeInit
 .text.MX_I2C1_Init
                0x24051060       0x3e ./Drivers/BSP/STM32H7S78-DK/stm32h7s78_discovery_bus.o
                0x24051060                MX_I2C1_Init
 *fill*         0x2405109e        0x2 
 .text.BSP_I2C1_Init
                0x240510a0      0x27c ./Drivers/BSP/STM32H7S78-DK/stm32h7s78_discovery_bus.o
                0x240510a0                BSP_I2C1_Init
 .text.BSP_I2C1_WriteReg16
                0x2405131c       0x34 ./Drivers/BSP/STM32H7S78-DK/stm32h7s78_discovery_bus.o
                0x2405131c                BSP_I2C1_WriteReg16
 .text.BSP_I2C1_ReadReg16
                0x24051350       0x34 ./Drivers/BSP/STM32H7S78-DK/stm32h7s78_discovery_bus.o
                0x24051350                BSP_I2C1_ReadReg16
 .text.BSP_GetTick
                0x24051384        0x4 ./Drivers/BSP/STM32H7S78-DK/stm32h7s78_discovery_bus.o
                0x24051384                BSP_GetTick
 .text.BSP_LCD_GetPixelFormat
                0x24051388       0x14 ./Drivers/BSP/STM32H7S78-DK/stm32h7s78_discovery_lcd.o
                0x24051388                BSP_LCD_GetPixelFormat
 .text.BSP_LCD_SetActiveLayer
                0x2405139c       0x14 ./Drivers/BSP/STM32H7S78-DK/stm32h7s78_discovery_lcd.o
                0x2405139c                BSP_LCD_SetActiveLayer
 .text.BSP_LCD_GetXSize
                0x240513b0       0x14 ./Drivers/BSP/STM32H7S78-DK/stm32h7s78_discovery_lcd.o
                0x240513b0                BSP_LCD_GetXSize
 .text.BSP_LCD_GetYSize
                0x240513c4       0x14 ./Drivers/BSP/STM32H7S78-DK/stm32h7s78_discovery_lcd.o
                0x240513c4                BSP_LCD_GetYSize
 .text.BSP_LCD_ReadPixel
                0x240513d8       0x3c ./Drivers/BSP/STM32H7S78-DK/stm32h7s78_discovery_lcd.o
                0x240513d8                BSP_LCD_ReadPixel
 .text.BSP_LCD_WritePixel
                0x24051414       0x38 ./Drivers/BSP/STM32H7S78-DK/stm32h7s78_discovery_lcd.o
                0x24051414                BSP_LCD_WritePixel
 .text.BSP_LCD_FillRGBRect
                0x2405144c       0x4c ./Drivers/BSP/STM32H7S78-DK/stm32h7s78_discovery_lcd.o
                0x2405144c                BSP_LCD_FillRGBRect
 .text.BSP_LCD_DrawBitmap
                0x24051498       0xf4 ./Drivers/BSP/STM32H7S78-DK/stm32h7s78_discovery_lcd.o
                0x24051498                BSP_LCD_DrawBitmap
 .text.LL_FillBuffer
                0x2405158c       0xa4 ./Drivers/BSP/STM32H7S78-DK/stm32h7s78_discovery_lcd.o
 .text.BSP_LCD_DrawHLine
                0x24051630       0x44 ./Drivers/BSP/STM32H7S78-DK/stm32h7s78_discovery_lcd.o
                0x24051630                BSP_LCD_DrawHLine
 .text.BSP_LCD_DrawVLine
                0x24051674       0x40 ./Drivers/BSP/STM32H7S78-DK/stm32h7s78_discovery_lcd.o
                0x24051674                BSP_LCD_DrawVLine
 .text.BSP_LCD_FillRect
                0x240516b4       0x44 ./Drivers/BSP/STM32H7S78-DK/stm32h7s78_discovery_lcd.o
                0x240516b4                BSP_LCD_FillRect
 .text.MX_LTDC_Init
                0x240516f8       0x40 ./Drivers/BSP/STM32H7S78-DK/stm32h7s78_discovery_lcd.o
                0x240516f8                MX_LTDC_Init
 .text.MX_LTDC_ConfigLayer
                0x24051738       0x52 ./Drivers/BSP/STM32H7S78-DK/stm32h7s78_discovery_lcd.o
                0x24051738                MX_LTDC_ConfigLayer
 .text.MX_LTDC_ClockConfig
                0x2405178a       0x5c ./Drivers/BSP/STM32H7S78-DK/stm32h7s78_discovery_lcd.o
                0x2405178a                MX_LTDC_ClockConfig
 *fill*         0x240517e6        0x2 
 .text.BSP_LCD_DisplayOn
                0x240517e8       0x50 ./Drivers/BSP/STM32H7S78-DK/stm32h7s78_discovery_lcd.o
                0x240517e8                BSP_LCD_DisplayOn
 .text.BSP_LCD_InitEx
                0x24051838      0x360 ./Drivers/BSP/STM32H7S78-DK/stm32h7s78_discovery_lcd.o
                0x24051838                BSP_LCD_InitEx
 .text.BSP_LCD_Init
                0x24051b98       0x16 ./Drivers/BSP/STM32H7S78-DK/stm32h7s78_discovery_lcd.o
                0x24051b98                BSP_LCD_Init
 *fill*         0x24051bae        0x2 
 .text.BSP_LCD_SetBrightness
                0x24051bb0       0x40 ./Drivers/BSP/STM32H7S78-DK/stm32h7s78_discovery_lcd.o
                0x24051bb0                BSP_LCD_SetBrightness
 .text.BSP_SD_DETECT_IRQHandler
                0x24051bf0       0x10 ./Drivers/BSP/STM32H7S78-DK/stm32h7s78_discovery_sd.o
                0x24051bf0                BSP_SD_DETECT_IRQHandler
 .text.BSP_TS_Init
                0x24051c00      0x118 ./Drivers/BSP/STM32H7S78-DK/stm32h7s78_discovery_ts.o
                0x24051c00                BSP_TS_Init
 .text.BSP_TS_IRQHandler
                0x24051d18       0x10 ./Drivers/BSP/STM32H7S78-DK/stm32h7s78_discovery_ts.o
                0x24051d18                BSP_TS_IRQHandler
 .text.BSP_TS_GetState
                0x24051d28       0xc4 ./Drivers/BSP/STM32H7S78-DK/stm32h7s78_discovery_ts.o
                0x24051d28                BSP_TS_GetState
 .text.MX_XSPI_RAM_Init
                0x24051dec       0x64 ./Drivers/BSP/STM32H7S78-DK/stm32h7s78_discovery_xspi.o
                0x24051dec                MX_XSPI_RAM_Init
 .text.BSP_XSPI_RAM_EnableMemoryMappedMode
                0x24051e50       0x64 ./Drivers/BSP/STM32H7S78-DK/stm32h7s78_discovery_xspi.o
                0x24051e50                BSP_XSPI_RAM_EnableMemoryMappedMode
 .text.BSP_XSPI_RAM_Config16BitsOctalRAM
                0x24051eb4      0x10c ./Drivers/BSP/STM32H7S78-DK/stm32h7s78_discovery_xspi.o
                0x24051eb4                BSP_XSPI_RAM_Config16BitsOctalRAM
 .text.BSP_XSPI_RAM_Init
                0x24051fc0      0x4b4 ./Drivers/BSP/STM32H7S78-DK/stm32h7s78_discovery_xspi.o
                0x24051fc0                BSP_XSPI_RAM_Init
 .text.SystemInit
                0x24052474       0x1c ./Drivers/CMSIS/system_stm32h7rsxx.o
                0x24052474                SystemInit
 .text.HAL_InitTick
                0x24052490       0x4c ./Drivers/STM32H7RSxx_HAL_Driver/stm32h7rsxx_hal.o
                0x24052490                HAL_InitTick
 .text.HAL_Init
                0x240524dc       0x1e ./Drivers/STM32H7RSxx_HAL_Driver/stm32h7rsxx_hal.o
                0x240524dc                HAL_Init
 *fill*         0x240524fa        0x2 
 .text.HAL_IncTick
                0x240524fc       0x18 ./Drivers/STM32H7RSxx_HAL_Driver/stm32h7rsxx_hal.o
                0x240524fc                HAL_IncTick
 .text.HAL_GetTick
                0x24052514        0xc ./Drivers/STM32H7RSxx_HAL_Driver/stm32h7rsxx_hal.o
                0x24052514                HAL_GetTick
 .text.HAL_Delay
                0x24052520       0x24 ./Drivers/STM32H7RSxx_HAL_Driver/stm32h7rsxx_hal.o
                0x24052520                HAL_Delay
 .text.HAL_SBS_EnableCompensationCell
                0x24052544       0x14 ./Drivers/STM32H7RSxx_HAL_Driver/stm32h7rsxx_hal.o
                0x24052544                HAL_SBS_EnableCompensationCell
 .text.HAL_SBS_EnableIOSpeedOptimize
                0x24052558        0x4 ./Drivers/STM32H7RSxx_HAL_Driver/stm32h7rsxx_hal.o
                0x24052558                HAL_SBS_EnableIOSpeedOptimize
 .text.HAL_NVIC_SetPriorityGrouping
                0x2405255c       0x24 ./Drivers/STM32H7RSxx_HAL_Driver/stm32h7rsxx_hal_cortex.o
                0x2405255c                HAL_NVIC_SetPriorityGrouping
 .text.HAL_NVIC_SetPriority
                0x24052580       0x64 ./Drivers/STM32H7RSxx_HAL_Driver/stm32h7rsxx_hal_cortex.o
                0x24052580                HAL_NVIC_SetPriority
 .text.HAL_NVIC_EnableIRQ
                0x240525e4       0x1c ./Drivers/STM32H7RSxx_HAL_Driver/stm32h7rsxx_hal_cortex.o
                0x240525e4                HAL_NVIC_EnableIRQ
 .text.HAL_SYSTICK_Config
                0x24052600       0x28 ./Drivers/STM32H7RSxx_HAL_Driver/stm32h7rsxx_hal_cortex.o
                0x24052600                HAL_SYSTICK_Config
 .text.HAL_MPU_Enable
                0x24052628       0x24 ./Drivers/STM32H7RSxx_HAL_Driver/stm32h7rsxx_hal_cortex.o
                0x24052628                HAL_MPU_Enable
 .text.HAL_MPU_Disable
                0x2405264c       0x24 ./Drivers/STM32H7RSxx_HAL_Driver/stm32h7rsxx_hal_cortex.o
                0x2405264c                HAL_MPU_Disable
 .text.HAL_MPU_ConfigRegion
                0x24052670       0x64 ./Drivers/STM32H7RSxx_HAL_Driver/stm32h7rsxx_hal_cortex.o
                0x24052670                HAL_MPU_ConfigRegion
 .text.HAL_DMA_Init
                0x240526d4      0x2bc ./Drivers/STM32H7RSxx_HAL_Driver/stm32h7rsxx_hal_dma.o
                0x240526d4                HAL_DMA_Init
 .text.HAL_DMA_IRQHandler
                0x24052990      0x17c ./Drivers/STM32H7RSxx_HAL_Driver/stm32h7rsxx_hal_dma.o
                0x24052990                HAL_DMA_IRQHandler
 .text.DMA2D_SetConfig
                0x24052b0c       0x8e ./Drivers/STM32H7RSxx_HAL_Driver/stm32h7rsxx_hal_dma2d.o
 .text.HAL_DMA2D_MspInit
                0x24052b9a        0x2 ./Drivers/STM32H7RSxx_HAL_Driver/stm32h7rsxx_hal_dma2d.o
                0x24052b9a                HAL_DMA2D_MspInit
 .text.HAL_DMA2D_Init
                0x24052b9c       0x7a ./Drivers/STM32H7RSxx_HAL_Driver/stm32h7rsxx_hal_dma2d.o
                0x24052b9c                HAL_DMA2D_Init
 .text.HAL_DMA2D_Start
                0x24052c16       0x34 ./Drivers/STM32H7RSxx_HAL_Driver/stm32h7rsxx_hal_dma2d.o
                0x24052c16                HAL_DMA2D_Start
 .text.HAL_DMA2D_PollForTransfer
                0x24052c4a       0xf6 ./Drivers/STM32H7RSxx_HAL_Driver/stm32h7rsxx_hal_dma2d.o
                0x24052c4a                HAL_DMA2D_PollForTransfer
 .text.HAL_DMA2D_ConfigLayer
                0x24052d40       0xc0 ./Drivers/STM32H7RSxx_HAL_Driver/stm32h7rsxx_hal_dma2d.o
                0x24052d40                HAL_DMA2D_ConfigLayer
 .text.HAL_EXTI_RegisterCallback
                0x24052e00        0xe ./Drivers/STM32H7RSxx_HAL_Driver/stm32h7rsxx_hal_exti.o
                0x24052e00                HAL_EXTI_RegisterCallback
 .text.HAL_EXTI_GetHandle
                0x24052e0e        0xc ./Drivers/STM32H7RSxx_HAL_Driver/stm32h7rsxx_hal_exti.o
                0x24052e0e                HAL_EXTI_GetHandle
 .text.HAL_EXTI_IRQHandler
                0x24052e1a       0x28 ./Drivers/STM32H7RSxx_HAL_Driver/stm32h7rsxx_hal_exti.o
                0x24052e1a                HAL_EXTI_IRQHandler
 *fill*         0x24052e42        0x2 
 .text.HAL_GPIO_Init
                0x24052e44      0x148 ./Drivers/STM32H7RSxx_HAL_Driver/stm32h7rsxx_hal_gpio.o
                0x24052e44                HAL_GPIO_Init
 .text.HAL_GPIO_DeInit
                0x24052f8c       0xd0 ./Drivers/STM32H7RSxx_HAL_Driver/stm32h7rsxx_hal_gpio.o
                0x24052f8c                HAL_GPIO_DeInit
 .text.HAL_GPIO_WritePin
                0x2405305c        0xa ./Drivers/STM32H7RSxx_HAL_Driver/stm32h7rsxx_hal_gpio.o
                0x2405305c                HAL_GPIO_WritePin
 .text.I2C_Flush_TXDR
                0x24053066       0x1c ./Drivers/STM32H7RSxx_HAL_Driver/stm32h7rsxx_hal_i2c.o
 *fill*         0x24053082        0x2 
 .text.I2C_TransferConfig
                0x24053084       0x2c ./Drivers/STM32H7RSxx_HAL_Driver/stm32h7rsxx_hal_i2c.o
 .text.I2C_IsErrorOccurred
                0x240530b0      0x102 ./Drivers/STM32H7RSxx_HAL_Driver/stm32h7rsxx_hal_i2c.o
 .text.I2C_WaitOnTXISFlagUntilTimeout
                0x240531b2       0x56 ./Drivers/STM32H7RSxx_HAL_Driver/stm32h7rsxx_hal_i2c.o
 .text.I2C_WaitOnFlagUntilTimeout
                0x24053208       0x76 ./Drivers/STM32H7RSxx_HAL_Driver/stm32h7rsxx_hal_i2c.o
 .text.I2C_WaitOnSTOPFlagUntilTimeout
                0x2405327e       0x52 ./Drivers/STM32H7RSxx_HAL_Driver/stm32h7rsxx_hal_i2c.o
 .text.HAL_I2C_MspInit
                0x240532d0        0x2 ./Drivers/STM32H7RSxx_HAL_Driver/stm32h7rsxx_hal_i2c.o
                0x240532d0                HAL_I2C_MspInit
 .text.HAL_I2C_Init
                0x240532d2       0xaa ./Drivers/STM32H7RSxx_HAL_Driver/stm32h7rsxx_hal_i2c.o
                0x240532d2                HAL_I2C_Init
 .text.HAL_I2C_MspDeInit
                0x2405337c        0x2 ./Drivers/STM32H7RSxx_HAL_Driver/stm32h7rsxx_hal_i2c.o
                0x2405337c                HAL_I2C_MspDeInit
 .text.HAL_I2C_DeInit
                0x2405337e       0x32 ./Drivers/STM32H7RSxx_HAL_Driver/stm32h7rsxx_hal_i2c.o
                0x2405337e                HAL_I2C_DeInit
 .text.HAL_I2C_Mem_Write
                0x240533b0      0x1b4 ./Drivers/STM32H7RSxx_HAL_Driver/stm32h7rsxx_hal_i2c.o
                0x240533b0                HAL_I2C_Mem_Write
 .text.HAL_I2C_Mem_Read
                0x24053564      0x1bc ./Drivers/STM32H7RSxx_HAL_Driver/stm32h7rsxx_hal_i2c.o
                0x24053564                HAL_I2C_Mem_Read
 .text.HAL_I2C_GetState
                0x24053720        0x6 ./Drivers/STM32H7RSxx_HAL_Driver/stm32h7rsxx_hal_i2c.o
                0x24053720                HAL_I2C_GetState
 .text.HAL_I2C_GetError
                0x24053726        0x4 ./Drivers/STM32H7RSxx_HAL_Driver/stm32h7rsxx_hal_i2c.o
                0x24053726                HAL_I2C_GetError
 .text.HAL_I2CEx_ConfigAnalogFilter
                0x2405372a       0x4c ./Drivers/STM32H7RSxx_HAL_Driver/stm32h7rsxx_hal_i2c_ex.o
                0x2405372a                HAL_I2CEx_ConfigAnalogFilter
 .text.HAL_I2CEx_ConfigDigitalFilter
                0x24053776       0x4a ./Drivers/STM32H7RSxx_HAL_Driver/stm32h7rsxx_hal_i2c_ex.o
                0x24053776                HAL_I2CEx_ConfigDigitalFilter
 .text.LPTIM_WaitForFlag
                0x240537c0       0x30 ./Drivers/STM32H7RSxx_HAL_Driver/stm32h7rsxx_hal_lptim.o
 .text.HAL_LPTIM_MspInit
                0x240537f0        0x2 ./Drivers/STM32H7RSxx_HAL_Driver/stm32h7rsxx_hal_lptim.o
                0x240537f0                HAL_LPTIM_MspInit
 *fill*         0x240537f2        0x2 
 .text.HAL_LPTIM_Init
                0x240537f4      0x114 ./Drivers/STM32H7RSxx_HAL_Driver/stm32h7rsxx_hal_lptim.o
                0x240537f4                HAL_LPTIM_Init
 .text.HAL_LPTIM_MspDeInit
                0x24053908        0x2 ./Drivers/STM32H7RSxx_HAL_Driver/stm32h7rsxx_hal_lptim.o
                0x24053908                HAL_LPTIM_MspDeInit
 *fill*         0x2405390a        0x2 
 .text.HAL_LPTIM_DeInit
                0x2405390c       0xc4 ./Drivers/STM32H7RSxx_HAL_Driver/stm32h7rsxx_hal_lptim.o
                0x2405390c                HAL_LPTIM_DeInit
 .text.HAL_LPTIM_PWM_Start
                0x240539d0       0x66 ./Drivers/STM32H7RSxx_HAL_Driver/stm32h7rsxx_hal_lptim.o
                0x240539d0                HAL_LPTIM_PWM_Start
 *fill*         0x24053a36        0x2 
 .text.HAL_LPTIM_OC_ConfigChannel
                0x24053a38       0xa8 ./Drivers/STM32H7RSxx_HAL_Driver/stm32h7rsxx_hal_lptim.o
                0x24053a38                HAL_LPTIM_OC_ConfigChannel
 .text.LTDC_SetConfig
                0x24053ae0       0xec ./Drivers/STM32H7RSxx_HAL_Driver/stm32h7rsxx_hal_ltdc.o
 .text.HAL_LTDC_MspInit
                0x24053bcc        0x2 ./Drivers/STM32H7RSxx_HAL_Driver/stm32h7rsxx_hal_ltdc.o
                0x24053bcc                HAL_LTDC_MspInit
 .text.HAL_LTDC_Init
                0x24053bce       0xaa ./Drivers/STM32H7RSxx_HAL_Driver/stm32h7rsxx_hal_ltdc.o
                0x24053bce                HAL_LTDC_Init
 .text.HAL_LTDC_ConfigLayer
                0x24053c78       0x5a ./Drivers/STM32H7RSxx_HAL_Driver/stm32h7rsxx_hal_ltdc.o
                0x24053c78                HAL_LTDC_ConfigLayer
 *fill*         0x24053cd2        0x2 
 .text.HAL_PWREx_ConfigSupply
                0x24053cd4       0x6c ./Drivers/STM32H7RSxx_HAL_Driver/stm32h7rsxx_hal_pwr_ex.o
                0x24053cd4                HAL_PWREx_ConfigSupply
 .text.HAL_PWREx_ControlVoltageScaling
                0x24053d40       0x34 ./Drivers/STM32H7RSxx_HAL_Driver/stm32h7rsxx_hal_pwr_ex.o
                0x24053d40                HAL_PWREx_ControlVoltageScaling
 .text.HAL_PWREx_EnableUSBVoltageDetector
                0x24053d74       0x30 ./Drivers/STM32H7RSxx_HAL_Driver/stm32h7rsxx_hal_pwr_ex.o
                0x24053d74                HAL_PWREx_EnableUSBVoltageDetector
 .text.HAL_PWREx_EnableXSPIM1
                0x24053da4       0x10 ./Drivers/STM32H7RSxx_HAL_Driver/stm32h7rsxx_hal_pwr_ex.o
                0x24053da4                HAL_PWREx_EnableXSPIM1
 .text.RCC_PLL1_GetVCOOutputFreq
                0x24053db4       0xa4 ./Drivers/STM32H7RSxx_HAL_Driver/stm32h7rsxx_hal_rcc.o
 .text.RCC_PLL2_GetVCOOutputFreq
                0x24053e58       0xa4 ./Drivers/STM32H7RSxx_HAL_Driver/stm32h7rsxx_hal_rcc.o
 .text.RCC_PLL3_GetVCOOutputFreq
                0x24053efc       0xa4 ./Drivers/STM32H7RSxx_HAL_Driver/stm32h7rsxx_hal_rcc.o
 .text.RCC_PLL_Config
                0x24053fa0      0x1cc ./Drivers/STM32H7RSxx_HAL_Driver/stm32h7rsxx_hal_rcc.o
 .text.HAL_RCC_OscConfig
                0x2405416c      0x434 ./Drivers/STM32H7RSxx_HAL_Driver/stm32h7rsxx_hal_rcc.o
                0x2405416c                HAL_RCC_OscConfig
 .text.HAL_RCC_GetSysClockFreq
                0x240545a0      0x148 ./Drivers/STM32H7RSxx_HAL_Driver/stm32h7rsxx_hal_rcc.o
                0x240545a0                HAL_RCC_GetSysClockFreq
 .text.HAL_RCC_ClockConfig
                0x240546e8      0x21c ./Drivers/STM32H7RSxx_HAL_Driver/stm32h7rsxx_hal_rcc.o
                0x240546e8                HAL_RCC_ClockConfig
 .text.HAL_RCC_GetHCLKFreq
                0x24054904       0x34 ./Drivers/STM32H7RSxx_HAL_Driver/stm32h7rsxx_hal_rcc.o
                0x24054904                HAL_RCC_GetHCLKFreq
 .text.HAL_RCC_GetPCLK1Freq
                0x24054938       0x1c ./Drivers/STM32H7RSxx_HAL_Driver/stm32h7rsxx_hal_rcc.o
                0x24054938                HAL_RCC_GetPCLK1Freq
 .text.HAL_RCC_GetPCLK2Freq
                0x24054954       0x1c ./Drivers/STM32H7RSxx_HAL_Driver/stm32h7rsxx_hal_rcc.o
                0x24054954                HAL_RCC_GetPCLK2Freq
 .text.HAL_RCC_GetPCLK4Freq
                0x24054970       0x1c ./Drivers/STM32H7RSxx_HAL_Driver/stm32h7rsxx_hal_rcc.o
                0x24054970                HAL_RCC_GetPCLK4Freq
 .text.HAL_RCC_GetPLL1QFreq
                0x2405498c       0x1c ./Drivers/STM32H7RSxx_HAL_Driver/stm32h7rsxx_hal_rcc.o
                0x2405498c                HAL_RCC_GetPLL1QFreq
 .text.HAL_RCC_GetPLL2PFreq
                0x240549a8       0x1c ./Drivers/STM32H7RSxx_HAL_Driver/stm32h7rsxx_hal_rcc.o
                0x240549a8                HAL_RCC_GetPLL2PFreq
 .text.HAL_RCC_GetPLL2QFreq
                0x240549c4       0x1c ./Drivers/STM32H7RSxx_HAL_Driver/stm32h7rsxx_hal_rcc.o
                0x240549c4                HAL_RCC_GetPLL2QFreq
 .text.HAL_RCC_GetPLL2RFreq
                0x240549e0       0x1c ./Drivers/STM32H7RSxx_HAL_Driver/stm32h7rsxx_hal_rcc.o
                0x240549e0                HAL_RCC_GetPLL2RFreq
 .text.HAL_RCC_GetPLL2SFreq
                0x240549fc       0x1c ./Drivers/STM32H7RSxx_HAL_Driver/stm32h7rsxx_hal_rcc.o
                0x240549fc                HAL_RCC_GetPLL2SFreq
 .text.HAL_RCC_GetPLL2TFreq
                0x24054a18       0x1c ./Drivers/STM32H7RSxx_HAL_Driver/stm32h7rsxx_hal_rcc.o
                0x24054a18                HAL_RCC_GetPLL2TFreq
 .text.HAL_RCC_GetPLL3PFreq
                0x24054a34       0x1c ./Drivers/STM32H7RSxx_HAL_Driver/stm32h7rsxx_hal_rcc.o
                0x24054a34                HAL_RCC_GetPLL3PFreq
 .text.HAL_RCC_GetPLL3QFreq
                0x24054a50       0x1c ./Drivers/STM32H7RSxx_HAL_Driver/stm32h7rsxx_hal_rcc.o
                0x24054a50                HAL_RCC_GetPLL3QFreq
 .text.HAL_RCC_GetPLL3RFreq
                0x24054a6c       0x1c ./Drivers/STM32H7RSxx_HAL_Driver/stm32h7rsxx_hal_rcc.o
                0x24054a6c                HAL_RCC_GetPLL3RFreq
 .text.HAL_RCC_GetPLL3SFreq
                0x24054a88       0x1c ./Drivers/STM32H7RSxx_HAL_Driver/stm32h7rsxx_hal_rcc.o
                0x24054a88                HAL_RCC_GetPLL3SFreq
 .text.RCC_GetCLKPFreq
                0x24054aa4       0x60 ./Drivers/STM32H7RSxx_HAL_Driver/stm32h7rsxx_hal_rcc_ex.o
 .text.HAL_RCCEx_PeriphCLKConfig
                0x24054b04      0x8f0 ./Drivers/STM32H7RSxx_HAL_Driver/stm32h7rsxx_hal_rcc_ex.o
                0x24054b04                HAL_RCCEx_PeriphCLKConfig
 .text.HAL_RCCEx_GetPeriphCLKFreq
                0x240553f4      0xad4 ./Drivers/STM32H7RSxx_HAL_Driver/stm32h7rsxx_hal_rcc_ex.o
                0x240553f4                HAL_RCCEx_GetPeriphCLKFreq
 .text.XSPI_ConfigCmd
                0x24055ec8      0x1bc ./Drivers/STM32H7RSxx_HAL_Driver/stm32h7rsxx_hal_xspi.o
 .text.XSPI_WaitFlagStateUntilTimeout
                0x24056084       0x4e ./Drivers/STM32H7RSxx_HAL_Driver/stm32h7rsxx_hal_xspi.o
 .text.HAL_XSPI_MspInit
                0x240560d2        0x2 ./Drivers/STM32H7RSxx_HAL_Driver/stm32h7rsxx_hal_xspi.o
                0x240560d2                HAL_XSPI_MspInit
 .text.HAL_XSPI_Init
                0x240560d4      0x124 ./Drivers/STM32H7RSxx_HAL_Driver/stm32h7rsxx_hal_xspi.o
                0x240560d4                HAL_XSPI_Init
 .text.HAL_XSPI_Command
                0x240561f8       0xa4 ./Drivers/STM32H7RSxx_HAL_Driver/stm32h7rsxx_hal_xspi.o
                0x240561f8                HAL_XSPI_Command
 .text.HAL_XSPI_Transmit
                0x2405629c       0x8c ./Drivers/STM32H7RSxx_HAL_Driver/stm32h7rsxx_hal_xspi.o
                0x2405629c                HAL_XSPI_Transmit
 .text.HAL_XSPI_Receive
                0x24056328       0xb0 ./Drivers/STM32H7RSxx_HAL_Driver/stm32h7rsxx_hal_xspi.o
                0x24056328                HAL_XSPI_Receive
 .text.HAL_XSPI_MemoryMapped
                0x240563d8       0x62 ./Drivers/STM32H7RSxx_HAL_Driver/stm32h7rsxx_hal_xspi.o
                0x240563d8                HAL_XSPI_MemoryMapped
 *fill*         0x2405643a        0x2 
 .text.UTIL_LCD_SetFuncDriver
                0x2405643c       0x60 ./Utilities/stm32_lcd.o
                0x2405643c                UTIL_LCD_SetFuncDriver
 .text.UTIL_LCD_SetTextColor
                0x2405649c       0x10 ./Utilities/stm32_lcd.o
                0x2405649c                UTIL_LCD_SetTextColor
 .text.UTIL_LCD_SetBackColor
                0x240564ac       0x10 ./Utilities/stm32_lcd.o
                0x240564ac                UTIL_LCD_SetBackColor
 .text.UTIL_LCD_SetFont
                0x240564bc       0x10 ./Utilities/stm32_lcd.o
                0x240564bc                UTIL_LCD_SetFont
 .text.UTIL_LCD_FillRGBRect
                0x240564cc       0x24 ./Utilities/stm32_lcd.o
                0x240564cc                UTIL_LCD_FillRGBRect
 .text.UTIL_LCD_DrawHLine
                0x240564f0       0x40 ./Utilities/stm32_lcd.o
                0x240564f0                UTIL_LCD_DrawHLine
 .text.UTIL_LCD_SetPixel
                0x24056530       0x3c ./Utilities/stm32_lcd.o
                0x24056530                UTIL_LCD_SetPixel
 .text.UTIL_LCD_DisplayChar
                0x2405656c      0x120 ./Utilities/stm32_lcd.o
                0x2405656c                UTIL_LCD_DisplayChar
 .text.UTIL_LCD_DisplayStringAt
                0x2405668c       0x8c ./Utilities/stm32_lcd.o
                0x2405668c                UTIL_LCD_DisplayStringAt
 .text.UTIL_LCD_DrawCircle
                0x24056718      0x118 ./Utilities/stm32_lcd.o
                0x24056718                UTIL_LCD_DrawCircle
 .text.UTIL_LCD_FillRect
                0x24056830       0x48 ./Utilities/stm32_lcd.o
                0x24056830                UTIL_LCD_FillRect
 .text.UTIL_LCD_Clear
                0x24056878       0x1c ./Utilities/stm32_lcd.o
                0x24056878                UTIL_LCD_Clear
 .text.UTIL_LCD_FillCircle
                0x24056894       0xce ./Utilities/stm32_lcd.o
                0x24056894                UTIL_LCD_FillCircle
 .text.memset   0x24056962       0x10 /opt/st/stm32cubeide_2.1.0/plugins/com.st.stm32cube.ide.mcu.externaltools.gnu-tools-for-stm32.14.3.rel1.linux64_1.0.100.202602081740/tools/bin/../lib/gcc/arm-none-eabi/14.3.1/../../../../arm-none-eabi/lib/thumb/v7e-m+dp/hard/libc_nano.a(libc_a-memset.o)
                0x24056962                memset
 *fill*         0x24056972        0x2 
 .text.__libc_init_array
                0x24056974       0x48 /opt/st/stm32cubeide_2.1.0/plugins/com.st.stm32cube.ide.mcu.externaltools.gnu-tools-for-stm32.14.3.rel1.linux64_1.0.100.202602081740/tools/bin/../lib/gcc/arm-none-eabi/14.3.1/../../../../arm-none-eabi/lib/thumb/v7e-m+dp/hard/libc_nano.a(libc_a-init.o)
                0x24056974                __libc_init_array
 *(.glue_7)
 .glue_7        0x240569bc        0x0 linker stubs
 *(.glue_7t)
 .glue_7t       0x240569bc        0x0 linker stubs
 *(.eh_frame)
 .eh_frame      0x240569bc        0x0 /opt/st/stm32cubeide_2.1.0/plugins/com.st.stm32cube.ide.mcu.externaltools.gnu-tools-for-stm32.14.3.rel1.linux64_1.0.100.202602081740/tools/bin/../lib/gcc/arm-none-eabi/14.3.1/thumb/v7e-m+dp/hard/crtbegin.o
 *(.init)
 .init          0x240569bc        0x4 /opt/st/stm32cubeide_2.1.0/plugins/com.st.stm32cube.ide.mcu.externaltools.gnu-tools-for-stm32.14.3.rel1.linux64_1.0.100.202602081740/tools/bin/../lib/gcc/arm-none-eabi/14.3.1/thumb/v7e-m+dp/hard/crti.o
                0x240569bc                _init
 .init          0x240569c0        0x8 /opt/st/stm32cubeide_2.1.0/plugins/com.st.stm32cube.ide.mcu.externaltools.gnu-tools-for-stm32.14.3.rel1.linux64_1.0.100.202602081740/tools/bin/../lib/gcc/arm-none-eabi/14.3.1/thumb/v7e-m+dp/hard/crtn.o
 *(.fini)
 .fini          0x240569c8        0x4 /opt/st/stm32cubeide_2.1.0/plugins/com.st.stm32cube.ide.mcu.externaltools.gnu-tools-for-stm32.14.3.rel1.linux64_1.0.100.202602081740/tools/bin/../lib/gcc/arm-none-eabi/14.3.1/thumb/v7e-m+dp/hard/crti.o
                0x240569c8                _fini
 .fini          0x240569cc        0x8 /opt/st/stm32cubeide_2.1.0/plugins/com.st.stm32cube.ide.mcu.externaltools.gnu-tools-for-stm32.14.3.rel1.linux64_1.0.100.202602081740/tools/bin/../lib/gcc/arm-none-eabi/14.3.1/thumb/v7e-m+dp/hard/crtn.o
                0x240569d4                        . = ALIGN (0x4)
                0x240569d4                        _etext = .

.vfp11_veneer   0x240569d4        0x0
 .vfp11_veneer  0x240569d4        0x0 linker stubs

.v4_bx          0x240569d4        0x0
 .v4_bx         0x240569d4        0x0 linker stubs

.iplt           0x240569d4        0x0
 .iplt          0x240569d4        0x0 /opt/st/stm32cubeide_2.1.0/plugins/com.st.stm32cube.ide.mcu.externaltools.gnu-tools-for-stm32.14.3.rel1.linux64_1.0.100.202602081740/tools/bin/../lib/gcc/arm-none-eabi/14.3.1/thumb/v7e-m+dp/hard/crtbegin.o

.rodata         0x240569d4     0x2a18
                0x240569d4                        . = ALIGN (0x4)
 *(.rodata)
 .rodata        0x240569d4        0x4 ./Drivers/BSP/STM32H7S78-DK/stm32h7s78_discovery_lcd.o
 *(.rodata*)
 .rodata.main.str1.1
                0x240569d8       0x37 ./Application/User/main.o
                                 0x2e (size before relaxing)
 *fill*         0x24056a0f        0x1 
 .rodata.LED_PIN
                0x24056a10        0x8 ./Drivers/BSP/STM32H7S78-DK/stm32h7s78_discovery.o
 .rodata.LED_PORT
                0x24056a18       0x10 ./Drivers/BSP/STM32H7S78-DK/stm32h7s78_discovery.o
 .rodata.LCD_Driver
                0x24056a28       0x2c ./Drivers/BSP/STM32H7S78-DK/stm32h7s78_discovery_lcd.o
                0x24056a28                LCD_Driver
 .rodata.CSWTCH.1
                0x24056a54        0x8 ./Drivers/STM32H7RSxx_HAL_Driver/stm32h7rsxx_hal_ltdc.o
 .rodata.HAL_RCC_GetHCLKFreq.str1.1
                0x24056a5c        0x9 ./Drivers/STM32H7RSxx_HAL_Driver/stm32h7rsxx_hal_rcc.o
 .rodata.Font20_Table
                0x24056a5c      0xed8 ./Utilities/stm32_lcd.o
                0x24056a5c                Font20_Table
 .rodata.Font24_Table
                0x24057934     0x1ab8 ./Utilities/stm32_lcd.o
                0x24057934                Font24_Table
                0x240593ec                        . = ALIGN (0x4)

.ARM.extab      0x240593ec        0x0
                0x240593ec                        . = ALIGN (0x4)
 *(.ARM.extab* .gnu.linkonce.armextab.*)
                0x240593ec                        . = ALIGN (0x4)

.ARM            0x240593ec        0x8
                0x240593ec                        . = ALIGN (0x4)
                0x240593ec                        __exidx_start = .
 *(.ARM.exidx*)
 .ARM.exidx     0x240593ec        0x8 /opt/st/stm32cubeide_2.1.0/plugins/com.st.stm32cube.ide.mcu.externaltools.gnu-tools-for-stm32.14.3.rel1.linux64_1.0.100.202602081740/tools/bin/../lib/gcc/arm-none-eabi/14.3.1/../../../../arm-none-eabi/lib/thumb/v7e-m+dp/hard/libc_nano.a(libc_a-strlen.o)
                0x240593f4                        __exidx_end = .
                0x240593f4                        . = ALIGN (0x4)

.preinit_array  0x240593f4        0x0
                0x240593f4                        . = ALIGN (0x4)
                0x240593f4                        PROVIDE (__preinit_array_start = .)
 *(.preinit_array*)
                0x240593f4                        PROVIDE (__preinit_array_end = .)
                0x240593f4                        . = ALIGN (0x4)

.init_array     0x240593f4        0x4
                0x240593f4                        . = ALIGN (0x4)
                0x240593f4                        PROVIDE (__init_array_start = .)
 *(SORT_BY_NAME(.init_array.*))
 *(.init_array*)
 .init_array    0x240593f4        0x4 /opt/st/stm32cubeide_2.1.0/plugins/com.st.stm32cube.ide.mcu.externaltools.gnu-tools-for-stm32.14.3.rel1.linux64_1.0.100.202602081740/tools/bin/../lib/gcc/arm-none-eabi/14.3.1/thumb/v7e-m+dp/hard/crtbegin.o
                0x240593f8                        PROVIDE (__init_array_end = .)
                0x240593f8                        . = ALIGN (0x4)

.fini_array     0x240593f8        0x4
                0x240593f8                        . = ALIGN (0x4)
                [!provide]                        PROVIDE (__fini_array_start = .)
 *(SORT_BY_NAME(.fini_array.*))
 *(.fini_array*)
 .fini_array    0x240593f8        0x4 /opt/st/stm32cubeide_2.1.0/plugins/com.st.stm32cube.ide.mcu.externaltools.gnu-tools-for-stm32.14.3.rel1.linux64_1.0.100.202602081740/tools/bin/../lib/gcc/arm-none-eabi/14.3.1/thumb/v7e-m+dp/hard/crtbegin.o
                [!provide]                        PROVIDE (__fini_array_end = .)
                0x240593fc                        . = ALIGN (0x4)
                0x240593fc                        _sidata = LOADADDR (.data)

.rel.dyn        0x240593fc        0x0
 .rel.iplt      0x240593fc        0x0 /opt/st/stm32cubeide_2.1.0/plugins/com.st.stm32cube.ide.mcu.externaltools.gnu-tools-for-stm32.14.3.rel1.linux64_1.0.100.202602081740/tools/bin/../lib/gcc/arm-none-eabi/14.3.1/thumb/v7e-m+dp/hard/crtbegin.o

.data           0x24000000       0x54 load address 0x240593fc
                0x24000000                        . = ALIGN (0x4)
                0x24000000                        _sdata = .
 *(.data)
 *(.data*)
 .data.GT911_TS_Driver
                0x24000000       0x30 ./Drivers/BSP/Components/gt911.o
                0x24000000                GT911_TS_Driver
 .data.XSPI_Ram_Ctx
                0x24000030        0x5 ./Drivers/BSP/STM32H7S78-DK/stm32h7s78_discovery_xspi.o
                0x24000030                XSPI_Ram_Ctx
 *fill*         0x24000035        0x3 
 .data.SystemCoreClock
                0x24000038        0x4 ./Drivers/CMSIS/system_stm32h7rsxx.o
                0x24000038                SystemCoreClock
 .data.uwTickFreq
                0x2400003c        0x1 ./Drivers/STM32H7RSxx_HAL_Driver/stm32h7rsxx_hal.o
                0x2400003c                uwTickFreq
 *fill*         0x2400003d        0x3 
 .data.uwTickPrio
                0x24000040        0x4 ./Drivers/STM32H7RSxx_HAL_Driver/stm32h7rsxx_hal.o
                0x24000040                uwTickPrio
 .data.Font20   0x24000044        0x8 ./Utilities/stm32_lcd.o
                0x24000044                Font20
 .data.Font24   0x2400004c        0x8 ./Utilities/stm32_lcd.o
                0x2400004c                Font24
 *(.RamFunc)
 *(.RamFunc*)
                0x24000054                        . = ALIGN (0x4)
                0x24000054                        _edata = .

.igot.plt       0x24000054        0x0 load address 0x24059450
 .igot.plt      0x24000054        0x0 /opt/st/stm32cubeide_2.1.0/plugins/com.st.stm32cube.ide.mcu.externaltools.gnu-tools-for-stm32.14.3.rel1.linux64_1.0.100.202602081740/tools/bin/../lib/gcc/arm-none-eabi/14.3.1/thumb/v7e-m+dp/hard/crtbegin.o
                0x24000054                        . = ALIGN (0x4)

.bss            0x24000054      0xf80 load address 0x24059450
                0x24000054                        _sbss = .
                0x24000054                        __bss_start__ = _sbss
 *(.bss)
 .bss           0x24000054       0x1c /opt/st/stm32cubeide_2.1.0/plugins/com.st.stm32cube.ide.mcu.externaltools.gnu-tools-for-stm32.14.3.rel1.linux64_1.0.100.202602081740/tools/bin/../lib/gcc/arm-none-eabi/14.3.1/thumb/v7e-m+dp/hard/crtbegin.o
 *(.bss*)
 .bss.UserButtonPressed
                0x24000070        0x4 ./Application/User/main.o
                0x24000070                UserButtonPressed
 .bss.hpb_exti  0x24000074        0x8 ./Drivers/BSP/STM32H7S78-DK/stm32h7s78_discovery.o
                0x24000074                hpb_exti
 .bss.haudio_in_mdf
                0x2400007c       0x5c ./Drivers/BSP/STM32H7S78-DK/stm32h7s78_discovery_audio.o
                0x2400007c                haudio_in_mdf
 .bss.haudio_in_i2s
                0x240000d8       0x78 ./Drivers/BSP/STM32H7S78-DK/stm32h7s78_discovery_audio.o
                0x240000d8                haudio_in_i2s
 .bss.haudio_out_i2s
                0x24000150       0x78 ./Drivers/BSP/STM32H7S78-DK/stm32h7s78_discovery_audio.o
                0x24000150                haudio_out_i2s
 .bss.hbus_i2c1
                0x240001c8       0x54 ./Drivers/BSP/STM32H7S78-DK/stm32h7s78_discovery_bus.o
                0x240001c8                hbus_i2c1
 .bss.I2c_valid_timing_nbr
                0x2400021c        0x4 ./Drivers/BSP/STM32H7S78-DK/stm32h7s78_discovery_bus.o
 .bss.I2c_valid_timing
                0x24000220      0xa00 ./Drivers/BSP/STM32H7S78-DK/stm32h7s78_discovery_bus.o
 .bss.I2c1InitCounter
                0x24000c20        0x4 ./Drivers/BSP/STM32H7S78-DK/stm32h7s78_discovery_bus.o
 .bss.Lcd_Ctx   0x24000c24       0x20 ./Drivers/BSP/STM32H7S78-DK/stm32h7s78_discovery_lcd.o
                0x24000c24                Lcd_Ctx
 .bss.hlcd_ltdc
                0x24000c44       0xa8 ./Drivers/BSP/STM32H7S78-DK/stm32h7s78_discovery_lcd.o
                0x24000c44                hlcd_ltdc
 .bss.hlcd_dma2d
                0x24000cec       0x68 ./Drivers/BSP/STM32H7S78-DK/stm32h7s78_discovery_lcd.o
                0x24000cec                hlcd_dma2d
 .bss.hlcd_lptim_config
                0x24000d54        0x8 ./Drivers/BSP/STM32H7S78-DK/stm32h7s78_discovery_lcd.o
 .bss.hlcd_lptim
                0x24000d5c       0x50 ./Drivers/BSP/STM32H7S78-DK/stm32h7s78_discovery_lcd.o
 .bss.hsd_exti  0x24000dac        0x8 ./Drivers/BSP/STM32H7S78-DK/stm32h7s78_discovery_sd.o
                0x24000dac                hsd_exti
 .bss.GT911Obj.0
                0x24000db4       0x28 ./Drivers/BSP/STM32H7S78-DK/stm32h7s78_discovery_ts.o
 .bss.Ts_Ctx    0x24000ddc       0x28 ./Drivers/BSP/STM32H7S78-DK/stm32h7s78_discovery_ts.o
                0x24000ddc                Ts_Ctx
 .bss.Ts_CompObj
                0x24000e04        0x4 ./Drivers/BSP/STM32H7S78-DK/stm32h7s78_discovery_ts.o
                0x24000e04                Ts_CompObj
 .bss.hts_exti  0x24000e08        0x8 ./Drivers/BSP/STM32H7S78-DK/stm32h7s78_discovery_ts.o
                0x24000e08                hts_exti
 .bss.Ts_Drv    0x24000e10        0x4 ./Drivers/BSP/STM32H7S78-DK/stm32h7s78_discovery_ts.o
 .bss.hdmarx.0  0x24000e14       0x78 ./Drivers/BSP/STM32H7S78-DK/stm32h7s78_discovery_xspi.o
 .bss.hdmatx.1  0x24000e8c       0x78 ./Drivers/BSP/STM32H7S78-DK/stm32h7s78_discovery_xspi.o
 .bss.hxspi_ram
                0x24000f04       0x60 ./Drivers/BSP/STM32H7S78-DK/stm32h7s78_discovery_xspi.o
                0x24000f04                hxspi_ram
 .bss.uwTick    0x24000f64        0x4 ./Drivers/STM32H7RSxx_HAL_Driver/stm32h7rsxx_hal.o
                0x24000f64                uwTick
 .bss.FuncDriver
                0x24000f68       0x2c ./Utilities/stm32_lcd.o
 .bss.DrawProp  0x24000f94       0x40 ./Utilities/stm32_lcd.o
 *(COMMON)
                0x24000fd4                        . = ALIGN (0x4)
                0x24000fd4                        _ebss = .
                0x24000fd4                        __bss_end__ = _ebss

RW_NONCACHEABLE
                0x24050000        0x0
                0x24050000                        __NONCACHEABLEBUFFER_BEGIN = .
 *(noncacheable_buffer)
                0x24050000                        __NONCACHEABLEBUFFER_END = .

._user_heap_stack
                0x20000000      0x600
                0x20000000                        . = ALIGN (0x8)
                [!provide]                        PROVIDE (end = .)
                0x20000000                        PROVIDE (_end = .)
                0x20000200                        . = (. + _Min_Heap_Size)
 *fill*         0x20000000      0x200 
                0x20000600                        . = (. + _Min_Stack_Size)
 *fill*         0x20000200      0x400 
                0x20000600                        . = ALIGN (0x8)

/DISCARD/
 libc.a(*)
 libm.a(*)
 libgcc.a(*)

.ARM.attributes
                0x00000000       0x2e
 *(.ARM.attributes)
 .ARM.attributes
                0x00000000       0x20 /opt/st/stm32cubeide_2.1.0/plugins/com.st.stm32cube.ide.mcu.externaltools.gnu-tools-for-stm32.14.3.rel1.linux64_1.0.100.202602081740/tools/bin/../lib/gcc/arm-none-eabi/14.3.1/thumb/v7e-m+dp/hard/crti.o
 .ARM.attributes
                0x00000020       0x32 /opt/st/stm32cubeide_2.1.0/plugins/com.st.stm32cube.ide.mcu.externaltools.gnu-tools-for-stm32.14.3.rel1.linux64_1.0.100.202602081740/tools/bin/../lib/gcc/arm-none-eabi/14.3.1/thumb/v7e-m+dp/hard/crtbegin.o
 .ARM.attributes
                0x00000052       0x21 ./Application/Startup/startup_stm32h7s7l8hxh.o
 .ARM.attributes
                0x00000073       0x32 ./Application/User/main.o
 .ARM.attributes
                0x000000a5       0x32 ./Application/User/stm32h7rsxx_hal_msp.o
 .ARM.attributes
                0x000000d7       0x32 ./Application/User/stm32h7rsxx_it.o
 .ARM.attributes
                0x00000109       0x32 ./Drivers/BSP/Components/aps256xx.o
 .ARM.attributes
                0x0000013b       0x32 ./Drivers/BSP/Components/gt911.o
 .ARM.attributes
                0x0000016d       0x32 ./Drivers/BSP/Components/gt911_reg.o
 .ARM.attributes
                0x0000019f       0x32 ./Drivers/BSP/STM32H7S78-DK/stm32h7s78_discovery.o
 .ARM.attributes
                0x000001d1       0x32 ./Drivers/BSP/STM32H7S78-DK/stm32h7s78_discovery_audio.o
 .ARM.attributes
                0x00000203       0x32 ./Drivers/BSP/STM32H7S78-DK/stm32h7s78_discovery_bus.o
 .ARM.attributes
                0x00000235       0x32 ./Drivers/BSP/STM32H7S78-DK/stm32h7s78_discovery_lcd.o
 .ARM.attributes
                0x00000267       0x32 ./Drivers/BSP/STM32H7S78-DK/stm32h7s78_discovery_sd.o
 .ARM.attributes
                0x00000299       0x32 ./Drivers/BSP/STM32H7S78-DK/stm32h7s78_discovery_ts.o
 .ARM.attributes
                0x000002cb       0x32 ./Drivers/BSP/STM32H7S78-DK/stm32h7s78_discovery_xspi.o
 .ARM.attributes
                0x000002fd       0x32 ./Drivers/CMSIS/system_stm32h7rsxx.o
 .ARM.attributes
                0x0000032f       0x32 ./Drivers/STM32H7RSxx_HAL_Driver/stm32h7rsxx_hal.o
 .ARM.attributes
                0x00000361       0x32 ./Drivers/STM32H7RSxx_HAL_Driver/stm32h7rsxx_hal_cortex.o
 .ARM.attributes
                0x00000393       0x32 ./Drivers/STM32H7RSxx_HAL_Driver/stm32h7rsxx_hal_dma.o
 .ARM.attributes
                0x000003c5       0x32 ./Drivers/STM32H7RSxx_HAL_Driver/stm32h7rsxx_hal_dma2d.o
 .ARM.attributes
                0x000003f7       0x32 ./Drivers/STM32H7RSxx_HAL_Driver/stm32h7rsxx_hal_exti.o
 .ARM.attributes
                0x00000429       0x32 ./Drivers/STM32H7RSxx_HAL_Driver/stm32h7rsxx_hal_gpio.o
 .ARM.attributes
                0x0000045b       0x32 ./Drivers/STM32H7RSxx_HAL_Driver/stm32h7rsxx_hal_i2c.o
 .ARM.attributes
                0x0000048d       0x32 ./Drivers/STM32H7RSxx_HAL_Driver/stm32h7rsxx_hal_i2c_ex.o
 .ARM.attributes
                0x000004bf       0x32 ./Drivers/STM32H7RSxx_HAL_Driver/stm32h7rsxx_hal_lptim.o
 .ARM.attributes
                0x000004f1       0x32 ./Drivers/STM32H7RSxx_HAL_Driver/stm32h7rsxx_hal_ltdc.o
 .ARM.attributes
                0x00000523       0x32 ./Drivers/STM32H7RSxx_HAL_Driver/stm32h7rsxx_hal_pwr_ex.o
 .ARM.attributes
                0x00000555       0x32 ./Drivers/STM32H7RSxx_HAL_Driver/stm32h7rsxx_hal_rcc.o
 .ARM.attributes
                0x00000587       0x32 ./Drivers/STM32H7RSxx_HAL_Driver/stm32h7rsxx_hal_rcc_ex.o
 .ARM.attributes
                0x000005b9       0x32 ./Drivers/STM32H7RSxx_HAL_Driver/stm32h7rsxx_hal_xspi.o
 .ARM.attributes
                0x000005eb       0x32 ./Utilities/stm32_lcd.o
 .ARM.attributes
                0x0000061d       0x32 /opt/st/stm32cubeide_2.1.0/plugins/com.st.stm32cube.ide.mcu.externaltools.gnu-tools-for-stm32.14.3.rel1.linux64_1.0.100.202602081740/tools/bin/../lib/gcc/arm-none-eabi/14.3.1/../../../../arm-none-eabi/lib/thumb/v7e-m+dp/hard/libc_nano.a(libc_a-memset.o)
 .ARM.attributes
                0x0000064f       0x32 /opt/st/stm32cubeide_2.1.0/plugins/com.st.stm32cube.ide.mcu.externaltools.gnu-tools-for-stm32.14.3.rel1.linux64_1.0.100.202602081740/tools/bin/../lib/gcc/arm-none-eabi/14.3.1/../../../../arm-none-eabi/lib/thumb/v7e-m+dp/hard/libc_nano.a(libc_a-init.o)
 .ARM.attributes
                0x00000681       0x17 /opt/st/stm32cubeide_2.1.0/plugins/com.st.stm32cube.ide.mcu.externaltools.gnu-tools-for-stm32.14.3.rel1.linux64_1.0.100.202602081740/tools/bin/../lib/gcc/arm-none-eabi/14.3.1/../../../../arm-none-eabi/lib/thumb/v7e-m+dp/hard/libc_nano.a(libc_a-strlen.o)
 .ARM.attributes
                0x00000698       0x20 /opt/st/stm32cubeide_2.1.0/plugins/com.st.stm32cube.ide.mcu.externaltools.gnu-tools-for-stm32.14.3.rel1.linux64_1.0.100.202602081740/tools/bin/../lib/gcc/arm-none-eabi/14.3.1/thumb/v7e-m+dp/hard/crtn.o
OUTPUT(BSP_Appli.elf elf32-littlearm)
LOAD linker stubs
LOAD /opt/st/stm32cubeide_2.1.0/plugins/com.st.stm32cube.ide.mcu.externaltools.gnu-tools-for-stm32.14.3.rel1.linux64_1.0.100.202602081740/tools/bin/../lib/gcc/arm-none-eabi/14.3.1/../../../../arm-none-eabi/lib/thumb/v7e-m+dp/hard/libc.a
LOAD /opt/st/stm32cubeide_2.1.0/plugins/com.st.stm32cube.ide.mcu.externaltools.gnu-tools-for-stm32.14.3.rel1.linux64_1.0.100.202602081740/tools/bin/../lib/gcc/arm-none-eabi/14.3.1/../../../../arm-none-eabi/lib/thumb/v7e-m+dp/hard/libm.a
LOAD /opt/st/stm32cubeide_2.1.0/plugins/com.st.stm32cube.ide.mcu.externaltools.gnu-tools-for-stm32.14.3.rel1.linux64_1.0.100.202602081740/tools/bin/../lib/gcc/arm-none-eabi/14.3.1/thumb/v7e-m+dp/hard/libgcc.a

.comment        0x00000000       0x43
 .comment       0x00000000       0x43 ./Application/User/main.o
                                 0x44 (size before relaxing)
 .comment       0x00000043       0x44 ./Application/User/stm32h7rsxx_hal_msp.o
 .comment       0x00000043       0x44 ./Application/User/stm32h7rsxx_it.o
 .comment       0x00000043       0x44 ./Drivers/BSP/Components/aps256xx.o
 .comment       0x00000043       0x44 ./Drivers/BSP/Components/gt911.o
 .comment       0x00000043       0x44 ./Drivers/BSP/Components/gt911_reg.o
 .comment       0x00000043       0x44 ./Drivers/BSP/STM32H7S78-DK/stm32h7s78_discovery.o
 .comment       0x00000043       0x44 ./Drivers/BSP/STM32H7S78-DK/stm32h7s78_discovery_audio.o
 .comment       0x00000043       0x44 ./Drivers/BSP/STM32H7S78-DK/stm32h7s78_discovery_bus.o
 .comment       0x00000043       0x44 ./Drivers/BSP/STM32H7S78-DK/stm32h7s78_discovery_lcd.o
 .comment       0x00000043       0x44 ./Drivers/BSP/STM32H7S78-DK/stm32h7s78_discovery_sd.o
 .comment       0x00000043       0x44 ./Drivers/BSP/STM32H7S78-DK/stm32h7s78_discovery_ts.o
 .comment       0x00000043       0x44 ./Drivers/BSP/STM32H7S78-DK/stm32h7s78_discovery_xspi.o
 .comment       0x00000043       0x44 ./Drivers/CMSIS/system_stm32h7rsxx.o
 .comment       0x00000043       0x44 ./Drivers/STM32H7RSxx_HAL_Driver/stm32h7rsxx_hal.o
 .comment       0x00000043       0x44 ./Drivers/STM32H7RSxx_HAL_Driver/stm32h7rsxx_hal_cortex.o
 .comment       0x00000043       0x44 ./Drivers/STM32H7RSxx_HAL_Driver/stm32h7rsxx_hal_dma.o
 .comment       0x00000043       0x44 ./Drivers/STM32H7RSxx_HAL_Driver/stm32h7rsxx_hal_dma2d.o
 .comment       0x00000043       0x44 ./Drivers/STM32H7RSxx_HAL_Driver/stm32h7rsxx_hal_exti.o
 .comment       0x00000043       0x44 ./Drivers/STM32H7RSxx_HAL_Driver/stm32h7rsxx_hal_gpio.o
 .comment       0x00000043       0x44 ./Drivers/STM32H7RSxx_HAL_Driver/stm32h7rsxx_hal_i2c.o
 .comment       0x00000043       0x44 ./Drivers/STM32H7RSxx_HAL_Driver/stm32h7rsxx_hal_i2c_ex.o
 .comment       0x00000043       0x44 ./Drivers/STM32H7RSxx_HAL_Driver/stm32h7rsxx_hal_lptim.o
 .comment       0x00000043       0x44 ./Drivers/STM32H7RSxx_HAL_Driver/stm32h7rsxx_hal_ltdc.o
 .comment       0x00000043       0x44 ./Drivers/STM32H7RSxx_HAL_Driver/stm32h7rsxx_hal_pwr_ex.o
 .comment       0x00000043       0x44 ./Drivers/STM32H7RSxx_HAL_Driver/stm32h7rsxx_hal_rcc.o
 .comment       0x00000043       0x44 ./Drivers/STM32H7RSxx_HAL_Driver/stm32h7rsxx_hal_rcc_ex.o
 .comment       0x00000043       0x44 ./Drivers/STM32H7RSxx_HAL_Driver/stm32h7rsxx_hal_xspi.o
 .comment       0x00000043       0x44 ./Utilities/stm32_lcd.o

.debug_frame    0x00000000       0x6c
 .debug_frame   0x00000000       0x20 /opt/st/stm32cubeide_2.1.0/plugins/com.st.stm32cube.ide.mcu.externaltools.gnu-tools-for-stm32.14.3.rel1.linux64_1.0.100.202602081740/tools/bin/../lib/gcc/arm-none-eabi/14.3.1/../../../../arm-none-eabi/lib/thumb/v7e-m+dp/hard/libc_nano.a(libc_a-memset.o)
 .debug_frame   0x00000020       0x2c /opt/st/stm32cubeide_2.1.0/plugins/com.st.stm32cube.ide.mcu.externaltools.gnu-tools-for-stm32.14.3.rel1.linux64_1.0.100.202602081740/tools/bin/../lib/gcc/arm-none-eabi/14.3.1/../../../../arm-none-eabi/lib/thumb/v7e-m+dp/hard/libc_nano.a(libc_a-init.o)
 .debug_frame   0x0000004c       0x20 /opt/st/stm32cubeide_2.1.0/plugins/com.st.stm32cube.ide.mcu.externaltools.gnu-tools-for-stm32.14.3.rel1.linux64_1.0.100.202602081740/tools/bin/../lib/gcc/arm-none-eabi/14.3.1/../../../../arm-none-eabi/lib/thumb/v7e-m+dp/hard/libc_nano.a(libc_a-strlen.o)
