/home/user/python_projects/EmbeddedX/projects/soot_detector/vendor_src/STM32CubeH7RS/Projects/STM32H7S78-DK/Examples/BSP/Src/audio_play.c:430:17:GetData	20	static
/home/user/python_projects/EmbeddedX/projects/soot_detector/vendor_src/STM32CubeH7RS/Projects/STM32H7S78-DK/Examples/BSP/Src/audio_play.c:403:20:AUDIO_Start	16	static
/home/user/python_projects/EmbeddedX/projects/soot_detector/vendor_src/STM32CubeH7RS/Projects/STM32H7S78-DK/Examples/BSP/Src/audio_play.c:450:9:AUDIO_Process	16	static
/home/user/python_projects/EmbeddedX/projects/soot_detector/vendor_src/STM32CubeH7RS/Projects/STM32H7S78-DK/Examples/BSP/Src/audio_play.c:89:6:AudioPlay_demo	600	static
/home/user/python_projects/EmbeddedX/projects/soot_detector/vendor_src/STM32CubeH7RS/Projects/STM32H7S78-DK/Examples/BSP/Src/audio_play.c:514:6:BSP_AUDIO_OUT_TransferComplete_CallBack	0	static
/home/user/python_projects/EmbeddedX/projects/soot_detector/vendor_src/STM32CubeH7RS/Projects/STM32H7S78-DK/Examples/BSP/Src/audio_play.c:528:6:BSP_AUDIO_OUT_HalfTransfer_CallBack	0	static
/home/user/python_projects/EmbeddedX/projects/soot_detector/vendor_src/STM32CubeH7RS/Projects/STM32H7S78-DK/Examples/BSP/Src/audio_play.c:542:6:BSP_AUDIO_OUT_Error_CallBack	8	static
