/home/user/python_projects/EmbeddedX/projects/soot_detector/vendor_src/STM32CubeH7RS/Projects/STM32H7S78-DK/Examples/BSP/Src/main.c:302:9:CheckForUserInput	1
/home/user/python_projects/EmbeddedX/projects/soot_detector/vendor_src/STM32CubeH7RS/Projects/STM32H7S78-DK/Examples/BSP/Src/main.c:312:6:ClearUserInput	1
/home/user/python_projects/EmbeddedX/projects/soot_detector/vendor_src/STM32CubeH7RS/Projects/STM32H7S78-DK/Examples/BSP/Src/main.c:322:6:BSP_PB_Callback	2
/home/user/python_projects/EmbeddedX/projects/soot_detector/vendor_src/STM32CubeH7RS/Projects/STM32H7S78-DK/Examples/BSP/Src/main.c:335:6:Error_Handler	1
/home/user/python_projects/EmbeddedX/projects/soot_detector/vendor_src/STM32CubeH7RS/Projects/STM32H7S78-DK/Examples/BSP/Src/main.c:64:5:main	12
