/home/user/python_projects/EmbeddedX/projects/soot_detector/vendor_src/STM32CubeH7RS/Projects/STM32H7S78-DK/Examples/BSP/Src/stm32h7rsxx_it.c:53:6:NMI_Handler	0	static
/home/user/python_projects/EmbeddedX/projects/soot_detector/vendor_src/STM32CubeH7RS/Projects/STM32H7S78-DK/Examples/BSP/Src/stm32h7rsxx_it.c:62:6:HardFault_Handler	0	static
/home/user/python_projects/EmbeddedX/projects/soot_detector/vendor_src/STM32CubeH7RS/Projects/STM32H7S78-DK/Examples/BSP/Src/stm32h7rsxx_it.c:75:6:MemManage_Handler	0	static
/home/user/python_projects/EmbeddedX/projects/soot_detector/vendor_src/STM32CubeH7RS/Projects/STM32H7S78-DK/Examples/BSP/Src/stm32h7rsxx_it.c:88:6:BusFault_Handler	0	static
/home/user/python_projects/EmbeddedX/projects/soot_detector/vendor_src/STM32CubeH7RS/Projects/STM32H7S78-DK/Examples/BSP/Src/stm32h7rsxx_it.c:101:6:UsageFault_Handler	0	static
/home/user/python_projects/EmbeddedX/projects/soot_detector/vendor_src/STM32CubeH7RS/Projects/STM32H7S78-DK/Examples/BSP/Src/stm32h7rsxx_it.c:114:6:SVC_Handler	0	static
/home/user/python_projects/EmbeddedX/projects/soot_detector/vendor_src/STM32CubeH7RS/Projects/STM32H7S78-DK/Examples/BSP/Src/stm32h7rsxx_it.c:123:6:DebugMon_Handler	0	static
/home/user/python_projects/EmbeddedX/projects/soot_detector/vendor_src/STM32CubeH7RS/Projects/STM32H7S78-DK/Examples/BSP/Src/stm32h7rsxx_it.c:132:6:PendSV_Handler	0	static
/home/user/python_projects/EmbeddedX/projects/soot_detector/vendor_src/STM32CubeH7RS/Projects/STM32H7S78-DK/Examples/BSP/Src/stm32h7rsxx_it.c:141:6:SysTick_Handler	0	static
/home/user/python_projects/EmbeddedX/projects/soot_detector/vendor_src/STM32CubeH7RS/Projects/STM32H7S78-DK/Examples/BSP/Src/stm32h7rsxx_it.c:158:6:EXTI3_IRQHandler	0	static
/home/user/python_projects/EmbeddedX/projects/soot_detector/vendor_src/STM32CubeH7RS/Projects/STM32H7S78-DK/Examples/BSP/Src/stm32h7rsxx_it.c:168:6:EXTI13_IRQHandler	0	static
/home/user/python_projects/EmbeddedX/projects/soot_detector/vendor_src/STM32CubeH7RS/Projects/STM32H7S78-DK/Examples/BSP/Src/stm32h7rsxx_it.c:177:6:EXTI14_IRQHandler	0	static
/home/user/python_projects/EmbeddedX/projects/soot_detector/vendor_src/STM32CubeH7RS/Projects/STM32H7S78-DK/Examples/BSP/Src/stm32h7rsxx_it.c:187:6:GPDMA1_Channel2_IRQHandler	0	static
/home/user/python_projects/EmbeddedX/projects/soot_detector/vendor_src/STM32CubeH7RS/Projects/STM32H7S78-DK/Examples/BSP/Src/stm32h7rsxx_it.c:192:6:GPDMA1_Channel4_IRQHandler	0	static
/home/user/python_projects/EmbeddedX/projects/soot_detector/vendor_src/STM32CubeH7RS/Projects/STM32H7S78-DK/Examples/BSP/Src/stm32h7rsxx_it.c:197:6:GPDMA1_Channel3_IRQHandler	0	static
