/home/user/python_projects/EmbeddedX/projects/soot_detector/vendor_src/STM32CubeH7RS/Middlewares/ST/STM32_ExtMem_Manager/psram/stm32_psram_driver.c:169:35:EXTMEM_DRIVER_PSRAM_DeInit	8	static
/home/user/python_projects/EmbeddedX/projects/soot_detector/vendor_src/STM32CubeH7RS/Middlewares/ST/STM32_ExtMem_Manager/psram/stm32_psram_driver.c:181:35:EXTMEM_DRIVER_PSRAM_Enable_MemoryMappedMode	24	static
/home/user/python_projects/EmbeddedX/projects/soot_detector/vendor_src/STM32CubeH7RS/Middlewares/ST/STM32_ExtMem_Manager/psram/stm32_psram_driver.c:211:35:EXTMEM_DRIVER_PSRAM_Disable_MemoryMappedMode	8	static
/home/user/python_projects/EmbeddedX/projects/soot_detector/vendor_src/STM32CubeH7RS/Middlewares/ST/STM32_ExtMem_Manager/psram/stm32_psram_driver.c:239:35:PSRAM_ExecuteCommand	32	static
/home/user/python_projects/EmbeddedX/projects/soot_detector/vendor_src/STM32CubeH7RS/Middlewares/ST/STM32_ExtMem_Manager/psram/stm32_psram_driver.c:92:35:EXTMEM_DRIVER_PSRAM_Init	24	static
