/home/user/python_projects/EmbeddedX/projects/soot_detector/vendor_src/STM32CubeH7RS/Middlewares/ST/STM32_ExtMem_Manager/sal/stm32_sal_xspi.c:181:19:SAL_XSPI_SetClock	12	static
/home/user/python_projects/EmbeddedX/projects/soot_detector/vendor_src/STM32CubeH7RS/Middlewares/ST/STM32_ExtMem_Manager/sal/stm32_sal_xspi.c:226:19:SAL_XSPI_Init	96	static
/home/user/python_projects/EmbeddedX/projects/soot_detector/vendor_src/STM32CubeH7RS/Middlewares/ST/STM32_ExtMem_Manager/sal/stm32_sal_xspi.c:274:19:SAL_XSPI_MemoryConfig	136	static
/home/user/python_projects/EmbeddedX/projects/soot_detector/vendor_src/STM32CubeH7RS/Middlewares/ST/STM32_ExtMem_Manager/sal/stm32_sal_xspi.c:466:19:SAL_XSPI_GetSFDP	104	static
/home/user/python_projects/EmbeddedX/projects/soot_detector/vendor_src/STM32CubeH7RS/Middlewares/ST/STM32_ExtMem_Manager/sal/stm32_sal_xspi.c:519:19:SAL_XSPI_GetId	96	static
/home/user/python_projects/EmbeddedX/projects/soot_detector/vendor_src/STM32CubeH7RS/Middlewares/ST/STM32_ExtMem_Manager/sal/stm32_sal_xspi.c:1034:19:SAL_XSPI_DisableMapMode	0	static
/home/user/python_projects/EmbeddedX/projects/soot_detector/vendor_src/STM32CubeH7RS/Middlewares/ST/STM32_ExtMem_Manager/sal/stm32_sal_xspi.c:1046:19:SAL_XSPI_UpdateMemoryType	0	static
/home/user/python_projects/EmbeddedX/projects/soot_detector/vendor_src/STM32CubeH7RS/Middlewares/ST/STM32_ExtMem_Manager/sal/stm32_sal_xspi.c:1082:19:SAL_XSPI_Abort	0	static
/home/user/python_projects/EmbeddedX/projects/soot_detector/vendor_src/STM32CubeH7RS/Middlewares/ST/STM32_ExtMem_Manager/sal/stm32_sal_xspi.c:1102:10:XSPI_FormatCommand	0	static
/home/user/python_projects/EmbeddedX/projects/soot_detector/vendor_src/STM32CubeH7RS/Middlewares/ST/STM32_ExtMem_Manager/sal/stm32_sal_xspi.c:703:19:SAL_XSPI_CommandSendAddress	96	static
/home/user/python_projects/EmbeddedX/projects/soot_detector/vendor_src/STM32CubeH7RS/Middlewares/ST/STM32_ExtMem_Manager/sal/stm32_sal_xspi.c:740:19:SAL_XSPI_CommandSendData	104	static
/home/user/python_projects/EmbeddedX/projects/soot_detector/vendor_src/STM32CubeH7RS/Middlewares/ST/STM32_ExtMem_Manager/sal/stm32_sal_xspi.c:783:19:SAL_XSPI_SendReadCommand	104	static
/home/user/python_projects/EmbeddedX/projects/soot_detector/vendor_src/STM32CubeH7RS/Middlewares/ST/STM32_ExtMem_Manager/sal/stm32_sal_xspi.c:829:19:SAL_XSPI_CommandSendReadAddress	104	static
/home/user/python_projects/EmbeddedX/projects/soot_detector/vendor_src/STM32CubeH7RS/Middlewares/ST/STM32_ExtMem_Manager/sal/stm32_sal_xspi.c:886:19:SAL_XSPI_CheckStatusRegister	120	static
/home/user/python_projects/EmbeddedX/projects/soot_detector/vendor_src/STM32CubeH7RS/Middlewares/ST/STM32_ExtMem_Manager/sal/stm32_sal_xspi.c:952:19:SAL_XSPI_ConfigureWrappMode	96	static
/home/user/python_projects/EmbeddedX/projects/soot_detector/vendor_src/STM32CubeH7RS/Middlewares/ST/STM32_ExtMem_Manager/sal/stm32_sal_xspi.c:986:19:SAL_XSPI_EnableMapMode	112	static
/home/user/python_projects/EmbeddedX/projects/soot_detector/vendor_src/STM32CubeH7RS/Middlewares/ST/STM32_ExtMem_Manager/sal/stm32_sal_xspi.c:1137:19:XSPI_Transmit	0	static
/home/user/python_projects/EmbeddedX/projects/soot_detector/vendor_src/STM32CubeH7RS/Middlewares/ST/STM32_ExtMem_Manager/sal/stm32_sal_xspi.c:663:19:SAL_XSPI_Write	104	static
/home/user/python_projects/EmbeddedX/projects/soot_detector/vendor_src/STM32CubeH7RS/Middlewares/ST/STM32_ExtMem_Manager/sal/stm32_sal_xspi.c:1179:19:XSPI_Receive	0	static
/home/user/python_projects/EmbeddedX/projects/soot_detector/vendor_src/STM32CubeH7RS/Middlewares/ST/STM32_ExtMem_Manager/sal/stm32_sal_xspi.c:600:19:SAL_XSPI_Read	104	static
