/home/user/python_projects/EmbeddedX/projects/soot_detector/vendor_src/STM32CubeH7RS/Drivers/BSP/STM32H7S78-DK/stm32h7s78_discovery_ts.c:127:9:BSP_TS_Init	64	static
/home/user/python_projects/EmbeddedX/projects/soot_detector/vendor_src/STM32CubeH7RS/Drivers/BSP/STM32H7S78-DK/stm32h7s78_discovery_ts.c:180:9:BSP_TS_DeInit	8	static
/home/user/python_projects/EmbeddedX/projects/soot_detector/vendor_src/STM32CubeH7RS/Drivers/BSP/STM32H7S78-DK/stm32h7s78_discovery_ts.c:205:9:BSP_TS_GetCapabilities	8	static
/home/user/python_projects/EmbeddedX/projects/soot_detector/vendor_src/STM32CubeH7RS/Drivers/BSP/STM32H7S78-DK/stm32h7s78_discovery_ts.c:226:9:BSP_TS_EnableIT	32	static
/home/user/python_projects/EmbeddedX/projects/soot_detector/vendor_src/STM32CubeH7RS/Drivers/BSP/STM32H7S78-DK/stm32h7s78_discovery_ts.c:278:9:BSP_TS_DisableIT	8	static
/home/user/python_projects/EmbeddedX/projects/soot_detector/vendor_src/STM32CubeH7RS/Drivers/BSP/STM32H7S78-DK/stm32h7s78_discovery_ts.c:310:6:BSP_TS_IRQHandler	0	static
/home/user/python_projects/EmbeddedX/projects/soot_detector/vendor_src/STM32CubeH7RS/Drivers/BSP/STM32H7S78-DK/stm32h7s78_discovery_ts.c:320:13:BSP_TS_Callback	0	static
/home/user/python_projects/EmbeddedX/projects/soot_detector/vendor_src/STM32CubeH7RS/Drivers/BSP/STM32H7S78-DK/stm32h7s78_discovery_ts.c:667:13:TS_EXTI_Callback	8	static
/home/user/python_projects/EmbeddedX/projects/soot_detector/vendor_src/STM32CubeH7RS/Drivers/BSP/STM32H7S78-DK/stm32h7s78_discovery_ts.c:335:9:BSP_TS_GetState	40	static
/home/user/python_projects/EmbeddedX/projects/soot_detector/vendor_src/STM32CubeH7RS/Drivers/BSP/STM32H7S78-DK/stm32h7s78_discovery_ts.c:421:9:BSP_TS_Get_MultiTouchState	160	static
/home/user/python_projects/EmbeddedX/projects/soot_detector/vendor_src/STM32CubeH7RS/Drivers/BSP/STM32H7S78-DK/stm32h7s78_discovery_ts.c:515:9:BSP_TS_GestureConfig	8	static
/home/user/python_projects/EmbeddedX/projects/soot_detector/vendor_src/STM32CubeH7RS/Drivers/BSP/STM32H7S78-DK/stm32h7s78_discovery_ts.c:540:9:BSP_TS_GetGestureId	16	static
/home/user/python_projects/EmbeddedX/projects/soot_detector/vendor_src/STM32CubeH7RS/Drivers/BSP/STM32H7S78-DK/stm32h7s78_discovery_ts.c:592:9:BSP_TS_Set_Orientation	0	static
/home/user/python_projects/EmbeddedX/projects/soot_detector/vendor_src/STM32CubeH7RS/Drivers/BSP/STM32H7S78-DK/stm32h7s78_discovery_ts.c:604:9:BSP_TS_Get_Orientation	0	static
