/home/user/python_projects/EmbeddedX/projects/soot_detector/vendor_src/STM32CubeH7RS/Drivers/BSP/STM32H7S78-DK/stm32h7s78_discovery_audio.c:2553:16:WM8904_Probe	40	static
/home/user/python_projects/EmbeddedX/projects/soot_detector/vendor_src/STM32CubeH7RS/Drivers/BSP/STM32H7S78-DK/stm32h7s78_discovery_audio.c:459:9:BSP_AUDIO_OUT_DeInit	16	static
/home/user/python_projects/EmbeddedX/projects/soot_detector/vendor_src/STM32CubeH7RS/Drivers/BSP/STM32H7S78-DK/stm32h7s78_discovery_audio.c:507:9:BSP_AUDIO_OUT_Play	16	static
/home/user/python_projects/EmbeddedX/projects/soot_detector/vendor_src/STM32CubeH7RS/Drivers/BSP/STM32H7S78-DK/stm32h7s78_discovery_audio.c:559:9:BSP_AUDIO_OUT_Pause	8	static
/home/user/python_projects/EmbeddedX/projects/soot_detector/vendor_src/STM32CubeH7RS/Drivers/BSP/STM32H7S78-DK/stm32h7s78_discovery_audio.c:595:9:BSP_AUDIO_OUT_Resume	16	static
/home/user/python_projects/EmbeddedX/projects/soot_detector/vendor_src/STM32CubeH7RS/Drivers/BSP/STM32H7S78-DK/stm32h7s78_discovery_audio.c:631:9:BSP_AUDIO_OUT_Stop	8	static
/home/user/python_projects/EmbeddedX/projects/soot_detector/vendor_src/STM32CubeH7RS/Drivers/BSP/STM32H7S78-DK/stm32h7s78_discovery_audio.c:672:9:BSP_AUDIO_OUT_Mute	8	static
/home/user/python_projects/EmbeddedX/projects/soot_detector/vendor_src/STM32CubeH7RS/Drivers/BSP/STM32H7S78-DK/stm32h7s78_discovery_audio.c:708:9:BSP_AUDIO_OUT_UnMute	16	static
/home/user/python_projects/EmbeddedX/projects/soot_detector/vendor_src/STM32CubeH7RS/Drivers/BSP/STM32H7S78-DK/stm32h7s78_discovery_audio.c:745:9:BSP_AUDIO_OUT_IsMute	0	static
/home/user/python_projects/EmbeddedX/projects/soot_detector/vendor_src/STM32CubeH7RS/Drivers/BSP/STM32H7S78-DK/stm32h7s78_discovery_audio.c:772:9:BSP_AUDIO_OUT_SetVolume	16	static
/home/user/python_projects/EmbeddedX/projects/soot_detector/vendor_src/STM32CubeH7RS/Drivers/BSP/STM32H7S78-DK/stm32h7s78_discovery_audio.c:807:9:BSP_AUDIO_OUT_GetVolume	0	static
/home/user/python_projects/EmbeddedX/projects/soot_detector/vendor_src/STM32CubeH7RS/Drivers/BSP/STM32H7S78-DK/stm32h7s78_discovery_audio.c:895:9:BSP_AUDIO_OUT_GetSampleRate	0	static
/home/user/python_projects/EmbeddedX/projects/soot_detector/vendor_src/STM32CubeH7RS/Drivers/BSP/STM32H7S78-DK/stm32h7s78_discovery_audio.c:922:9:BSP_AUDIO_OUT_SetDevice	0	static
/home/user/python_projects/EmbeddedX/projects/soot_detector/vendor_src/STM32CubeH7RS/Drivers/BSP/STM32H7S78-DK/stm32h7s78_discovery_audio.c:950:9:BSP_AUDIO_OUT_GetDevice	0	static
/home/user/python_projects/EmbeddedX/projects/soot_detector/vendor_src/STM32CubeH7RS/Drivers/BSP/STM32H7S78-DK/stm32h7s78_discovery_audio.c:977:9:BSP_AUDIO_OUT_SetBitsPerSample	8	static
/home/user/python_projects/EmbeddedX/projects/soot_detector/vendor_src/STM32CubeH7RS/Drivers/BSP/STM32H7S78-DK/stm32h7s78_discovery_audio.c:1054:9:BSP_AUDIO_OUT_GetBitsPerSample	0	static
/home/user/python_projects/EmbeddedX/projects/soot_detector/vendor_src/STM32CubeH7RS/Drivers/BSP/STM32H7S78-DK/stm32h7s78_discovery_audio.c:1081:9:BSP_AUDIO_OUT_SetChannelsNbr	0	static
/home/user/python_projects/EmbeddedX/projects/soot_detector/vendor_src/STM32CubeH7RS/Drivers/BSP/STM32H7S78-DK/stm32h7s78_discovery_audio.c:1111:9:BSP_AUDIO_OUT_GetChannelsNbr	0	static
/home/user/python_projects/EmbeddedX/projects/soot_detector/vendor_src/STM32CubeH7RS/Drivers/BSP/STM32H7S78-DK/stm32h7s78_discovery_audio.c:1138:9:BSP_AUDIO_OUT_GetState	0	static
/home/user/python_projects/EmbeddedX/projects/soot_detector/vendor_src/STM32CubeH7RS/Drivers/BSP/STM32H7S78-DK/stm32h7s78_discovery_audio.c:1160:9:BSP_AUDIO_OUT_RegisterDefaultMspCallbacks	8	static
/home/user/python_projects/EmbeddedX/projects/soot_detector/vendor_src/STM32CubeH7RS/Drivers/BSP/STM32H7S78-DK/stm32h7s78_discovery_audio.c:1194:9:BSP_AUDIO_OUT_RegisterMspCallbacks	8	static
/home/user/python_projects/EmbeddedX/projects/soot_detector/vendor_src/STM32CubeH7RS/Drivers/BSP/STM32H7S78-DK/stm32h7s78_discovery_audio.c:1228:13:BSP_AUDIO_OUT_TransferComplete_CallBack	0	static
/home/user/python_projects/EmbeddedX/projects/soot_detector/vendor_src/STM32CubeH7RS/Drivers/BSP/STM32H7S78-DK/stm32h7s78_discovery_audio.c:2967:13:I2S_TxCpltCallback	8	static
/home/user/python_projects/EmbeddedX/projects/soot_detector/vendor_src/STM32CubeH7RS/Drivers/BSP/STM32H7S78-DK/stm32h7s78_discovery_audio.c:1239:13:BSP_AUDIO_OUT_HalfTransfer_CallBack	0	static
/home/user/python_projects/EmbeddedX/projects/soot_detector/vendor_src/STM32CubeH7RS/Drivers/BSP/STM32H7S78-DK/stm32h7s78_discovery_audio.c:2979:13:I2S_TxHalfCpltCallback	8	static
/home/user/python_projects/EmbeddedX/projects/soot_detector/vendor_src/STM32CubeH7RS/Drivers/BSP/STM32H7S78-DK/stm32h7s78_discovery_audio.c:1250:13:BSP_AUDIO_OUT_Error_CallBack	0	static
/home/user/python_projects/EmbeddedX/projects/soot_detector/vendor_src/STM32CubeH7RS/Drivers/BSP/STM32H7S78-DK/stm32h7s78_discovery_audio.c:1262:6:BSP_AUDIO_OUT_IRQHandler	0	static
/home/user/python_projects/EmbeddedX/projects/soot_detector/vendor_src/STM32CubeH7RS/Drivers/BSP/STM32H7S78-DK/stm32h7s78_discovery_audio.c:1279:26:MX_I2S6_ClockConfig	320	static
/home/user/python_projects/EmbeddedX/projects/soot_detector/vendor_src/STM32CubeH7RS/Drivers/BSP/STM32H7S78-DK/stm32h7s78_discovery_audio.c:834:9:BSP_AUDIO_OUT_SetSampleRate	16	static
/home/user/python_projects/EmbeddedX/projects/soot_detector/vendor_src/STM32CubeH7RS/Drivers/BSP/STM32H7S78-DK/stm32h7s78_discovery_audio.c:1339:26:MX_I2S6_Init	8	static
/home/user/python_projects/EmbeddedX/projects/soot_detector/vendor_src/STM32CubeH7RS/Drivers/BSP/STM32H7S78-DK/stm32h7s78_discovery_audio.c:334:9:BSP_AUDIO_OUT_Init	48	static
/home/user/python_projects/EmbeddedX/projects/soot_detector/vendor_src/STM32CubeH7RS/Drivers/BSP/STM32H7S78-DK/stm32h7s78_discovery_audio.c:1586:9:BSP_AUDIO_IN_DeInit	16	static
/home/user/python_projects/EmbeddedX/projects/soot_detector/vendor_src/STM32CubeH7RS/Drivers/BSP/STM32H7S78-DK/stm32h7s78_discovery_audio.c:1656:9:BSP_AUDIO_IN_Record	40	static
/home/user/python_projects/EmbeddedX/projects/soot_detector/vendor_src/STM32CubeH7RS/Drivers/BSP/STM32H7S78-DK/stm32h7s78_discovery_audio.c:1727:9:BSP_AUDIO_IN_Pause	16	static
/home/user/python_projects/EmbeddedX/projects/soot_detector/vendor_src/STM32CubeH7RS/Drivers/BSP/STM32H7S78-DK/stm32h7s78_discovery_audio.c:1772:9:BSP_AUDIO_IN_Resume	32	static
/home/user/python_projects/EmbeddedX/projects/soot_detector/vendor_src/STM32CubeH7RS/Drivers/BSP/STM32H7S78-DK/stm32h7s78_discovery_audio.c:1822:9:BSP_AUDIO_IN_Stop	16	static
/home/user/python_projects/EmbeddedX/projects/soot_detector/vendor_src/STM32CubeH7RS/Drivers/BSP/STM32H7S78-DK/stm32h7s78_discovery_audio.c:1881:9:BSP_AUDIO_IN_SetVolume	0	static
/home/user/python_projects/EmbeddedX/projects/soot_detector/vendor_src/STM32CubeH7RS/Drivers/BSP/STM32H7S78-DK/stm32h7s78_discovery_audio.c:1903:9:BSP_AUDIO_IN_GetVolume	0	static
/home/user/python_projects/EmbeddedX/projects/soot_detector/vendor_src/STM32CubeH7RS/Drivers/BSP/STM32H7S78-DK/stm32h7s78_discovery_audio.c:2046:9:BSP_AUDIO_IN_GetSampleRate	0	static
/home/user/python_projects/EmbeddedX/projects/soot_detector/vendor_src/STM32CubeH7RS/Drivers/BSP/STM32H7S78-DK/stm32h7s78_discovery_audio.c:2073:9:BSP_AUDIO_IN_SetDevice	0	static
/home/user/python_projects/EmbeddedX/projects/soot_detector/vendor_src/STM32CubeH7RS/Drivers/BSP/STM32H7S78-DK/stm32h7s78_discovery_audio.c:2101:9:BSP_AUDIO_IN_GetDevice	0	static
/home/user/python_projects/EmbeddedX/projects/soot_detector/vendor_src/STM32CubeH7RS/Drivers/BSP/STM32H7S78-DK/stm32h7s78_discovery_audio.c:2128:9:BSP_AUDIO_IN_SetBitsPerSample	0	static
/home/user/python_projects/EmbeddedX/projects/soot_detector/vendor_src/STM32CubeH7RS/Drivers/BSP/STM32H7S78-DK/stm32h7s78_discovery_audio.c:2158:9:BSP_AUDIO_IN_GetBitsPerSample	0	static
/home/user/python_projects/EmbeddedX/projects/soot_detector/vendor_src/STM32CubeH7RS/Drivers/BSP/STM32H7S78-DK/stm32h7s78_discovery_audio.c:2185:9:BSP_AUDIO_IN_SetChannelsNbr	0	static
/home/user/python_projects/EmbeddedX/projects/soot_detector/vendor_src/STM32CubeH7RS/Drivers/BSP/STM32H7S78-DK/stm32h7s78_discovery_audio.c:2219:9:BSP_AUDIO_IN_GetChannelsNbr	0	static
/home/user/python_projects/EmbeddedX/projects/soot_detector/vendor_src/STM32CubeH7RS/Drivers/BSP/STM32H7S78-DK/stm32h7s78_discovery_audio.c:2246:9:BSP_AUDIO_IN_GetState	0	static
/home/user/python_projects/EmbeddedX/projects/soot_detector/vendor_src/STM32CubeH7RS/Drivers/BSP/STM32H7S78-DK/stm32h7s78_discovery_audio.c:2268:9:BSP_AUDIO_IN_RegisterDefaultMspCallbacks	8	static
/home/user/python_projects/EmbeddedX/projects/soot_detector/vendor_src/STM32CubeH7RS/Drivers/BSP/STM32H7S78-DK/stm32h7s78_discovery_audio.c:2325:9:BSP_AUDIO_IN_RegisterMspCallbacks	8	static
/home/user/python_projects/EmbeddedX/projects/soot_detector/vendor_src/STM32CubeH7RS/Drivers/BSP/STM32H7S78-DK/stm32h7s78_discovery_audio.c:2382:13:BSP_AUDIO_IN_TransferComplete_CallBack	0	static
/home/user/python_projects/EmbeddedX/projects/soot_detector/vendor_src/STM32CubeH7RS/Drivers/BSP/STM32H7S78-DK/stm32h7s78_discovery_audio.c:3264:13:MDF_AcqCpltCallback	24	static
/home/user/python_projects/EmbeddedX/projects/soot_detector/vendor_src/STM32CubeH7RS/Drivers/BSP/STM32H7S78-DK/stm32h7s78_discovery_audio.c:2991:13:I2S_RxCpltCallback	8	static
/home/user/python_projects/EmbeddedX/projects/soot_detector/vendor_src/STM32CubeH7RS/Drivers/BSP/STM32H7S78-DK/stm32h7s78_discovery_audio.c:2393:13:BSP_AUDIO_IN_HalfTransfer_CallBack	0	static
/home/user/python_projects/EmbeddedX/projects/soot_detector/vendor_src/STM32CubeH7RS/Drivers/BSP/STM32H7S78-DK/stm32h7s78_discovery_audio.c:3289:13:MDF_AcqHalfCpltCallback	24	static
/home/user/python_projects/EmbeddedX/projects/soot_detector/vendor_src/STM32CubeH7RS/Drivers/BSP/STM32H7S78-DK/stm32h7s78_discovery_audio.c:3012:13:I2S_RxHalfCpltCallback	8	static
/home/user/python_projects/EmbeddedX/projects/soot_detector/vendor_src/STM32CubeH7RS/Drivers/BSP/STM32H7S78-DK/stm32h7s78_discovery_audio.c:2404:13:BSP_AUDIO_IN_Error_CallBack	0	static
/home/user/python_projects/EmbeddedX/projects/soot_detector/vendor_src/STM32CubeH7RS/Drivers/BSP/STM32H7S78-DK/stm32h7s78_discovery_audio.c:3033:13:I2S_ErrorCallback	8	static
/home/user/python_projects/EmbeddedX/projects/soot_detector/vendor_src/STM32CubeH7RS/Drivers/BSP/STM32H7S78-DK/stm32h7s78_discovery_audio.c:2910:13:I2S_MspDeInit	8	static
/home/user/python_projects/EmbeddedX/projects/soot_detector/vendor_src/STM32CubeH7RS/Drivers/BSP/STM32H7S78-DK/stm32h7s78_discovery_audio.c:2594:13:I2S_MspInit	88	static
/home/user/python_projects/EmbeddedX/projects/soot_detector/vendor_src/STM32CubeH7RS/Drivers/BSP/STM32H7S78-DK/stm32h7s78_discovery_audio.c:3314:13:MDF_ErrorCallback	8	static
/home/user/python_projects/EmbeddedX/projects/soot_detector/vendor_src/STM32CubeH7RS/Drivers/BSP/STM32H7S78-DK/stm32h7s78_discovery_audio.c:3231:13:MDF_MspDeInit	8	static
/home/user/python_projects/EmbeddedX/projects/soot_detector/vendor_src/STM32CubeH7RS/Drivers/BSP/STM32H7S78-DK/stm32h7s78_discovery_audio.c:3126:13:MDF_MspInit	64	static
/home/user/python_projects/EmbeddedX/projects/soot_detector/vendor_src/STM32CubeH7RS/Drivers/BSP/STM32H7S78-DK/stm32h7s78_discovery_audio.c:2416:6:BSP_AUDIO_IN_IRQHandler	0	static
/home/user/python_projects/EmbeddedX/projects/soot_detector/vendor_src/STM32CubeH7RS/Drivers/BSP/STM32H7S78-DK/stm32h7s78_discovery_audio.c:2437:26:MX_ADF1_ClockConfig	320	static
/home/user/python_projects/EmbeddedX/projects/soot_detector/vendor_src/STM32CubeH7RS/Drivers/BSP/STM32H7S78-DK/stm32h7s78_discovery_audio.c:2502:26:MX_ADF1_Init	16	static
/home/user/python_projects/EmbeddedX/projects/soot_detector/vendor_src/STM32CubeH7RS/Drivers/BSP/STM32H7S78-DK/stm32h7s78_discovery_audio.c:1381:9:BSP_AUDIO_IN_Init	56	static
/home/user/python_projects/EmbeddedX/projects/soot_detector/vendor_src/STM32CubeH7RS/Drivers/BSP/STM32H7S78-DK/stm32h7s78_discovery_audio.c:1926:9:BSP_AUDIO_IN_SetSampleRate	40	static
