/home/user/python_projects/EmbeddedX/projects/soot_detector/vendor_src/STM32CubeH7RS/Drivers/BSP/STM32H7S78-DK/stm32h7s78_discovery_xspi.c:2066:16:XSPI_NOR_EnterSOPIMode.constprop	32	static
/home/user/python_projects/EmbeddedX/projects/soot_detector/vendor_src/STM32CubeH7RS/Drivers/BSP/STM32H7S78-DK/stm32h7s78_discovery_xspi.c:1991:16:XSPI_NOR_EnterDOPIMode.constprop	24	static
/home/user/python_projects/EmbeddedX/projects/soot_detector/vendor_src/STM32CubeH7RS/Drivers/BSP/STM32H7S78-DK/stm32h7s78_discovery_xspi.c:376:26:MX_XSPI_NOR_Init	0	static
/home/user/python_projects/EmbeddedX/projects/soot_detector/vendor_src/STM32CubeH7RS/Drivers/BSP/STM32H7S78-DK/stm32h7s78_discovery_xspi.c:494:9:BSP_XSPI_NOR_Read	32	static
/home/user/python_projects/EmbeddedX/projects/soot_detector/vendor_src/STM32CubeH7RS/Drivers/BSP/STM32H7S78-DK/stm32h7s78_discovery_xspi.c:542:9:BSP_XSPI_NOR_Write	32	static
/home/user/python_projects/EmbeddedX/projects/soot_detector/vendor_src/STM32CubeH7RS/Drivers/BSP/STM32H7S78-DK/stm32h7s78_discovery_xspi.c:640:9:BSP_XSPI_NOR_Erase_Block	24	static
/home/user/python_projects/EmbeddedX/projects/soot_detector/vendor_src/STM32CubeH7RS/Drivers/BSP/STM32H7S78-DK/stm32h7s78_discovery_xspi.c:683:9:BSP_XSPI_NOR_Erase_Chip	8	static
/home/user/python_projects/EmbeddedX/projects/soot_detector/vendor_src/STM32CubeH7RS/Drivers/BSP/STM32H7S78-DK/stm32h7s78_discovery_xspi.c:725:9:BSP_XSPI_NOR_GetStatus	16	static
/home/user/python_projects/EmbeddedX/projects/soot_detector/vendor_src/STM32CubeH7RS/Drivers/BSP/STM32H7S78-DK/stm32h7s78_discovery_xspi.c:775:9:BSP_XSPI_NOR_GetInfo	8	static
/home/user/python_projects/EmbeddedX/projects/soot_detector/vendor_src/STM32CubeH7RS/Drivers/BSP/STM32H7S78-DK/stm32h7s78_discovery_xspi.c:798:9:BSP_XSPI_NOR_EnableMemoryMappedMode	8	static
/home/user/python_projects/EmbeddedX/projects/soot_detector/vendor_src/STM32CubeH7RS/Drivers/BSP/STM32H7S78-DK/stm32h7s78_discovery_xspi.c:845:9:BSP_XSPI_NOR_DisableMemoryMappedMode	8	static
/home/user/python_projects/EmbeddedX/projects/soot_detector/vendor_src/STM32CubeH7RS/Drivers/BSP/STM32H7S78-DK/stm32h7s78_discovery_xspi.c:320:9:BSP_XSPI_NOR_DeInit	8	static
/home/user/python_projects/EmbeddedX/projects/soot_detector/vendor_src/STM32CubeH7RS/Drivers/BSP/STM32H7S78-DK/stm32h7s78_discovery_xspi.c:881:9:BSP_XSPI_NOR_ReadID	8	static
/home/user/python_projects/EmbeddedX/projects/soot_detector/vendor_src/STM32CubeH7RS/Drivers/BSP/STM32H7S78-DK/stm32h7s78_discovery_xspi.c:913:9:BSP_XSPI_NOR_ConfigFlash	40	static
/home/user/python_projects/EmbeddedX/projects/soot_detector/vendor_src/STM32CubeH7RS/Drivers/BSP/STM32H7S78-DK/stm32h7s78_discovery_xspi.c:234:9:BSP_XSPI_NOR_Init	136	static,ignoring_inline_asm
/home/user/python_projects/EmbeddedX/projects/soot_detector/vendor_src/STM32CubeH7RS/Drivers/BSP/STM32H7S78-DK/stm32h7s78_discovery_xspi.c:995:9:BSP_XSPI_NOR_SuspendErase	8	static
/home/user/python_projects/EmbeddedX/projects/soot_detector/vendor_src/STM32CubeH7RS/Drivers/BSP/STM32H7S78-DK/stm32h7s78_discovery_xspi.c:1032:9:BSP_XSPI_NOR_ResumeErase	8	static
/home/user/python_projects/EmbeddedX/projects/soot_detector/vendor_src/STM32CubeH7RS/Drivers/BSP/STM32H7S78-DK/stm32h7s78_discovery_xspi.c:1074:9:BSP_XSPI_NOR_EnterDeepPowerDown	8	static
/home/user/python_projects/EmbeddedX/projects/soot_detector/vendor_src/STM32CubeH7RS/Drivers/BSP/STM32H7S78-DK/stm32h7s78_discovery_xspi.c:1104:9:BSP_XSPI_NOR_LeaveDeepPowerDown	8	static
/home/user/python_projects/EmbeddedX/projects/soot_detector/vendor_src/STM32CubeH7RS/Drivers/BSP/STM32H7S78-DK/stm32h7s78_discovery_xspi.c:1304:26:MX_XSPI_RAM_Init	16	static
/home/user/python_projects/EmbeddedX/projects/soot_detector/vendor_src/STM32CubeH7RS/Drivers/BSP/STM32H7S78-DK/stm32h7s78_discovery_xspi.c:1422:9:BSP_XSPI_RAM_Read	32	static
/home/user/python_projects/EmbeddedX/projects/soot_detector/vendor_src/STM32CubeH7RS/Drivers/BSP/STM32H7S78-DK/stm32h7s78_discovery_xspi.c:1454:9:BSP_XSPI_RAM_Read_DMA	32	static
/home/user/python_projects/EmbeddedX/projects/soot_detector/vendor_src/STM32CubeH7RS/Drivers/BSP/STM32H7S78-DK/stm32h7s78_discovery_xspi.c:1486:9:BSP_XSPI_RAM_Write	32	static
/home/user/python_projects/EmbeddedX/projects/soot_detector/vendor_src/STM32CubeH7RS/Drivers/BSP/STM32H7S78-DK/stm32h7s78_discovery_xspi.c:1517:9:BSP_XSPI_RAM_Write_DMA	32	static
/home/user/python_projects/EmbeddedX/projects/soot_detector/vendor_src/STM32CubeH7RS/Drivers/BSP/STM32H7S78-DK/stm32h7s78_discovery_xspi.c:1545:9:BSP_XSPI_RAM_EnableMemoryMappedMode	16	static
/home/user/python_projects/EmbeddedX/projects/soot_detector/vendor_src/STM32CubeH7RS/Drivers/BSP/STM32H7S78-DK/stm32h7s78_discovery_xspi.c:1577:9:BSP_XSPI_RAM_DisableMemoryMappedMode	8	static
/home/user/python_projects/EmbeddedX/projects/soot_detector/vendor_src/STM32CubeH7RS/Drivers/BSP/STM32H7S78-DK/stm32h7s78_discovery_xspi.c:1246:9:BSP_XSPI_RAM_DeInit	16	static
/home/user/python_projects/EmbeddedX/projects/soot_detector/vendor_src/STM32CubeH7RS/Drivers/BSP/STM32H7S78-DK/stm32h7s78_discovery_xspi.c:1615:9:BSP_XSPI_RAM_ReadID	8	static
/home/user/python_projects/EmbeddedX/projects/soot_detector/vendor_src/STM32CubeH7RS/Drivers/BSP/STM32H7S78-DK/stm32h7s78_discovery_xspi.c:1646:9:BSP_XSPI_RAM_Config16BitsOctalRAM	24	static
/home/user/python_projects/EmbeddedX/projects/soot_detector/vendor_src/STM32CubeH7RS/Drivers/BSP/STM32H7S78-DK/stm32h7s78_discovery_xspi.c:1145:9:BSP_XSPI_RAM_Init	152	static
/home/user/python_projects/EmbeddedX/projects/soot_detector/vendor_src/STM32CubeH7RS/Drivers/BSP/STM32H7S78-DK/stm32h7s78_discovery_xspi.c:1767:6:BSP_XSPI_RAM_DMA_RX_IRQHandler	0	static
/home/user/python_projects/EmbeddedX/projects/soot_detector/vendor_src/STM32CubeH7RS/Drivers/BSP/STM32H7S78-DK/stm32h7s78_discovery_xspi.c:1777:6:BSP_XSPI_RAM_DMA_TX_IRQHandler	0	static
/home/user/python_projects/EmbeddedX/projects/soot_detector/vendor_src/STM32CubeH7RS/Drivers/BSP/STM32H7S78-DK/stm32h7s78_discovery_xspi.c:1787:6:BSP_XSPI_RAM_IRQHandler	0	static
