../../../../../../../../Drivers/STM32H7RSxx_HAL_Driver/Inc/stm32h7rsxx_ll_adc.h:5429:22:LL_ADC_SetChannelSamplingTime	12	static
../../../../../../../../Drivers/STM32H7RSxx_HAL_Driver/Inc/stm32h7rsxx_ll_adc.h:6790:26:LL_ADC_IsEnabled	0	static
../../../../../../../../Drivers/STM32H7RSxx_HAL_Driver/Inc/stm32h7rsxx_ll_adc.h:6912:26:LL_ADC_REG_IsConversionOngoing	0	static
../../../../../../../../Drivers/STM32H7RSxx_HAL_Driver/Inc/stm32h7rsxx_ll_adc.h:7138:26:LL_ADC_INJ_IsConversionOngoing	0	static
/home/user/python_projects/EmbeddedX/projects/soot_detector/vendor_src/STM32CubeH7RS/Drivers/STM32H7RSxx_HAL_Driver/Src/stm32h7rsxx_hal_adc_ex.c:121:19:HAL_ADCEx_Calibration_Start	24	static
/home/user/python_projects/EmbeddedX/projects/soot_detector/vendor_src/STM32CubeH7RS/Drivers/STM32H7RSxx_HAL_Driver/Src/stm32h7rsxx_hal_adc_ex.c:195:10:HAL_ADCEx_Calibration_GetValue	0	static
/home/user/python_projects/EmbeddedX/projects/soot_detector/vendor_src/STM32CubeH7RS/Drivers/STM32H7RSxx_HAL_Driver/Src/stm32h7rsxx_hal_adc_ex.c:215:19:HAL_ADCEx_Calibration_SetValue	24	static
/home/user/python_projects/EmbeddedX/projects/soot_detector/vendor_src/STM32CubeH7RS/Drivers/STM32H7RSxx_HAL_Driver/Src/stm32h7rsxx_hal_adc_ex.c:272:19:HAL_ADCEx_InjectedStart	16	static
/home/user/python_projects/EmbeddedX/projects/soot_detector/vendor_src/STM32CubeH7RS/Drivers/STM32H7RSxx_HAL_Driver/Src/stm32h7rsxx_hal_adc_ex.c:421:19:HAL_ADCEx_InjectedStop	8	static
/home/user/python_projects/EmbeddedX/projects/soot_detector/vendor_src/STM32CubeH7RS/Drivers/STM32H7RSxx_HAL_Driver/Src/stm32h7rsxx_hal_adc_ex.c:476:19:HAL_ADCEx_InjectedPollForConversion	24	static
/home/user/python_projects/EmbeddedX/projects/soot_detector/vendor_src/STM32CubeH7RS/Drivers/STM32H7RSxx_HAL_Driver/Src/stm32h7rsxx_hal_adc_ex.c:617:19:HAL_ADCEx_InjectedStart_IT	16	static
/home/user/python_projects/EmbeddedX/projects/soot_detector/vendor_src/STM32CubeH7RS/Drivers/STM32H7RSxx_HAL_Driver/Src/stm32h7rsxx_hal_adc_ex.c:790:19:HAL_ADCEx_InjectedStop_IT	8	static
/home/user/python_projects/EmbeddedX/projects/soot_detector/vendor_src/STM32CubeH7RS/Drivers/STM32H7RSxx_HAL_Driver/Src/stm32h7rsxx_hal_adc_ex.c:857:19:HAL_ADCEx_MultiModeStart_DMA	232	static
/home/user/python_projects/EmbeddedX/projects/soot_detector/vendor_src/STM32CubeH7RS/Drivers/STM32H7RSxx_HAL_Driver/Src/stm32h7rsxx_hal_adc_ex.c:1037:19:HAL_ADCEx_MultiModeStop_DMA	120	static
/home/user/python_projects/EmbeddedX/projects/soot_detector/vendor_src/STM32CubeH7RS/Drivers/STM32H7RSxx_HAL_Driver/Src/stm32h7rsxx_hal_adc_ex.c:1163:10:HAL_ADCEx_MultiModeGetValue	0	static
/home/user/python_projects/EmbeddedX/projects/soot_detector/vendor_src/STM32CubeH7RS/Drivers/STM32H7RSxx_HAL_Driver/Src/stm32h7rsxx_hal_adc_ex.c:1210:10:HAL_ADCEx_InjectedGetValue	0	static
/home/user/python_projects/EmbeddedX/projects/soot_detector/vendor_src/STM32CubeH7RS/Drivers/STM32H7RSxx_HAL_Driver/Src/stm32h7rsxx_hal_adc_ex.c:1245:13:HAL_ADCEx_InjectedConvCpltCallback	0	static
/home/user/python_projects/EmbeddedX/projects/soot_detector/vendor_src/STM32CubeH7RS/Drivers/STM32H7RSxx_HAL_Driver/Src/stm32h7rsxx_hal_adc_ex.c:1264:13:HAL_ADCEx_InjectedQueueOverflowCallback	0	static
/home/user/python_projects/EmbeddedX/projects/soot_detector/vendor_src/STM32CubeH7RS/Drivers/STM32H7RSxx_HAL_Driver/Src/stm32h7rsxx_hal_adc_ex.c:1279:13:HAL_ADCEx_LevelOutOfWindow2Callback	0	static
/home/user/python_projects/EmbeddedX/projects/soot_detector/vendor_src/STM32CubeH7RS/Drivers/STM32H7RSxx_HAL_Driver/Src/stm32h7rsxx_hal_adc_ex.c:1294:13:HAL_ADCEx_LevelOutOfWindow3Callback	0	static
/home/user/python_projects/EmbeddedX/projects/soot_detector/vendor_src/STM32CubeH7RS/Drivers/STM32H7RSxx_HAL_Driver/Src/stm32h7rsxx_hal_adc_ex.c:1310:13:HAL_ADCEx_EndOfSamplingCallback	0	static
/home/user/python_projects/EmbeddedX/projects/soot_detector/vendor_src/STM32CubeH7RS/Drivers/STM32H7RSxx_HAL_Driver/Src/stm32h7rsxx_hal_adc_ex.c:1327:19:HAL_ADCEx_RegularStop	8	static
/home/user/python_projects/EmbeddedX/projects/soot_detector/vendor_src/STM32CubeH7RS/Drivers/STM32H7RSxx_HAL_Driver/Src/stm32h7rsxx_hal_adc_ex.c:1385:19:HAL_ADCEx_RegularStop_IT	8	static
/home/user/python_projects/EmbeddedX/projects/soot_detector/vendor_src/STM32CubeH7RS/Drivers/STM32H7RSxx_HAL_Driver/Src/stm32h7rsxx_hal_adc_ex.c:1445:19:HAL_ADCEx_RegularStop_DMA	16	static
/home/user/python_projects/EmbeddedX/projects/soot_detector/vendor_src/STM32CubeH7RS/Drivers/STM32H7RSxx_HAL_Driver/Src/stm32h7rsxx_hal_adc_ex.c:1536:19:HAL_ADCEx_RegularMultiModeStop_DMA	120	static
/home/user/python_projects/EmbeddedX/projects/soot_detector/vendor_src/STM32CubeH7RS/Drivers/STM32H7RSxx_HAL_Driver/Src/stm32h7rsxx_hal_adc_ex.c:1724:19:HAL_ADCEx_InjectedConfigChannel	32	static
/home/user/python_projects/EmbeddedX/projects/soot_detector/vendor_src/STM32CubeH7RS/Drivers/STM32H7RSxx_HAL_Driver/Src/stm32h7rsxx_hal_adc_ex.c:2187:19:HAL_ADCEx_MultiModeConfigChannel	128	static
/home/user/python_projects/EmbeddedX/projects/soot_detector/vendor_src/STM32CubeH7RS/Drivers/STM32H7RSxx_HAL_Driver/Src/stm32h7rsxx_hal_adc_ex.c:2305:19:HAL_ADCEx_EnableInjectedQueue	8	static
/home/user/python_projects/EmbeddedX/projects/soot_detector/vendor_src/STM32CubeH7RS/Drivers/STM32H7RSxx_HAL_Driver/Src/stm32h7rsxx_hal_adc_ex.c:2346:19:HAL_ADCEx_DisableInjectedQueue	8	static
/home/user/python_projects/EmbeddedX/projects/soot_detector/vendor_src/STM32CubeH7RS/Drivers/STM32H7RSxx_HAL_Driver/Src/stm32h7rsxx_hal_adc_ex.c:2383:19:HAL_ADCEx_DisableVoltageRegulator	8	static
/home/user/python_projects/EmbeddedX/projects/soot_detector/vendor_src/STM32CubeH7RS/Drivers/STM32H7RSxx_HAL_Driver/Src/stm32h7rsxx_hal_adc_ex.c:2420:19:HAL_ADCEx_EnterADCDeepPowerDownMode	8	static
