../../../../../../../../Drivers/STM32H7RSxx_HAL_Driver/Inc/stm32h7rsxx_ll_bus.h:972:22:LL_AHB4_GRP1_ForceReset	0	static
../../../../../../../../Drivers/STM32H7RSxx_HAL_Driver/Inc/stm32h7rsxx_ll_bus.h:1008:22:LL_AHB4_GRP1_ReleaseReset	0	static
/home/user/python_projects/EmbeddedX/projects/soot_detector/vendor_src/STM32CubeH7RS/Drivers/STM32H7RSxx_HAL_Driver/Src/stm32h7rsxx_ll_gpio.c:109:13:LL_GPIO_DeInit	8	static
/home/user/python_projects/EmbeddedX/projects/soot_detector/vendor_src/STM32CubeH7RS/Drivers/STM32H7RSxx_HAL_Driver/Src/stm32h7rsxx_ll_gpio.c:194:13:LL_GPIO_Init	32	static
/home/user/python_projects/EmbeddedX/projects/soot_detector/vendor_src/STM32CubeH7RS/Drivers/STM32H7RSxx_HAL_Driver/Src/stm32h7rsxx_ll_gpio.c:267:6:LL_GPIO_StructInit	0	static
