/home/user/python_projects/EmbeddedX/projects/soot_detector/vendor_src/STM32CubeH7RS/Drivers/STM32H7RSxx_HAL_Driver/Src/stm32h7rsxx_hal_i2s.c:509:13:HAL_I2S_MspInit	0	static
/home/user/python_projects/EmbeddedX/projects/soot_detector/vendor_src/STM32CubeH7RS/Drivers/STM32H7RSxx_HAL_Driver/Src/stm32h7rsxx_hal_i2s.c:2418:13:I2S_DMATxCplt	0	static
/home/user/python_projects/EmbeddedX/projects/soot_detector/vendor_src/STM32CubeH7RS/Drivers/STM32H7RSxx_HAL_Driver/Src/stm32h7rsxx_hal_i2s.c:2446:13:I2S_DMATxHalfCplt	0	static
/home/user/python_projects/EmbeddedX/projects/soot_detector/vendor_src/STM32CubeH7RS/Drivers/STM32H7RSxx_HAL_Driver/Src/stm32h7rsxx_hal_i2s.c:2465:13:I2S_DMARxCplt	0	static
/home/user/python_projects/EmbeddedX/projects/soot_detector/vendor_src/STM32CubeH7RS/Drivers/STM32H7RSxx_HAL_Driver/Src/stm32h7rsxx_hal_i2s.c:2492:13:I2S_DMARxHalfCplt	0	static
/home/user/python_projects/EmbeddedX/projects/soot_detector/vendor_src/STM32CubeH7RS/Drivers/STM32H7RSxx_HAL_Driver/Src/stm32h7rsxx_hal_i2s.c:2511:13:I2SEx_DMATxRxCplt	0	static
/home/user/python_projects/EmbeddedX/projects/soot_detector/vendor_src/STM32CubeH7RS/Drivers/STM32H7RSxx_HAL_Driver/Src/stm32h7rsxx_hal_i2s.c:2544:13:I2SEx_DMATxRxHalfCplt	0	static
/home/user/python_projects/EmbeddedX/projects/soot_detector/vendor_src/STM32CubeH7RS/Drivers/STM32H7RSxx_HAL_Driver/Src/stm32h7rsxx_hal_i2s.c:2562:13:I2S_DMAError	0	static
/home/user/python_projects/EmbeddedX/projects/soot_detector/vendor_src/STM32CubeH7RS/Drivers/STM32H7RSxx_HAL_Driver/Src/stm32h7rsxx_hal_i2s.c:2660:13:I2S_Receive_16Bit_IT	4	static
/home/user/python_projects/EmbeddedX/projects/soot_detector/vendor_src/STM32CubeH7RS/Drivers/STM32H7RSxx_HAL_Driver/Src/stm32h7rsxx_hal_i2s.c:2716:13:I2S_Receive_32Bit_IT	4	static
/home/user/python_projects/EmbeddedX/projects/soot_detector/vendor_src/STM32CubeH7RS/Drivers/STM32H7RSxx_HAL_Driver/Src/stm32h7rsxx_hal_i2s.c:2628:13:I2S_Transmit_32Bit_IT	4	static
/home/user/python_projects/EmbeddedX/projects/soot_detector/vendor_src/STM32CubeH7RS/Drivers/STM32H7RSxx_HAL_Driver/Src/stm32h7rsxx_hal_i2s.c:2770:26:I2S_WaitFlagStateUntilTimeout.constprop	24	static
/home/user/python_projects/EmbeddedX/projects/soot_detector/vendor_src/STM32CubeH7RS/Drivers/STM32H7RSxx_HAL_Driver/Src/stm32h7rsxx_hal_i2s.c:525:13:HAL_I2S_MspDeInit	0	static
/home/user/python_projects/EmbeddedX/projects/soot_detector/vendor_src/STM32CubeH7RS/Drivers/STM32H7RSxx_HAL_Driver/Src/stm32h7rsxx_hal_i2s.c:2255:13:HAL_I2S_TxHalfCpltCallback	0	static
/home/user/python_projects/EmbeddedX/projects/soot_detector/vendor_src/STM32CubeH7RS/Drivers/STM32H7RSxx_HAL_Driver/Src/stm32h7rsxx_hal_i2s.c:2271:13:HAL_I2S_TxCpltCallback	0	static
/home/user/python_projects/EmbeddedX/projects/soot_detector/vendor_src/STM32CubeH7RS/Drivers/STM32H7RSxx_HAL_Driver/Src/stm32h7rsxx_hal_i2s.c:2287:13:HAL_I2S_RxHalfCpltCallback	0	static
/home/user/python_projects/EmbeddedX/projects/soot_detector/vendor_src/STM32CubeH7RS/Drivers/STM32H7RSxx_HAL_Driver/Src/stm32h7rsxx_hal_i2s.c:2303:13:HAL_I2S_RxCpltCallback	0	static
/home/user/python_projects/EmbeddedX/projects/soot_detector/vendor_src/STM32CubeH7RS/Drivers/STM32H7RSxx_HAL_Driver/Src/stm32h7rsxx_hal_i2s.c:2319:13:HAL_I2SEx_TxRxHalfCpltCallback	0	static
/home/user/python_projects/EmbeddedX/projects/soot_detector/vendor_src/STM32CubeH7RS/Drivers/STM32H7RSxx_HAL_Driver/Src/stm32h7rsxx_hal_i2s.c:2335:13:HAL_I2SEx_TxRxCpltCallback	0	static
/home/user/python_projects/EmbeddedX/projects/soot_detector/vendor_src/STM32CubeH7RS/Drivers/STM32H7RSxx_HAL_Driver/Src/stm32h7rsxx_hal_i2s.c:2351:13:HAL_I2S_ErrorCallback	0	static
/home/user/python_projects/EmbeddedX/projects/soot_detector/vendor_src/STM32CubeH7RS/Drivers/STM32H7RSxx_HAL_Driver/Src/stm32h7rsxx_hal_i2s.c:2590:13:I2S_Transmit_16Bit_IT	4	static
/home/user/python_projects/EmbeddedX/projects/soot_detector/vendor_src/STM32CubeH7RS/Drivers/STM32H7RSxx_HAL_Driver/Src/stm32h7rsxx_hal_i2s.c:267:19:HAL_I2S_Init	16	static
/home/user/python_projects/EmbeddedX/projects/soot_detector/vendor_src/STM32CubeH7RS/Drivers/STM32H7RSxx_HAL_Driver/Src/stm32h7rsxx_hal_i2s.c:465:19:HAL_I2S_DeInit	8	static
/home/user/python_projects/EmbeddedX/projects/soot_detector/vendor_src/STM32CubeH7RS/Drivers/STM32H7RSxx_HAL_Driver/Src/stm32h7rsxx_hal_i2s.c:547:19:HAL_I2S_RegisterCallback	0	static
/home/user/python_projects/EmbeddedX/projects/soot_detector/vendor_src/STM32CubeH7RS/Drivers/STM32H7RSxx_HAL_Driver/Src/stm32h7rsxx_hal_i2s.c:653:19:HAL_I2S_UnRegisterCallback	0	static
/home/user/python_projects/EmbeddedX/projects/soot_detector/vendor_src/STM32CubeH7RS/Drivers/STM32H7RSxx_HAL_Driver/Src/stm32h7rsxx_hal_i2s.c:804:19:HAL_I2S_Transmit	32	static
/home/user/python_projects/EmbeddedX/projects/soot_detector/vendor_src/STM32CubeH7RS/Drivers/STM32H7RSxx_HAL_Driver/Src/stm32h7rsxx_hal_i2s.c:925:19:HAL_I2S_Receive	32	static
/home/user/python_projects/EmbeddedX/projects/soot_detector/vendor_src/STM32CubeH7RS/Drivers/STM32H7RSxx_HAL_Driver/Src/stm32h7rsxx_hal_i2s.c:1035:19:HAL_I2SEx_TransmitReceive	32	static
/home/user/python_projects/EmbeddedX/projects/soot_detector/vendor_src/STM32CubeH7RS/Drivers/STM32H7RSxx_HAL_Driver/Src/stm32h7rsxx_hal_i2s.c:1184:19:HAL_I2S_Transmit_IT	8	static
/home/user/python_projects/EmbeddedX/projects/soot_detector/vendor_src/STM32CubeH7RS/Drivers/STM32H7RSxx_HAL_Driver/Src/stm32h7rsxx_hal_i2s.c:1260:19:HAL_I2S_Receive_IT	8	static
/home/user/python_projects/EmbeddedX/projects/soot_detector/vendor_src/STM32CubeH7RS/Drivers/STM32H7RSxx_HAL_Driver/Src/stm32h7rsxx_hal_i2s.c:1334:19:HAL_I2SEx_TransmitReceive_IT	12	static
/home/user/python_projects/EmbeddedX/projects/soot_detector/vendor_src/STM32CubeH7RS/Drivers/STM32H7RSxx_HAL_Driver/Src/stm32h7rsxx_hal_i2s.c:1412:19:HAL_I2S_Transmit_DMA	8	static
/home/user/python_projects/EmbeddedX/projects/soot_detector/vendor_src/STM32CubeH7RS/Drivers/STM32H7RSxx_HAL_Driver/Src/stm32h7rsxx_hal_i2s.c:1541:19:HAL_I2S_Receive_DMA	8	static
/home/user/python_projects/EmbeddedX/projects/soot_detector/vendor_src/STM32CubeH7RS/Drivers/STM32H7RSxx_HAL_Driver/Src/stm32h7rsxx_hal_i2s.c:1671:19:HAL_I2SEx_TransmitReceive_DMA	16	static
/home/user/python_projects/EmbeddedX/projects/soot_detector/vendor_src/STM32CubeH7RS/Drivers/STM32H7RSxx_HAL_Driver/Src/stm32h7rsxx_hal_i2s.c:1857:19:HAL_I2S_DMAPause	16	static
/home/user/python_projects/EmbeddedX/projects/soot_detector/vendor_src/STM32CubeH7RS/Drivers/STM32H7RSxx_HAL_Driver/Src/stm32h7rsxx_hal_i2s.c:1929:19:HAL_I2S_DMAResume	0	static
/home/user/python_projects/EmbeddedX/projects/soot_detector/vendor_src/STM32CubeH7RS/Drivers/STM32H7RSxx_HAL_Driver/Src/stm32h7rsxx_hal_i2s.c:1964:19:HAL_I2S_DMAStop	16	static
/home/user/python_projects/EmbeddedX/projects/soot_detector/vendor_src/STM32CubeH7RS/Drivers/STM32H7RSxx_HAL_Driver/Src/stm32h7rsxx_hal_i2s.c:2016:19:HAL_I2S_EnableIOSwap	0	static
/home/user/python_projects/EmbeddedX/projects/soot_detector/vendor_src/STM32CubeH7RS/Drivers/STM32H7RSxx_HAL_Driver/Src/stm32h7rsxx_hal_i2s.c:2058:19:HAL_I2S_DisableIOSwap	0	static
/home/user/python_projects/EmbeddedX/projects/soot_detector/vendor_src/STM32CubeH7RS/Drivers/STM32H7RSxx_HAL_Driver/Src/stm32h7rsxx_hal_i2s.c:2097:10:HAL_I2S_IsEnabledIOSwap	0	static
/home/user/python_projects/EmbeddedX/projects/soot_detector/vendor_src/STM32CubeH7RS/Drivers/STM32H7RSxx_HAL_Driver/Src/stm32h7rsxx_hal_i2s.c:2114:6:HAL_I2S_IRQHandler	16	static
/home/user/python_projects/EmbeddedX/projects/soot_detector/vendor_src/STM32CubeH7RS/Drivers/STM32H7RSxx_HAL_Driver/Src/stm32h7rsxx_hal_i2s.c:2386:22:HAL_I2S_GetState	0	static
/home/user/python_projects/EmbeddedX/projects/soot_detector/vendor_src/STM32CubeH7RS/Drivers/STM32H7RSxx_HAL_Driver/Src/stm32h7rsxx_hal_i2s.c:2397:10:HAL_I2S_GetError	0	static
