../../../../../../../../Drivers/CMSIS/Include/core_cm7.h:1911:22:__NVIC_EnableIRQ	16	static,ignoring_inline_asm
../../../../../../../../Drivers/CMSIS/Include/core_cm7.h:2041:22:__NVIC_SetPriority	16	static
../../../../../../../../Drivers/STM32H7RSxx_HAL_Driver/Inc/stm32h7rsxx_ll_adc.h:6994:26:LL_ADC_REG_ReadConversionData12	16	static
../../../../../../../../Drivers/STM32H7RSxx_HAL_Driver/Inc/stm32h7rsxx_ll_gpio.h:282:22:LL_GPIO_SetPinMode	48	static,ignoring_inline_asm
../../../../../../../../Drivers/STM32H7RSxx_HAL_Driver/Inc/stm32h7rsxx_ll_gpio.h:352:22:LL_GPIO_SetPinOutputType	24	static
../../../../../../../../Drivers/STM32H7RSxx_HAL_Driver/Inc/stm32h7rsxx_ll_gpio.h:423:22:LL_GPIO_SetPinSpeed	48	static,ignoring_inline_asm
../../../../../../../../Drivers/STM32H7RSxx_HAL_Driver/Inc/stm32h7rsxx_ll_gpio.h:494:22:LL_GPIO_SetPinPull	48	static,ignoring_inline_asm
../../../../../../../../Drivers/STM32H7RSxx_HAL_Driver/Inc/stm32h7rsxx_ll_gpio.h:892:22:LL_GPIO_SetOutputPin	16	static
../../../../../../../../Drivers/STM32H7RSxx_HAL_Driver/Inc/stm32h7rsxx_ll_gpio.h:921:22:LL_GPIO_ResetOutputPin	16	static
../../../../../../../../Drivers/STM32H7RSxx_HAL_Driver/Inc/stm32h7rsxx_ll_exti.h:299:22:LL_EXTI_EnableIT_0_31	16	static
../../../../../../../../Drivers/STM32H7RSxx_HAL_Driver/Inc/stm32h7rsxx_ll_exti.h:712:22:LL_EXTI_DisableEvent_0_31	16	static
../../../../../../../../Drivers/STM32H7RSxx_HAL_Driver/Inc/stm32h7rsxx_ll_exti.h:970:22:LL_EXTI_DisableRisingTrig_0_31	16	static
../../../../../../../../Drivers/STM32H7RSxx_HAL_Driver/Inc/stm32h7rsxx_ll_exti.h:1091:22:LL_EXTI_EnableFallingTrig_0_31	16	static
../../../../../../../../Drivers/STM32H7RSxx_HAL_Driver/Inc/stm32h7rsxx_ll_system.h:1372:22:LL_SBS_SetEXTISource	16	static
/home/user/python_projects/EmbeddedX/projects/soot_detector/vendor_src/STM32CubeH7RS/Drivers/BSP/STM32H7S78-DK/stm32h7s78_discovery_usbpd_pwr.c:181:9:BSP_USBPD_PWR_Init	24	static
/home/user/python_projects/EmbeddedX/projects/soot_detector/vendor_src/STM32CubeH7RS/Drivers/BSP/STM32H7S78-DK/stm32h7s78_discovery_usbpd_pwr.c:250:9:BSP_USBPD_PWR_Deinit	24	static
/home/user/python_projects/EmbeddedX/projects/soot_detector/vendor_src/STM32CubeH7RS/Drivers/BSP/STM32H7S78-DK/stm32h7s78_discovery_usbpd_pwr.c:297:9:BSP_USBPD_PWR_SetRole	32	static
/home/user/python_projects/EmbeddedX/projects/soot_detector/vendor_src/STM32CubeH7RS/Drivers/BSP/STM32H7S78-DK/stm32h7s78_discovery_usbpd_pwr.c:361:9:BSP_USBPD_PWR_SetPowerMode	32	static
/home/user/python_projects/EmbeddedX/projects/soot_detector/vendor_src/STM32CubeH7RS/Drivers/BSP/STM32H7S78-DK/stm32h7s78_discovery_usbpd_pwr.c:479:9:BSP_USBPD_PWR_GetPowerMode	24	static
/home/user/python_projects/EmbeddedX/projects/soot_detector/vendor_src/STM32CubeH7RS/Drivers/BSP/STM32H7S78-DK/stm32h7s78_discovery_usbpd_pwr.c:507:9:BSP_USBPD_PWR_VBUSInit	24	static
/home/user/python_projects/EmbeddedX/projects/soot_detector/vendor_src/STM32CubeH7RS/Drivers/BSP/STM32H7S78-DK/stm32h7s78_discovery_usbpd_pwr.c:549:9:BSP_USBPD_PWR_VBUSDeInit	32	static
/home/user/python_projects/EmbeddedX/projects/soot_detector/vendor_src/STM32CubeH7RS/Drivers/BSP/STM32H7S78-DK/stm32h7s78_discovery_usbpd_pwr.c:607:9:BSP_USBPD_PWR_VBUSOn	32	static
/home/user/python_projects/EmbeddedX/projects/soot_detector/vendor_src/STM32CubeH7RS/Drivers/BSP/STM32H7S78-DK/stm32h7s78_discovery_usbpd_pwr.c:668:9:BSP_USBPD_PWR_VBUSOff	40	static
/home/user/python_projects/EmbeddedX/projects/soot_detector/vendor_src/STM32CubeH7RS/Drivers/BSP/STM32H7S78-DK/stm32h7s78_discovery_usbpd_pwr.c:742:9:BSP_USBPD_PWR_VBUSIsOn	32	static
/home/user/python_projects/EmbeddedX/projects/soot_detector/vendor_src/STM32CubeH7RS/Drivers/BSP/STM32H7S78-DK/stm32h7s78_discovery_usbpd_pwr.c:784:9:BSP_USBPD_PWR_VBUSSetVoltage_Fixed	32	static
/home/user/python_projects/EmbeddedX/projects/soot_detector/vendor_src/STM32CubeH7RS/Drivers/BSP/STM32H7S78-DK/stm32h7s78_discovery_usbpd_pwr.c:813:9:BSP_USBPD_PWR_VBUSSetVoltage_Variable	32	static
/home/user/python_projects/EmbeddedX/projects/soot_detector/vendor_src/STM32CubeH7RS/Drivers/BSP/STM32H7S78-DK/stm32h7s78_discovery_usbpd_pwr.c:848:9:BSP_USBPD_PWR_VBUSSetVoltage_Battery	32	static
/home/user/python_projects/EmbeddedX/projects/soot_detector/vendor_src/STM32CubeH7RS/Drivers/BSP/STM32H7S78-DK/stm32h7s78_discovery_usbpd_pwr.c:886:9:BSP_USBPD_PWR_VBUSSetVoltage_APDO	32	static
/home/user/python_projects/EmbeddedX/projects/soot_detector/vendor_src/STM32CubeH7RS/Drivers/BSP/STM32H7S78-DK/stm32h7s78_discovery_usbpd_pwr.c:918:9:BSP_USBPD_PWR_SetVBUSDisconnectionThreshold	24	static
/home/user/python_projects/EmbeddedX/projects/soot_detector/vendor_src/STM32CubeH7RS/Drivers/BSP/STM32H7S78-DK/stm32h7s78_discovery_usbpd_pwr.c:948:9:BSP_USBPD_PWR_RegisterVBUSDetectCallback	24	static
/home/user/python_projects/EmbeddedX/projects/soot_detector/vendor_src/STM32CubeH7RS/Drivers/BSP/STM32H7S78-DK/stm32h7s78_discovery_usbpd_pwr.c:974:9:BSP_USBPD_PWR_VBUSGetVoltage	24	static
/home/user/python_projects/EmbeddedX/projects/soot_detector/vendor_src/STM32CubeH7RS/Drivers/BSP/STM32H7S78-DK/stm32h7s78_discovery_usbpd_pwr.c:1003:9:BSP_USBPD_PWR_VBUSGetCurrent	32	static
/home/user/python_projects/EmbeddedX/projects/soot_detector/vendor_src/STM32CubeH7RS/Drivers/BSP/STM32H7S78-DK/stm32h7s78_discovery_usbpd_pwr.c:1032:9:BSP_USBPD_PWR_VBUSDischargeOn	32	static
/home/user/python_projects/EmbeddedX/projects/soot_detector/vendor_src/STM32CubeH7RS/Drivers/BSP/STM32H7S78-DK/stm32h7s78_discovery_usbpd_pwr.c:1069:9:BSP_USBPD_PWR_VBUSDischargeOff	32	static
/home/user/python_projects/EmbeddedX/projects/soot_detector/vendor_src/STM32CubeH7RS/Drivers/BSP/STM32H7S78-DK/stm32h7s78_discovery_usbpd_pwr.c:1102:9:BSP_USBPD_PWR_VCONNInit	32	static
/home/user/python_projects/EmbeddedX/projects/soot_detector/vendor_src/STM32CubeH7RS/Drivers/BSP/STM32H7S78-DK/stm32h7s78_discovery_usbpd_pwr.c:1148:9:BSP_USBPD_PWR_VCONNDeInit	32	static
/home/user/python_projects/EmbeddedX/projects/soot_detector/vendor_src/STM32CubeH7RS/Drivers/BSP/STM32H7S78-DK/stm32h7s78_discovery_usbpd_pwr.c:1196:9:BSP_USBPD_PWR_VCONNOn	32	static
/home/user/python_projects/EmbeddedX/projects/soot_detector/vendor_src/STM32CubeH7RS/Drivers/BSP/STM32H7S78-DK/stm32h7s78_discovery_usbpd_pwr.c:1242:9:BSP_USBPD_PWR_VCONNOff	32	static
/home/user/python_projects/EmbeddedX/projects/soot_detector/vendor_src/STM32CubeH7RS/Drivers/BSP/STM32H7S78-DK/stm32h7s78_discovery_usbpd_pwr.c:1296:9:BSP_USBPD_PWR_VCONNIsOn	40	static
/home/user/python_projects/EmbeddedX/projects/soot_detector/vendor_src/STM32CubeH7RS/Drivers/BSP/STM32H7S78-DK/stm32h7s78_discovery_usbpd_pwr.c:1339:9:BSP_USBPD_PWR_VCONNDischargeOn	32	static
/home/user/python_projects/EmbeddedX/projects/soot_detector/vendor_src/STM32CubeH7RS/Drivers/BSP/STM32H7S78-DK/stm32h7s78_discovery_usbpd_pwr.c:1376:9:BSP_USBPD_PWR_VCONNDischargeOff	32	static
/home/user/python_projects/EmbeddedX/projects/soot_detector/vendor_src/STM32CubeH7RS/Drivers/BSP/STM32H7S78-DK/stm32h7s78_discovery_usbpd_pwr.c:1405:6:BSP_USBPD_PWR_EventCallback	16	static
/home/user/python_projects/EmbeddedX/projects/soot_detector/vendor_src/STM32CubeH7RS/Drivers/BSP/STM32H7S78-DK/stm32h7s78_discovery_usbpd_pwr.c:1441:13:PWR_TCPP0203_GPIOConfigInit	32	static
/home/user/python_projects/EmbeddedX/projects/soot_detector/vendor_src/STM32CubeH7RS/Drivers/BSP/STM32H7S78-DK/stm32h7s78_discovery_usbpd_pwr.c:1472:13:PWR_TCPP0203_Configure_ADC	192	static
/home/user/python_projects/EmbeddedX/projects/soot_detector/vendor_src/STM32CubeH7RS/Drivers/BSP/STM32H7S78-DK/stm32h7s78_discovery_usbpd_pwr.c:1547:13:PWR_TCPP0203_ITConfigInit	24	static
/home/user/python_projects/EmbeddedX/projects/soot_detector/vendor_src/STM32CubeH7RS/Drivers/BSP/STM32H7S78-DK/stm32h7s78_discovery_usbpd_pwr.c:1578:16:PWR_TCPP0203_BUSConfigInit	56	static
/home/user/python_projects/EmbeddedX/projects/soot_detector/vendor_src/STM32CubeH7RS/Drivers/BSP/STM32H7S78-DK/stm32h7s78_discovery_usbpd_pwr.c:1651:16:PWR_TCPP0203_ConfigDeInit	16	static
/home/user/python_projects/EmbeddedX/projects/soot_detector/vendor_src/STM32CubeH7RS/Drivers/BSP/STM32H7S78-DK/stm32h7s78_discovery_usbpd_pwr.c:1662:13:PWR_TCPP0203_EventCallback	32	static
/home/user/python_projects/EmbeddedX/projects/soot_detector/vendor_src/STM32CubeH7RS/Drivers/BSP/STM32H7S78-DK/stm32h7s78_discovery_usbpd_pwr.c:1809:17:PWR_TCPP0203_ConvertADCDataToVoltage	32	static
/home/user/python_projects/EmbeddedX/projects/soot_detector/vendor_src/STM32CubeH7RS/Drivers/BSP/STM32H7S78-DK/stm32h7s78_discovery_usbpd_pwr.c:1834:16:PWR_TCPP0203_ConvertADCDataToCurrent	32	static
