/home/user/python_projects/EmbeddedX/projects/soot_detector/vendor_src/STM32CubeH7RS/Middlewares/ST/STM32_USBPD_Library/Devices/STM32H7RSXX/src/usbpd_cad_hw_if.c:1179:6:CAD_Check_HW_SNK	20	static
/home/user/python_projects/EmbeddedX/projects/soot_detector/vendor_src/STM32CubeH7RS/Middlewares/ST/STM32_USBPD_Library/Devices/STM32H7RSXX/src/usbpd_cad_hw_if.c:435:10:CAD_StateMachine_SNK	48	static
/home/user/python_projects/EmbeddedX/projects/soot_detector/vendor_src/STM32CubeH7RS/Middlewares/ST/STM32_USBPD_Library/Devices/STM32H7RSXX/src/usbpd_cad_hw_if.c:1881:6:CAD_HW_IF_VBUSDetectCallback	16	static
../../../../../../../../Drivers/STM32H7RSxx_HAL_Driver/Inc/stm32h7rsxx_ll_gpio.h:494:22:LL_GPIO_SetPinPull.constprop	0	static
../../../../../../../../Drivers/STM32H7RSxx_HAL_Driver/Inc/stm32h7rsxx_ll_gpio.h:282:22:LL_GPIO_SetPinMode.constprop	0	static
/home/user/python_projects/EmbeddedX/projects/soot_detector/vendor_src/STM32CubeH7RS/Middlewares/ST/STM32_USBPD_Library/Devices/STM32H7RSXX/src/usbpd_cad_hw_if.c:238:6:CAD_Init	48	static
/home/user/python_projects/EmbeddedX/projects/soot_detector/vendor_src/STM32CubeH7RS/Middlewares/ST/STM32_USBPD_Library/Devices/STM32H7RSXX/src/usbpd_cad_hw_if.c:388:6:CAD_Enter_ErrorRecovery	8	static
/home/user/python_projects/EmbeddedX/projects/soot_detector/vendor_src/STM32CubeH7RS/Middlewares/ST/STM32_USBPD_Library/Devices/STM32H7RSXX/src/usbpd_cad_hw_if.c:1098:10:CAD_StateMachine	8	static
