../../../../../../../../Drivers/STM32H7RSxx_HAL_Driver/Inc/stm32h7rsxx_ll_gpio.h:282:22:LL_GPIO_SetPinMode	12	static
../../../../../../../../Drivers/STM32H7RSxx_HAL_Driver/Inc/stm32h7rsxx_ll_gpio.h:494:22:LL_GPIO_SetPinPull.constprop	8	static
/home/user/python_projects/EmbeddedX/projects/soot_detector/vendor_src/STM32CubeH7RS/Drivers/BSP/STM32H7S78-DK/stm32h7s78_discovery_usbpd_pwr.c:181:9:BSP_USBPD_PWR_Init	72	static
/home/user/python_projects/EmbeddedX/projects/soot_detector/vendor_src/STM32CubeH7RS/Drivers/BSP/STM32H7S78-DK/stm32h7s78_discovery_usbpd_pwr.c:250:9:BSP_USBPD_PWR_Deinit	0	static
/home/user/python_projects/EmbeddedX/projects/soot_detector/vendor_src/STM32CubeH7RS/Drivers/BSP/STM32H7S78-DK/stm32h7s78_discovery_usbpd_pwr.c:297:9:BSP_USBPD_PWR_SetRole	8	static
/home/user/python_projects/EmbeddedX/projects/soot_detector/vendor_src/STM32CubeH7RS/Drivers/BSP/STM32H7S78-DK/stm32h7s78_discovery_usbpd_pwr.c:361:9:BSP_USBPD_PWR_SetPowerMode	32	static
/home/user/python_projects/EmbeddedX/projects/soot_detector/vendor_src/STM32CubeH7RS/Drivers/BSP/STM32H7S78-DK/stm32h7s78_discovery_usbpd_pwr.c:479:9:BSP_USBPD_PWR_GetPowerMode	0	static
/home/user/python_projects/EmbeddedX/projects/soot_detector/vendor_src/STM32CubeH7RS/Drivers/BSP/STM32H7S78-DK/stm32h7s78_discovery_usbpd_pwr.c:507:9:BSP_USBPD_PWR_VBUSInit	208	static
/home/user/python_projects/EmbeddedX/projects/soot_detector/vendor_src/STM32CubeH7RS/Drivers/BSP/STM32H7S78-DK/stm32h7s78_discovery_usbpd_pwr.c:549:9:BSP_USBPD_PWR_VBUSDeInit	8	static
/home/user/python_projects/EmbeddedX/projects/soot_detector/vendor_src/STM32CubeH7RS/Drivers/BSP/STM32H7S78-DK/stm32h7s78_discovery_usbpd_pwr.c:607:9:BSP_USBPD_PWR_VBUSOn	8	static
/home/user/python_projects/EmbeddedX/projects/soot_detector/vendor_src/STM32CubeH7RS/Drivers/BSP/STM32H7S78-DK/stm32h7s78_discovery_usbpd_pwr.c:742:9:BSP_USBPD_PWR_VBUSIsOn	16	static
/home/user/python_projects/EmbeddedX/projects/soot_detector/vendor_src/STM32CubeH7RS/Drivers/BSP/STM32H7S78-DK/stm32h7s78_discovery_usbpd_pwr.c:784:9:BSP_USBPD_PWR_VBUSSetVoltage_Fixed	0	static
/home/user/python_projects/EmbeddedX/projects/soot_detector/vendor_src/STM32CubeH7RS/Drivers/BSP/STM32H7S78-DK/stm32h7s78_discovery_usbpd_pwr.c:813:9:BSP_USBPD_PWR_VBUSSetVoltage_Variable	0	static
/home/user/python_projects/EmbeddedX/projects/soot_detector/vendor_src/STM32CubeH7RS/Drivers/BSP/STM32H7S78-DK/stm32h7s78_discovery_usbpd_pwr.c:848:9:BSP_USBPD_PWR_VBUSSetVoltage_Battery	0	static
/home/user/python_projects/EmbeddedX/projects/soot_detector/vendor_src/STM32CubeH7RS/Drivers/BSP/STM32H7S78-DK/stm32h7s78_discovery_usbpd_pwr.c:886:9:BSP_USBPD_PWR_VBUSSetVoltage_APDO	0	static
/home/user/python_projects/EmbeddedX/projects/soot_detector/vendor_src/STM32CubeH7RS/Drivers/BSP/STM32H7S78-DK/stm32h7s78_discovery_usbpd_pwr.c:918:9:BSP_USBPD_PWR_SetVBUSDisconnectionThreshold	0	static
/home/user/python_projects/EmbeddedX/projects/soot_detector/vendor_src/STM32CubeH7RS/Drivers/BSP/STM32H7S78-DK/stm32h7s78_discovery_usbpd_pwr.c:948:9:BSP_USBPD_PWR_RegisterVBUSDetectCallback	0	static
/home/user/python_projects/EmbeddedX/projects/soot_detector/vendor_src/STM32CubeH7RS/Drivers/BSP/STM32H7S78-DK/stm32h7s78_discovery_usbpd_pwr.c:974:9:BSP_USBPD_PWR_VBUSGetVoltage	0	static
/home/user/python_projects/EmbeddedX/projects/soot_detector/vendor_src/STM32CubeH7RS/Drivers/BSP/STM32H7S78-DK/stm32h7s78_discovery_usbpd_pwr.c:668:9:BSP_USBPD_PWR_VBUSOff	24	static
/home/user/python_projects/EmbeddedX/projects/soot_detector/vendor_src/STM32CubeH7RS/Drivers/BSP/STM32H7S78-DK/stm32h7s78_discovery_usbpd_pwr.c:1003:9:BSP_USBPD_PWR_VBUSGetCurrent	0	static
/home/user/python_projects/EmbeddedX/projects/soot_detector/vendor_src/STM32CubeH7RS/Drivers/BSP/STM32H7S78-DK/stm32h7s78_discovery_usbpd_pwr.c:1032:9:BSP_USBPD_PWR_VBUSDischargeOn	8	static
/home/user/python_projects/EmbeddedX/projects/soot_detector/vendor_src/STM32CubeH7RS/Drivers/BSP/STM32H7S78-DK/stm32h7s78_discovery_usbpd_pwr.c:1069:9:BSP_USBPD_PWR_VBUSDischargeOff	8	static
/home/user/python_projects/EmbeddedX/projects/soot_detector/vendor_src/STM32CubeH7RS/Drivers/BSP/STM32H7S78-DK/stm32h7s78_discovery_usbpd_pwr.c:1102:9:BSP_USBPD_PWR_VCONNInit	16	static
/home/user/python_projects/EmbeddedX/projects/soot_detector/vendor_src/STM32CubeH7RS/Drivers/BSP/STM32H7S78-DK/stm32h7s78_discovery_usbpd_pwr.c:1148:9:BSP_USBPD_PWR_VCONNDeInit	8	static
/home/user/python_projects/EmbeddedX/projects/soot_detector/vendor_src/STM32CubeH7RS/Drivers/BSP/STM32H7S78-DK/stm32h7s78_discovery_usbpd_pwr.c:1196:9:BSP_USBPD_PWR_VCONNOn	8	static
/home/user/python_projects/EmbeddedX/projects/soot_detector/vendor_src/STM32CubeH7RS/Drivers/BSP/STM32H7S78-DK/stm32h7s78_discovery_usbpd_pwr.c:1242:9:BSP_USBPD_PWR_VCONNOff	16	static
/home/user/python_projects/EmbeddedX/projects/soot_detector/vendor_src/STM32CubeH7RS/Drivers/BSP/STM32H7S78-DK/stm32h7s78_discovery_usbpd_pwr.c:1296:9:BSP_USBPD_PWR_VCONNIsOn	24	static
/home/user/python_projects/EmbeddedX/projects/soot_detector/vendor_src/STM32CubeH7RS/Drivers/BSP/STM32H7S78-DK/stm32h7s78_discovery_usbpd_pwr.c:1339:9:BSP_USBPD_PWR_VCONNDischargeOn	8	static
/home/user/python_projects/EmbeddedX/projects/soot_detector/vendor_src/STM32CubeH7RS/Drivers/BSP/STM32H7S78-DK/stm32h7s78_discovery_usbpd_pwr.c:1376:9:BSP_USBPD_PWR_VCONNDischargeOff	8	static
/home/user/python_projects/EmbeddedX/projects/soot_detector/vendor_src/STM32CubeH7RS/Drivers/BSP/STM32H7S78-DK/stm32h7s78_discovery_usbpd_pwr.c:1405:6:BSP_USBPD_PWR_EventCallback	32	static
