../../../../../../../../Drivers/STM32H7RSxx_HAL_Driver/Inc/stm32h7rsxx_ll_exti.h:1336:26:LL_EXTI_IsActiveFlag_0_31	16	static
../../../../../../../../Drivers/STM32H7RSxx_HAL_Driver/Inc/stm32h7rsxx_ll_exti.h:1444:22:LL_EXTI_ClearFlag_0_31	16	static
/home/user/python_projects/EmbeddedX/projects/soot_detector/vendor_src/STM32CubeH7RS/Projects/STM32H7S78-DK/Applications/USB_Device/MSC_Standalone/Appli/Src/stm32h7rsxx_it.c:77:6:NMI_Handler	4	static
/home/user/python_projects/EmbeddedX/projects/soot_detector/vendor_src/STM32CubeH7RS/Projects/STM32H7S78-DK/Applications/USB_Device/MSC_Standalone/Appli/Src/stm32h7rsxx_it.c:92:6:HardFault_Handler	4	static
/home/user/python_projects/EmbeddedX/projects/soot_detector/vendor_src/STM32CubeH7RS/Projects/STM32H7S78-DK/Applications/USB_Device/MSC_Standalone/Appli/Src/stm32h7rsxx_it.c:107:6:MemManage_Handler	4	static
/home/user/python_projects/EmbeddedX/projects/soot_detector/vendor_src/STM32CubeH7RS/Projects/STM32H7S78-DK/Applications/USB_Device/MSC_Standalone/Appli/Src/stm32h7rsxx_it.c:122:6:BusFault_Handler	4	static
/home/user/python_projects/EmbeddedX/projects/soot_detector/vendor_src/STM32CubeH7RS/Projects/STM32H7S78-DK/Applications/USB_Device/MSC_Standalone/Appli/Src/stm32h7rsxx_it.c:137:6:UsageFault_Handler	4	static
/home/user/python_projects/EmbeddedX/projects/soot_detector/vendor_src/STM32CubeH7RS/Projects/STM32H7S78-DK/Applications/USB_Device/MSC_Standalone/Appli/Src/stm32h7rsxx_it.c:152:6:SVC_Handler	4	static
/home/user/python_projects/EmbeddedX/projects/soot_detector/vendor_src/STM32CubeH7RS/Projects/STM32H7S78-DK/Applications/USB_Device/MSC_Standalone/Appli/Src/stm32h7rsxx_it.c:165:6:DebugMon_Handler	4	static
/home/user/python_projects/EmbeddedX/projects/soot_detector/vendor_src/STM32CubeH7RS/Projects/STM32H7S78-DK/Applications/USB_Device/MSC_Standalone/Appli/Src/stm32h7rsxx_it.c:178:6:PendSV_Handler	4	static
/home/user/python_projects/EmbeddedX/projects/soot_detector/vendor_src/STM32CubeH7RS/Projects/STM32H7S78-DK/Applications/USB_Device/MSC_Standalone/Appli/Src/stm32h7rsxx_it.c:191:6:SysTick_Handler	8	static
/home/user/python_projects/EmbeddedX/projects/soot_detector/vendor_src/STM32CubeH7RS/Projects/STM32H7S78-DK/Applications/USB_Device/MSC_Standalone/Appli/Src/stm32h7rsxx_it.c:212:6:GPDMA1_Channel0_IRQHandler	4	static
/home/user/python_projects/EmbeddedX/projects/soot_detector/vendor_src/STM32CubeH7RS/Projects/STM32H7S78-DK/Applications/USB_Device/MSC_Standalone/Appli/Src/stm32h7rsxx_it.c:225:6:GPDMA1_Channel1_IRQHandler	4	static
/home/user/python_projects/EmbeddedX/projects/soot_detector/vendor_src/STM32CubeH7RS/Projects/STM32H7S78-DK/Applications/USB_Device/MSC_Standalone/Appli/Src/stm32h7rsxx_it.c:238:6:OTG_HS_IRQHandler	8	static
/home/user/python_projects/EmbeddedX/projects/soot_detector/vendor_src/STM32CubeH7RS/Projects/STM32H7S78-DK/Applications/USB_Device/MSC_Standalone/Appli/Src/stm32h7rsxx_it.c:252:6:UCPD1_IRQHandler	8	static
/home/user/python_projects/EmbeddedX/projects/soot_detector/vendor_src/STM32CubeH7RS/Projects/STM32H7S78-DK/Applications/USB_Device/MSC_Standalone/Appli/Src/stm32h7rsxx_it.c:269:6:SDMMC1_IRQHandler	8	static
/home/user/python_projects/EmbeddedX/projects/soot_detector/vendor_src/STM32CubeH7RS/Projects/STM32H7S78-DK/Applications/USB_Device/MSC_Standalone/Appli/Src/stm32h7rsxx_it.c:282:6:EXTI8_IRQHandler	8	static
