/home/user/python_projects/EmbeddedX/projects/soot_detector/vendor_src/STM32CubeH7RS/Drivers/BSP/Components/gt911/gt911.c:126:9:GT911_GetCapabilities	0	static
/home/user/python_projects/EmbeddedX/projects/soot_detector/vendor_src/STM32CubeH7RS/Drivers/BSP/Components/gt911/gt911.c:147:9:GT911_Init	32	static
/home/user/python_projects/EmbeddedX/projects/soot_detector/vendor_src/STM32CubeH7RS/Drivers/BSP/Components/gt911/gt911.c:214:9:GT911_DeInit	0	static
/home/user/python_projects/EmbeddedX/projects/soot_detector/vendor_src/STM32CubeH7RS/Drivers/BSP/Components/gt911/gt911.c:484:9:GT911_DisableIT	0	static
/home/user/python_projects/EmbeddedX/projects/soot_detector/vendor_src/STM32CubeH7RS/Drivers/BSP/Components/gt911/gt911.c:647:16:ReadRegWrap	4	static
/home/user/python_projects/EmbeddedX/projects/soot_detector/vendor_src/STM32CubeH7RS/Drivers/BSP/Components/gt911/gt911.c:661:16:WriteRegWrap	4	static
/home/user/python_projects/EmbeddedX/projects/soot_detector/vendor_src/STM32CubeH7RS/Drivers/BSP/Components/gt911/gt911.c:232:9:GT911_GestureConfig	24	static
/home/user/python_projects/EmbeddedX/projects/soot_detector/vendor_src/STM32CubeH7RS/Drivers/BSP/Components/gt911/gt911.c:301:9:GT911_ReadID	0	static
/home/user/python_projects/EmbeddedX/projects/soot_detector/vendor_src/STM32CubeH7RS/Drivers/BSP/Components/gt911/gt911.c:614:16:GT911_DetectTouch	16	static
/home/user/python_projects/EmbeddedX/projects/soot_detector/vendor_src/STM32CubeH7RS/Drivers/BSP/Components/gt911/gt911.c:312:9:GT911_GetState	32	static
/home/user/python_projects/EmbeddedX/projects/soot_detector/vendor_src/STM32CubeH7RS/Drivers/BSP/Components/gt911/gt911.c:361:9:GT911_GetMultiTouchState	64	static
/home/user/python_projects/EmbeddedX/projects/soot_detector/vendor_src/STM32CubeH7RS/Drivers/BSP/Components/gt911/gt911.c:423:9:GT911_GetGesture	0	static
/home/user/python_projects/EmbeddedX/projects/soot_detector/vendor_src/STM32CubeH7RS/Drivers/BSP/Components/gt911/gt911.c:434:9:GT911_EnableIT	24	static
/home/user/python_projects/EmbeddedX/projects/soot_detector/vendor_src/STM32CubeH7RS/Drivers/BSP/Components/gt911/gt911.c:517:9:GT911_ClearIT	0	static
/home/user/python_projects/EmbeddedX/projects/soot_detector/vendor_src/STM32CubeH7RS/Drivers/BSP/Components/gt911/gt911.c:501:9:GT911_ITStatus	0	static
/home/user/python_projects/EmbeddedX/projects/soot_detector/vendor_src/STM32CubeH7RS/Drivers/BSP/Components/gt911/gt911.c:86:9:GT911_RegisterBusIO	0	static
/home/user/python_projects/EmbeddedX/projects/soot_detector/vendor_src/STM32CubeH7RS/Drivers/BSP/Components/gt911/gt911.c:460:9:GT911_SetTriggerMode	0	static
/home/user/python_projects/EmbeddedX/projects/soot_detector/vendor_src/STM32CubeH7RS/Drivers/BSP/Components/gt911/gt911.c:472:9:GT911_GetTriggerMode	0	static
