/home/user/python_projects/EmbeddedX/projects/soot_detector/vendor_src/STM32CubeH7RS/Drivers/BSP/Components/tcpp0203/tcpp0203.c:780:16:TCPP0203_ReadRegWrap	4	static
/home/user/python_projects/EmbeddedX/projects/soot_detector/vendor_src/STM32CubeH7RS/Drivers/BSP/Components/tcpp0203/tcpp0203.c:795:16:TCPP0203_WriteRegWrap	4	static
/home/user/python_projects/EmbeddedX/projects/soot_detector/vendor_src/STM32CubeH7RS/Drivers/BSP/Components/tcpp0203/tcpp0203.c:172:9:TCPP0203_Init	16	static
/home/user/python_projects/EmbeddedX/projects/soot_detector/vendor_src/STM32CubeH7RS/Drivers/BSP/Components/tcpp0203/tcpp0203.c:443:9:TCPP0203_GetVConnSwitchAck	16	static
/home/user/python_projects/EmbeddedX/projects/soot_detector/vendor_src/STM32CubeH7RS/Drivers/BSP/Components/tcpp0203/tcpp0203.c:463:9:TCPP0203_GetGateDriverProviderAck	16	static
/home/user/python_projects/EmbeddedX/projects/soot_detector/vendor_src/STM32CubeH7RS/Drivers/BSP/Components/tcpp0203/tcpp0203.c:483:9:TCPP0203_GetGateDriverConsumerAck	16	static
/home/user/python_projects/EmbeddedX/projects/soot_detector/vendor_src/STM32CubeH7RS/Drivers/BSP/Components/tcpp0203/tcpp0203.c:510:9:TCPP0203_GetPowerModeAck	16	static
/home/user/python_projects/EmbeddedX/projects/soot_detector/vendor_src/STM32CubeH7RS/Drivers/BSP/Components/tcpp0203/tcpp0203.c:530:9:TCPP0203_GetVBusDischargeAck	16	static
/home/user/python_projects/EmbeddedX/projects/soot_detector/vendor_src/STM32CubeH7RS/Drivers/BSP/Components/tcpp0203/tcpp0203.c:550:9:TCPP0203_GetVConnDischargeAck	16	static
/home/user/python_projects/EmbeddedX/projects/soot_detector/vendor_src/STM32CubeH7RS/Drivers/BSP/Components/tcpp0203/tcpp0203.c:570:9:TCPP0203_GetOCPVConnFlag	16	static
/home/user/python_projects/EmbeddedX/projects/soot_detector/vendor_src/STM32CubeH7RS/Drivers/BSP/Components/tcpp0203/tcpp0203.c:590:9:TCPP0203_GetOCPVBusFlag	16	static
/home/user/python_projects/EmbeddedX/projects/soot_detector/vendor_src/STM32CubeH7RS/Drivers/BSP/Components/tcpp0203/tcpp0203.c:610:9:TCPP0203_GetOVPVBusFlag	16	static
/home/user/python_projects/EmbeddedX/projects/soot_detector/vendor_src/STM32CubeH7RS/Drivers/BSP/Components/tcpp0203/tcpp0203.c:630:9:TCPP0203_GetOVPCCFlag	16	static
/home/user/python_projects/EmbeddedX/projects/soot_detector/vendor_src/STM32CubeH7RS/Drivers/BSP/Components/tcpp0203/tcpp0203.c:650:9:TCPP0203_GetOTPFlag	16	static
/home/user/python_projects/EmbeddedX/projects/soot_detector/vendor_src/STM32CubeH7RS/Drivers/BSP/Components/tcpp0203/tcpp0203.c:670:9:TCPP0203_GetVBusOkFlag	16	static
/home/user/python_projects/EmbeddedX/projects/soot_detector/vendor_src/STM32CubeH7RS/Drivers/BSP/Components/tcpp0203/tcpp0203.c:690:9:TCPP0203_ReadTCPPType	16	static
/home/user/python_projects/EmbeddedX/projects/soot_detector/vendor_src/STM32CubeH7RS/Drivers/BSP/Components/tcpp0203/tcpp0203.c:710:9:TCPP0203_ReadVCONNPower	16	static
/home/user/python_projects/EmbeddedX/projects/soot_detector/vendor_src/STM32CubeH7RS/Drivers/BSP/Components/tcpp0203/tcpp0203.c:747:9:TCPP0203_ReadAckRegister	0	static
/home/user/python_projects/EmbeddedX/projects/soot_detector/vendor_src/STM32CubeH7RS/Drivers/BSP/Components/tcpp0203/tcpp0203.c:762:9:TCPP0203_ReadFlagRegister	0	static
/home/user/python_projects/EmbeddedX/projects/soot_detector/vendor_src/STM32CubeH7RS/Drivers/BSP/Components/tcpp0203/tcpp0203.c:224:9:TCPP0203_Reset	16	static
/home/user/python_projects/EmbeddedX/projects/soot_detector/vendor_src/STM32CubeH7RS/Drivers/BSP/Components/tcpp0203/tcpp0203.c:814:16:TCPP0203_ModifyReg0	32	static
/home/user/python_projects/EmbeddedX/projects/soot_detector/vendor_src/STM32CubeH7RS/Drivers/BSP/Components/tcpp0203/tcpp0203.c:253:9:TCPP0203_SetVConnSwitch	0	static
/home/user/python_projects/EmbeddedX/projects/soot_detector/vendor_src/STM32CubeH7RS/Drivers/BSP/Components/tcpp0203/tcpp0203.c:360:9:TCPP0203_SetPowerMode	0	static
/home/user/python_projects/EmbeddedX/projects/soot_detector/vendor_src/STM32CubeH7RS/Drivers/BSP/Components/tcpp0203/tcpp0203.c:388:9:TCPP0203_SetVBusDischarge	0	static
/home/user/python_projects/EmbeddedX/projects/soot_detector/vendor_src/STM32CubeH7RS/Drivers/BSP/Components/tcpp0203/tcpp0203.c:415:9:TCPP0203_SetVConnDischarge	0	static
/home/user/python_projects/EmbeddedX/projects/soot_detector/vendor_src/STM32CubeH7RS/Drivers/BSP/Components/tcpp0203/tcpp0203.c:727:9:TCPP0203_WriteCtrlRegister	0	static
/home/user/python_projects/EmbeddedX/projects/soot_detector/vendor_src/STM32CubeH7RS/Drivers/BSP/Components/tcpp0203/tcpp0203.c:206:9:TCPP0203_DeInit	8	static
/home/user/python_projects/EmbeddedX/projects/soot_detector/vendor_src/STM32CubeH7RS/Drivers/BSP/Components/tcpp0203/tcpp0203.c:281:9:TCPP0203_SetGateDriverProvider	0	static
/home/user/python_projects/EmbeddedX/projects/soot_detector/vendor_src/STM32CubeH7RS/Drivers/BSP/Components/tcpp0203/tcpp0203.c:317:9:TCPP0203_SetGateDriverConsumer	0	static
/home/user/python_projects/EmbeddedX/projects/soot_detector/vendor_src/STM32CubeH7RS/Drivers/BSP/Components/tcpp0203/tcpp0203.c:133:9:TCPP0203_RegisterBusIO	0	static
