../../../../../../../../Drivers/STM32H7RSxx_HAL_Driver/Inc/stm32h7rsxx_ll_rcc.h:1379:26:LL_RCC_HSE_IsReady	4	static
../../../../../../../../Drivers/STM32H7RSxx_HAL_Driver/Inc/stm32h7rsxx_ll_rcc.h:1417:26:LL_RCC_HSI_IsReady	4	static
../../../../../../../../Drivers/STM32H7RSxx_HAL_Driver/Inc/stm32h7rsxx_ll_rcc.h:1427:26:LL_RCC_HSI_IsDividerReady	4	static
../../../../../../../../Drivers/STM32H7RSxx_HAL_Driver/Inc/stm32h7rsxx_ll_rcc.h:1456:26:LL_RCC_HSI_GetDivider	4	static
../../../../../../../../Drivers/STM32H7RSxx_HAL_Driver/Inc/stm32h7rsxx_ll_rcc.h:1561:26:LL_RCC_GetXSPI2SwitchPosition	4	static
../../../../../../../../Drivers/STM32H7RSxx_HAL_Driver/Inc/stm32h7rsxx_ll_rcc.h:1576:26:LL_RCC_GetXSPI1SwitchPosition	4	static
../../../../../../../../Drivers/STM32H7RSxx_HAL_Driver/Inc/stm32h7rsxx_ll_rcc.h:1592:26:LL_RCC_GetFMCSwitchPosition	4	static
../../../../../../../../Drivers/STM32H7RSxx_HAL_Driver/Inc/stm32h7rsxx_ll_rcc.h:1666:26:LL_RCC_CSI_IsReady	4	static
../../../../../../../../Drivers/STM32H7RSxx_HAL_Driver/Inc/stm32h7rsxx_ll_rcc.h:1939:26:LL_RCC_LSE_IsReady	4	static
../../../../../../../../Drivers/STM32H7RSxx_HAL_Driver/Inc/stm32h7rsxx_ll_rcc.h:1977:26:LL_RCC_LSI_IsReady	4	static
../../../../../../../../Drivers/STM32H7RSxx_HAL_Driver/Inc/stm32h7rsxx_ll_rcc.h:2014:26:LL_RCC_GetSysClkSource	4	static
../../../../../../../../Drivers/STM32H7RSxx_HAL_Driver/Inc/stm32h7rsxx_ll_rcc.h:2187:26:LL_RCC_GetSysPrescaler	4	static
../../../../../../../../Drivers/STM32H7RSxx_HAL_Driver/Inc/stm32h7rsxx_ll_rcc.h:2206:26:LL_RCC_GetAHBPrescaler	4	static
../../../../../../../../Drivers/STM32H7RSxx_HAL_Driver/Inc/stm32h7rsxx_ll_rcc.h:2221:26:LL_RCC_GetAPB1Prescaler	4	static
../../../../../../../../Drivers/STM32H7RSxx_HAL_Driver/Inc/stm32h7rsxx_ll_rcc.h:2236:26:LL_RCC_GetAPB2Prescaler	4	static
../../../../../../../../Drivers/STM32H7RSxx_HAL_Driver/Inc/stm32h7rsxx_ll_rcc.h:2251:26:LL_RCC_GetAPB4Prescaler	4	static
../../../../../../../../Drivers/STM32H7RSxx_HAL_Driver/Inc/stm32h7rsxx_ll_rcc.h:2266:26:LL_RCC_GetAPB5Prescaler	4	static
../../../../../../../../Drivers/STM32H7RSxx_HAL_Driver/Inc/stm32h7rsxx_ll_rcc.h:2924:26:LL_RCC_GetClockSource	24	static
../../../../../../../../Drivers/STM32H7RSxx_HAL_Driver/Inc/stm32h7rsxx_ll_rcc.h:2940:26:LL_RCC_GetADCClockSource	16	static
../../../../../../../../Drivers/STM32H7RSxx_HAL_Driver/Inc/stm32h7rsxx_ll_rcc.h:2959:26:LL_RCC_GetADFClockSource	16	static
../../../../../../../../Drivers/STM32H7RSxx_HAL_Driver/Inc/stm32h7rsxx_ll_rcc.h:2975:26:LL_RCC_GetCECClockSource	16	static
../../../../../../../../Drivers/STM32H7RSxx_HAL_Driver/Inc/stm32h7rsxx_ll_rcc.h:2991:26:LL_RCC_GetCLKPClockSource	16	static
../../../../../../../../Drivers/STM32H7RSxx_HAL_Driver/Inc/stm32h7rsxx_ll_rcc.h:3006:26:LL_RCC_GetETHPHYClockSource	16	static
../../../../../../../../Drivers/STM32H7RSxx_HAL_Driver/Inc/stm32h7rsxx_ll_rcc.h:3038:26:LL_RCC_GetFDCANClockSource	16	static
../../../../../../../../Drivers/STM32H7RSxx_HAL_Driver/Inc/stm32h7rsxx_ll_rcc.h:3055:26:LL_RCC_GetFMCClockSource	16	static
../../../../../../../../Drivers/STM32H7RSxx_HAL_Driver/Inc/stm32h7rsxx_ll_rcc.h:3078:26:LL_RCC_GetI2CClockSource	16	static
../../../../../../../../Drivers/STM32H7RSxx_HAL_Driver/Inc/stm32h7rsxx_ll_rcc.h:3094:26:LL_RCC_GetI3CClockSource	16	static
../../../../../../../../Drivers/STM32H7RSxx_HAL_Driver/Inc/stm32h7rsxx_ll_rcc.h:3130:26:LL_RCC_GetLPTIMClockSource	16	static
../../../../../../../../Drivers/STM32H7RSxx_HAL_Driver/Inc/stm32h7rsxx_ll_rcc.h:3148:26:LL_RCC_GetLPUARTClockSource	16	static
../../../../../../../../Drivers/STM32H7RSxx_HAL_Driver/Inc/stm32h7rsxx_ll_rcc.h:3186:26:LL_RCC_GetXSPIClockSource	16	static
../../../../../../../../Drivers/STM32H7RSxx_HAL_Driver/Inc/stm32h7rsxx_ll_rcc.h:3200:26:LL_RCC_GetPSSIClockSource	16	static
../../../../../../../../Drivers/STM32H7RSxx_HAL_Driver/Inc/stm32h7rsxx_ll_rcc.h:3226:26:LL_RCC_GetSAIClockSource	16	static
../../../../../../../../Drivers/STM32H7RSxx_HAL_Driver/Inc/stm32h7rsxx_ll_rcc.h:3241:26:LL_RCC_GetSDMMCClockSource	16	static
../../../../../../../../Drivers/STM32H7RSxx_HAL_Driver/Inc/stm32h7rsxx_ll_rcc.h:3258:26:LL_RCC_GetSPDIFRXClockSource	16	static
../../../../../../../../Drivers/STM32H7RSxx_HAL_Driver/Inc/stm32h7rsxx_ll_rcc.h:3299:26:LL_RCC_GetSPIClockSource	16	static
../../../../../../../../Drivers/STM32H7RSxx_HAL_Driver/Inc/stm32h7rsxx_ll_rcc.h:3325:26:LL_RCC_GetUSARTClockSource	16	static
../../../../../../../../Drivers/STM32H7RSxx_HAL_Driver/Inc/stm32h7rsxx_ll_rcc.h:3342:26:LL_RCC_GetUSBPHYCClockSource	16	static
../../../../../../../../Drivers/STM32H7RSxx_HAL_Driver/Inc/stm32h7rsxx_ll_rcc.h:3710:26:LL_RCC_PLL_GetSource	4	static
../../../../../../../../Drivers/STM32H7RSxx_HAL_Driver/Inc/stm32h7rsxx_ll_rcc.h:3741:26:LL_RCC_PLL1_IsReady	4	static
../../../../../../../../Drivers/STM32H7RSxx_HAL_Driver/Inc/stm32h7rsxx_ll_rcc.h:3832:26:LL_RCC_PLL1P_IsEnabled	4	static
../../../../../../../../Drivers/STM32H7RSxx_HAL_Driver/Inc/stm32h7rsxx_ll_rcc.h:3842:26:LL_RCC_PLL1Q_IsEnabled	4	static
../../../../../../../../Drivers/STM32H7RSxx_HAL_Driver/Inc/stm32h7rsxx_ll_rcc.h:3852:26:LL_RCC_PLL1R_IsEnabled	4	static
../../../../../../../../Drivers/STM32H7RSxx_HAL_Driver/Inc/stm32h7rsxx_ll_rcc.h:3862:26:LL_RCC_PLL1S_IsEnabled	4	static
../../../../../../../../Drivers/STM32H7RSxx_HAL_Driver/Inc/stm32h7rsxx_ll_rcc.h:3872:26:LL_RCC_PLL1FRACN_IsEnabled	4	static
../../../../../../../../Drivers/STM32H7RSxx_HAL_Driver/Inc/stm32h7rsxx_ll_rcc.h:3992:26:LL_RCC_PLL1_GetN	4	static
../../../../../../../../Drivers/STM32H7RSxx_HAL_Driver/Inc/stm32h7rsxx_ll_rcc.h:4002:26:LL_RCC_PLL1_GetM	4	static
../../../../../../../../Drivers/STM32H7RSxx_HAL_Driver/Inc/stm32h7rsxx_ll_rcc.h:4012:26:LL_RCC_PLL1_GetP	4	static
../../../../../../../../Drivers/STM32H7RSxx_HAL_Driver/Inc/stm32h7rsxx_ll_rcc.h:4022:26:LL_RCC_PLL1_GetQ	4	static
../../../../../../../../Drivers/STM32H7RSxx_HAL_Driver/Inc/stm32h7rsxx_ll_rcc.h:4032:26:LL_RCC_PLL1_GetR	4	static
../../../../../../../../Drivers/STM32H7RSxx_HAL_Driver/Inc/stm32h7rsxx_ll_rcc.h:4042:26:LL_RCC_PLL1_GetS	4	static
../../../../../../../../Drivers/STM32H7RSxx_HAL_Driver/Inc/stm32h7rsxx_ll_rcc.h:4052:26:LL_RCC_PLL1_GetFRACN	4	static
../../../../../../../../Drivers/STM32H7RSxx_HAL_Driver/Inc/stm32h7rsxx_ll_rcc.h:4242:26:LL_RCC_PLL2_IsReady	4	static
../../../../../../../../Drivers/STM32H7RSxx_HAL_Driver/Inc/stm32h7rsxx_ll_rcc.h:4317:26:LL_RCC_PLL2P_IsEnabled	4	static
../../../../../../../../Drivers/STM32H7RSxx_HAL_Driver/Inc/stm32h7rsxx_ll_rcc.h:4327:26:LL_RCC_PLL2Q_IsEnabled	4	static
../../../../../../../../Drivers/STM32H7RSxx_HAL_Driver/Inc/stm32h7rsxx_ll_rcc.h:4337:26:LL_RCC_PLL2R_IsEnabled	4	static
../../../../../../../../Drivers/STM32H7RSxx_HAL_Driver/Inc/stm32h7rsxx_ll_rcc.h:4347:26:LL_RCC_PLL2S_IsEnabled	4	static
../../../../../../../../Drivers/STM32H7RSxx_HAL_Driver/Inc/stm32h7rsxx_ll_rcc.h:4357:26:LL_RCC_PLL2T_IsEnabled	4	static
../../../../../../../../Drivers/STM32H7RSxx_HAL_Driver/Inc/stm32h7rsxx_ll_rcc.h:4367:26:LL_RCC_PLL2FRACN_IsEnabled	4	static
../../../../../../../../Drivers/STM32H7RSxx_HAL_Driver/Inc/stm32h7rsxx_ll_rcc.h:4498:26:LL_RCC_PLL2_GetN	4	static
../../../../../../../../Drivers/STM32H7RSxx_HAL_Driver/Inc/stm32h7rsxx_ll_rcc.h:4508:26:LL_RCC_PLL2_GetM	4	static
../../../../../../../../Drivers/STM32H7RSxx_HAL_Driver/Inc/stm32h7rsxx_ll_rcc.h:4518:26:LL_RCC_PLL2_GetP	4	static
../../../../../../../../Drivers/STM32H7RSxx_HAL_Driver/Inc/stm32h7rsxx_ll_rcc.h:4528:26:LL_RCC_PLL2_GetQ	4	static
../../../../../../../../Drivers/STM32H7RSxx_HAL_Driver/Inc/stm32h7rsxx_ll_rcc.h:4538:26:LL_RCC_PLL2_GetR	4	static
../../../../../../../../Drivers/STM32H7RSxx_HAL_Driver/Inc/stm32h7rsxx_ll_rcc.h:4548:26:LL_RCC_PLL2_GetS	4	static
../../../../../../../../Drivers/STM32H7RSxx_HAL_Driver/Inc/stm32h7rsxx_ll_rcc.h:4558:26:LL_RCC_PLL2_GetT	4	static
../../../../../../../../Drivers/STM32H7RSxx_HAL_Driver/Inc/stm32h7rsxx_ll_rcc.h:4568:26:LL_RCC_PLL2_GetFRACN	4	static
../../../../../../../../Drivers/STM32H7RSxx_HAL_Driver/Inc/stm32h7rsxx_ll_rcc.h:4769:26:LL_RCC_PLL3_IsReady	4	static
../../../../../../../../Drivers/STM32H7RSxx_HAL_Driver/Inc/stm32h7rsxx_ll_rcc.h:4833:26:LL_RCC_PLL3P_IsEnabled	4	static
../../../../../../../../Drivers/STM32H7RSxx_HAL_Driver/Inc/stm32h7rsxx_ll_rcc.h:4843:26:LL_RCC_PLL3Q_IsEnabled	4	static
../../../../../../../../Drivers/STM32H7RSxx_HAL_Driver/Inc/stm32h7rsxx_ll_rcc.h:4853:26:LL_RCC_PLL3R_IsEnabled	4	static
../../../../../../../../Drivers/STM32H7RSxx_HAL_Driver/Inc/stm32h7rsxx_ll_rcc.h:4863:26:LL_RCC_PLL3S_IsEnabled	4	static
../../../../../../../../Drivers/STM32H7RSxx_HAL_Driver/Inc/stm32h7rsxx_ll_rcc.h:4873:26:LL_RCC_PLL3FRACN_IsEnabled	4	static
../../../../../../../../Drivers/STM32H7RSxx_HAL_Driver/Inc/stm32h7rsxx_ll_rcc.h:4993:26:LL_RCC_PLL3_GetN	4	static
../../../../../../../../Drivers/STM32H7RSxx_HAL_Driver/Inc/stm32h7rsxx_ll_rcc.h:5003:26:LL_RCC_PLL3_GetM	4	static
../../../../../../../../Drivers/STM32H7RSxx_HAL_Driver/Inc/stm32h7rsxx_ll_rcc.h:5013:26:LL_RCC_PLL3_GetP	4	static
../../../../../../../../Drivers/STM32H7RSxx_HAL_Driver/Inc/stm32h7rsxx_ll_rcc.h:5023:26:LL_RCC_PLL3_GetQ	4	static
../../../../../../../../Drivers/STM32H7RSxx_HAL_Driver/Inc/stm32h7rsxx_ll_rcc.h:5033:26:LL_RCC_PLL3_GetR	4	static
../../../../../../../../Drivers/STM32H7RSxx_HAL_Driver/Inc/stm32h7rsxx_ll_rcc.h:5043:26:LL_RCC_PLL3_GetS	4	static
../../../../../../../../Drivers/STM32H7RSxx_HAL_Driver/Inc/stm32h7rsxx_ll_rcc.h:5053:26:LL_RCC_PLL3_GetFRACN	4	static
../../../../../../../../Drivers/STM32H7RSxx_HAL_Driver/Inc/stm32h7rsxx_ll_rcc.h:5853:26:LL_RCC_CalcPLLClockFreq	32	static
/home/user/python_projects/EmbeddedX/projects/soot_detector/vendor_src/STM32CubeH7RS/Drivers/STM32H7RSxx_HAL_Driver/Src/stm32h7rsxx_ll_rcc.c:156:6:LL_RCC_DeInit	8	static
/home/user/python_projects/EmbeddedX/projects/soot_detector/vendor_src/STM32CubeH7RS/Drivers/STM32H7RSxx_HAL_Driver/Src/stm32h7rsxx_ll_rcc.c:287:6:LL_RCC_GetSystemClocksFreq	24	static
/home/user/python_projects/EmbeddedX/projects/soot_detector/vendor_src/STM32CubeH7RS/Drivers/STM32H7RSxx_HAL_Driver/Src/stm32h7rsxx_ll_rcc.c:313:6:LL_RCC_GetPLL1ClockFreq	48	static
/home/user/python_projects/EmbeddedX/projects/soot_detector/vendor_src/STM32CubeH7RS/Drivers/STM32H7RSxx_HAL_Driver/Src/stm32h7rsxx_ll_rcc.c:400:6:LL_RCC_GetPLL2ClockFreq	48	static
/home/user/python_projects/EmbeddedX/projects/soot_detector/vendor_src/STM32CubeH7RS/Drivers/STM32H7RSxx_HAL_Driver/Src/stm32h7rsxx_ll_rcc.c:492:6:LL_RCC_GetPLL3ClockFreq	48	static
/home/user/python_projects/EmbeddedX/projects/soot_detector/vendor_src/STM32CubeH7RS/Drivers/STM32H7RSxx_HAL_Driver/Src/stm32h7rsxx_ll_rcc.c:586:6:LL_RCC_PLL1_ConfigSpreadSpectrum	16	static
/home/user/python_projects/EmbeddedX/projects/soot_detector/vendor_src/STM32CubeH7RS/Drivers/STM32H7RSxx_HAL_Driver/Src/stm32h7rsxx_ll_rcc.c:606:6:LL_RCC_PLL2_ConfigSpreadSpectrum	16	static
/home/user/python_projects/EmbeddedX/projects/soot_detector/vendor_src/STM32CubeH7RS/Drivers/STM32H7RSxx_HAL_Driver/Src/stm32h7rsxx_ll_rcc.c:626:6:LL_RCC_PLL3_ConfigSpreadSpectrum	16	static
/home/user/python_projects/EmbeddedX/projects/soot_detector/vendor_src/STM32CubeH7RS/Drivers/STM32H7RSxx_HAL_Driver/Src/stm32h7rsxx_ll_rcc.c:644:10:LL_RCC_GetUSARTClockFreq	48	static
/home/user/python_projects/EmbeddedX/projects/soot_detector/vendor_src/STM32CubeH7RS/Drivers/STM32H7RSxx_HAL_Driver/Src/stm32h7rsxx_ll_rcc.c:722:10:LL_RCC_GetUARTClockFreq	48	static
/home/user/python_projects/EmbeddedX/projects/soot_detector/vendor_src/STM32CubeH7RS/Drivers/STM32H7RSxx_HAL_Driver/Src/stm32h7rsxx_ll_rcc.c:791:10:LL_RCC_GetLPUARTClockFreq	48	static
/home/user/python_projects/EmbeddedX/projects/soot_detector/vendor_src/STM32CubeH7RS/Drivers/STM32H7RSxx_HAL_Driver/Src/stm32h7rsxx_ll_rcc.c:861:10:LL_RCC_GetI2CClockFreq	48	static
/home/user/python_projects/EmbeddedX/projects/soot_detector/vendor_src/STM32CubeH7RS/Drivers/STM32H7RSxx_HAL_Driver/Src/stm32h7rsxx_ll_rcc.c:919:10:LL_RCC_GetI3CClockFreq	48	static
/home/user/python_projects/EmbeddedX/projects/soot_detector/vendor_src/STM32CubeH7RS/Drivers/STM32H7RSxx_HAL_Driver/Src/stm32h7rsxx_ll_rcc.c:975:10:LL_RCC_GetLPTIMClockFreq	48	static
/home/user/python_projects/EmbeddedX/projects/soot_detector/vendor_src/STM32CubeH7RS/Drivers/STM32H7RSxx_HAL_Driver/Src/stm32h7rsxx_ll_rcc.c:1054:10:LL_RCC_GetSAIClockFreq	40	static
/home/user/python_projects/EmbeddedX/projects/soot_detector/vendor_src/STM32CubeH7RS/Drivers/STM32H7RSxx_HAL_Driver/Src/stm32h7rsxx_ll_rcc.c:1116:10:LL_RCC_GetADCClockFreq	40	static
/home/user/python_projects/EmbeddedX/projects/soot_detector/vendor_src/STM32CubeH7RS/Drivers/STM32H7RSxx_HAL_Driver/Src/stm32h7rsxx_ll_rcc.c:1161:10:LL_RCC_GetSDMMCClockFreq	40	static
/home/user/python_projects/EmbeddedX/projects/soot_detector/vendor_src/STM32CubeH7RS/Drivers/STM32H7RSxx_HAL_Driver/Src/stm32h7rsxx_ll_rcc.c:1202:10:LL_RCC_GetCECClockFreq	24	static
/home/user/python_projects/EmbeddedX/projects/soot_detector/vendor_src/STM32CubeH7RS/Drivers/STM32H7RSxx_HAL_Driver/Src/stm32h7rsxx_ll_rcc.c:1247:10:LL_RCC_GetPSSIClockFreq	40	static
/home/user/python_projects/EmbeddedX/projects/soot_detector/vendor_src/STM32CubeH7RS/Drivers/STM32H7RSxx_HAL_Driver/Src/stm32h7rsxx_ll_rcc.c:1285:10:LL_RCC_GetUSBPHYCClockFreq	40	static
/home/user/python_projects/EmbeddedX/projects/soot_detector/vendor_src/STM32CubeH7RS/Drivers/STM32H7RSxx_HAL_Driver/Src/stm32h7rsxx_ll_rcc.c:1333:10:LL_RCC_GetADFClockFreq	48	static
/home/user/python_projects/EmbeddedX/projects/soot_detector/vendor_src/STM32CubeH7RS/Drivers/STM32H7RSxx_HAL_Driver/Src/stm32h7rsxx_ll_rcc.c:1399:10:LL_RCC_GetSPDIFRXClockFreq	40	static
/home/user/python_projects/EmbeddedX/projects/soot_detector/vendor_src/STM32CubeH7RS/Drivers/STM32H7RSxx_HAL_Driver/Src/stm32h7rsxx_ll_rcc.c:1461:10:LL_RCC_GetSPIClockFreq	48	static
/home/user/python_projects/EmbeddedX/projects/soot_detector/vendor_src/STM32CubeH7RS/Drivers/STM32H7RSxx_HAL_Driver/Src/stm32h7rsxx_ll_rcc.c:1576:10:LL_RCC_GetETHPHYClockFreq	40	static
/home/user/python_projects/EmbeddedX/projects/soot_detector/vendor_src/STM32CubeH7RS/Drivers/STM32H7RSxx_HAL_Driver/Src/stm32h7rsxx_ll_rcc.c:1617:10:LL_RCC_GetFDCANClockFreq	40	static
/home/user/python_projects/EmbeddedX/projects/soot_detector/vendor_src/STM32CubeH7RS/Drivers/STM32H7RSxx_HAL_Driver/Src/stm32h7rsxx_ll_rcc.c:1665:10:LL_RCC_GetFMCClockFreq	56	static
/home/user/python_projects/EmbeddedX/projects/soot_detector/vendor_src/STM32CubeH7RS/Drivers/STM32H7RSxx_HAL_Driver/Src/stm32h7rsxx_ll_rcc.c:1736:10:LL_RCC_GetXSPIClockFreq	56	static
/home/user/python_projects/EmbeddedX/projects/soot_detector/vendor_src/STM32CubeH7RS/Drivers/STM32H7RSxx_HAL_Driver/Src/stm32h7rsxx_ll_rcc.c:1812:10:LL_RCC_GetCLKPClockFreq	24	static
/home/user/python_projects/EmbeddedX/projects/soot_detector/vendor_src/STM32CubeH7RS/Drivers/STM32H7RSxx_HAL_Driver/Src/stm32h7rsxx_ll_rcc.c:1869:17:RCC_GetSystemClockFreq	32	static
/home/user/python_projects/EmbeddedX/projects/soot_detector/vendor_src/STM32CubeH7RS/Drivers/STM32H7RSxx_HAL_Driver/Src/stm32h7rsxx_ll_rcc.c:1908:17:RCC_GetHCLKClockFreq	16	static
/home/user/python_projects/EmbeddedX/projects/soot_detector/vendor_src/STM32CubeH7RS/Drivers/STM32H7RSxx_HAL_Driver/Src/stm32h7rsxx_ll_rcc.c:1919:17:RCC_GetPCLK1ClockFreq	16	static
/home/user/python_projects/EmbeddedX/projects/soot_detector/vendor_src/STM32CubeH7RS/Drivers/STM32H7RSxx_HAL_Driver/Src/stm32h7rsxx_ll_rcc.c:1930:17:RCC_GetPCLK2ClockFreq	16	static
/home/user/python_projects/EmbeddedX/projects/soot_detector/vendor_src/STM32CubeH7RS/Drivers/STM32H7RSxx_HAL_Driver/Src/stm32h7rsxx_ll_rcc.c:1941:17:RCC_GetPCLK4ClockFreq	16	static
/home/user/python_projects/EmbeddedX/projects/soot_detector/vendor_src/STM32CubeH7RS/Drivers/STM32H7RSxx_HAL_Driver/Src/stm32h7rsxx_ll_rcc.c:1952:17:RCC_GetPCLK5ClockFreq	16	static
