../../../../../../../../Drivers/STM32H7RSxx_HAL_Driver/Inc/stm32h7rsxx_ll_gpio.h:282:22:LL_GPIO_SetPinMode	48	static,ignoring_inline_asm
../../../../../../../../Drivers/STM32H7RSxx_HAL_Driver/Inc/stm32h7rsxx_ll_gpio.h:352:22:LL_GPIO_SetPinOutputType	24	static
../../../../../../../../Drivers/STM32H7RSxx_HAL_Driver/Inc/stm32h7rsxx_ll_gpio.h:423:22:LL_GPIO_SetPinSpeed	48	static,ignoring_inline_asm
../../../../../../../../Drivers/STM32H7RSxx_HAL_Driver/Inc/stm32h7rsxx_ll_gpio.h:494:22:LL_GPIO_SetPinPull	48	static,ignoring_inline_asm
../../../../../../../../Drivers/STM32H7RSxx_HAL_Driver/Inc/stm32h7rsxx_ll_gpio.h:567:22:LL_GPIO_SetAFPin_0_7	48	static,ignoring_inline_asm
../../../../../../../../Drivers/STM32H7RSxx_HAL_Driver/Inc/stm32h7rsxx_ll_gpio.h:644:22:LL_GPIO_SetAFPin_8_15	48	static,ignoring_inline_asm
../../../../../../../../Drivers/STM32H7RSxx_HAL_Driver/Inc/stm32h7rsxx_ll_bus.h:972:22:LL_AHB4_GRP1_ForceReset	16	static
../../../../../../../../Drivers/STM32H7RSxx_HAL_Driver/Inc/stm32h7rsxx_ll_bus.h:1008:22:LL_AHB4_GRP1_ReleaseReset	16	static
/home/user/python_projects/EmbeddedX/projects/soot_detector/vendor_src/STM32CubeH7RS/Drivers/STM32H7RSxx_HAL_Driver/Src/stm32h7rsxx_ll_gpio.c:109:13:LL_GPIO_DeInit	24	static
/home/user/python_projects/EmbeddedX/projects/soot_detector/vendor_src/STM32CubeH7RS/Drivers/STM32H7RSxx_HAL_Driver/Src/stm32h7rsxx_ll_gpio.c:194:13:LL_GPIO_Init	40	static,ignoring_inline_asm
/home/user/python_projects/EmbeddedX/projects/soot_detector/vendor_src/STM32CubeH7RS/Drivers/STM32H7RSxx_HAL_Driver/Src/stm32h7rsxx_ll_gpio.c:267:6:LL_GPIO_StructInit	16	static
