../../../../../../../../Drivers/STM32H7RSxx_HAL_Driver/Inc/stm32h7rsxx_ll_rcc.h:1319:22:LL_RCC_HSE_EnableBypass	4	static
../../../../../../../../Drivers/STM32H7RSxx_HAL_Driver/Inc/stm32h7rsxx_ll_rcc.h:1329:22:LL_RCC_HSE_DisableBypass	4	static
../../../../../../../../Drivers/STM32H7RSxx_HAL_Driver/Inc/stm32h7rsxx_ll_rcc.h:1359:22:LL_RCC_HSE_Enable	4	static
../../../../../../../../Drivers/STM32H7RSxx_HAL_Driver/Inc/stm32h7rsxx_ll_rcc.h:1379:26:LL_RCC_HSE_IsReady	4	static
../../../../../../../../Drivers/STM32H7RSxx_HAL_Driver/Inc/stm32h7rsxx_ll_rcc.h:1397:22:LL_RCC_HSI_Enable	4	static
../../../../../../../../Drivers/STM32H7RSxx_HAL_Driver/Inc/stm32h7rsxx_ll_rcc.h:1417:26:LL_RCC_HSI_IsReady	4	static
../../../../../../../../Drivers/STM32H7RSxx_HAL_Driver/Inc/stm32h7rsxx_ll_rcc.h:1456:26:LL_RCC_HSI_GetDivider	4	static
../../../../../../../../Drivers/STM32H7RSxx_HAL_Driver/Inc/stm32h7rsxx_ll_rcc.h:1646:22:LL_RCC_CSI_Enable	4	static
../../../../../../../../Drivers/STM32H7RSxx_HAL_Driver/Inc/stm32h7rsxx_ll_rcc.h:1666:26:LL_RCC_CSI_IsReady	4	static
../../../../../../../../Drivers/STM32H7RSxx_HAL_Driver/Inc/stm32h7rsxx_ll_rcc.h:2000:22:LL_RCC_SetSysClkSource	16	static
../../../../../../../../Drivers/STM32H7RSxx_HAL_Driver/Inc/stm32h7rsxx_ll_rcc.h:2014:26:LL_RCC_GetSysClkSource	4	static
../../../../../../../../Drivers/STM32H7RSxx_HAL_Driver/Inc/stm32h7rsxx_ll_rcc.h:2084:22:LL_RCC_SetSysPrescaler	16	static
../../../../../../../../Drivers/STM32H7RSxx_HAL_Driver/Inc/stm32h7rsxx_ll_rcc.h:2104:22:LL_RCC_SetAHBPrescaler	16	static
../../../../../../../../Drivers/STM32H7RSxx_HAL_Driver/Inc/stm32h7rsxx_ll_rcc.h:2120:22:LL_RCC_SetAPB1Prescaler	16	static
../../../../../../../../Drivers/STM32H7RSxx_HAL_Driver/Inc/stm32h7rsxx_ll_rcc.h:2136:22:LL_RCC_SetAPB2Prescaler	16	static
../../../../../../../../Drivers/STM32H7RSxx_HAL_Driver/Inc/stm32h7rsxx_ll_rcc.h:2152:22:LL_RCC_SetAPB4Prescaler	16	static
../../../../../../../../Drivers/STM32H7RSxx_HAL_Driver/Inc/stm32h7rsxx_ll_rcc.h:2168:22:LL_RCC_SetAPB5Prescaler	16	static
../../../../../../../../Drivers/STM32H7RSxx_HAL_Driver/Inc/stm32h7rsxx_ll_rcc.h:3696:22:LL_RCC_PLL_SetSource	16	static
../../../../../../../../Drivers/STM32H7RSxx_HAL_Driver/Inc/stm32h7rsxx_ll_rcc.h:3720:22:LL_RCC_PLL1_Enable	4	static
../../../../../../../../Drivers/STM32H7RSxx_HAL_Driver/Inc/stm32h7rsxx_ll_rcc.h:3741:26:LL_RCC_PLL1_IsReady	4	static
../../../../../../../../Drivers/STM32H7RSxx_HAL_Driver/Inc/stm32h7rsxx_ll_rcc.h:3779:22:LL_RCC_PLL1P_Enable	4	static
../../../../../../../../Drivers/STM32H7RSxx_HAL_Driver/Inc/stm32h7rsxx_ll_rcc.h:3822:22:LL_RCC_PLL1FRACN_Enable	4	static
../../../../../../../../Drivers/STM32H7RSxx_HAL_Driver/Inc/stm32h7rsxx_ll_rcc.h:3926:22:LL_RCC_PLL1FRACN_Disable	4	static
../../../../../../../../Drivers/STM32H7RSxx_HAL_Driver/Inc/stm32h7rsxx_ll_rcc.h:3968:22:LL_RCC_PLL1_SetVCOInputRange	16	static
../../../../../../../../Drivers/STM32H7RSxx_HAL_Driver/Inc/stm32h7rsxx_ll_rcc.h:3982:22:LL_RCC_PLL1_SetVCOOutputRange	16	static
../../../../../../../../Drivers/STM32H7RSxx_HAL_Driver/Inc/stm32h7rsxx_ll_rcc.h:4063:22:LL_RCC_PLL1_SetN	16	static
../../../../../../../../Drivers/STM32H7RSxx_HAL_Driver/Inc/stm32h7rsxx_ll_rcc.h:4074:22:LL_RCC_PLL1_SetM	16	static
../../../../../../../../Drivers/STM32H7RSxx_HAL_Driver/Inc/stm32h7rsxx_ll_rcc.h:4085:22:LL_RCC_PLL1_SetP	16	static
../../../../../../../../Drivers/STM32H7RSxx_HAL_Driver/Inc/stm32h7rsxx_ll_rcc.h:4128:22:LL_RCC_PLL1_SetFRACN	16	static
../../../../../../../../Drivers/STM32H7RSxx_HAL_Driver/Inc/stm32h7rsxx_ll_rcc.h:4242:26:LL_RCC_PLL2_IsReady	4	static
../../../../../../../../Drivers/STM32H7RSxx_HAL_Driver/Inc/stm32h7rsxx_ll_rcc.h:4769:26:LL_RCC_PLL3_IsReady	4	static
../../../../../../../../Drivers/STM32H7RSxx_HAL_Driver/Inc/stm32h7rsxx_ll_rcc.h:5853:26:LL_RCC_CalcPLLClockFreq	32	static
../../../../../../../../Drivers/STM32H7RSxx_HAL_Driver/Inc/stm32h7rsxx_ll_system.h:2024:22:LL_FLASH_SetLatency	16	static
../../../../../../../../Drivers/STM32H7RSxx_HAL_Driver/Inc/stm32h7rsxx_ll_system.h:2042:26:LL_FLASH_GetLatency	4	static
../../../../../../../../Drivers/STM32H7RSxx_HAL_Driver/Inc/stm32h7rsxx_ll_utils.h:314:22:LL_InitTick	16	static
../../../../../../../../Drivers/STM32H7RSxx_HAL_Driver/Inc/stm32h7rsxx_ll_pwr.h:1010:26:LL_PWR_GetRegulVoltageScaling	4	static
/home/user/python_projects/EmbeddedX/projects/soot_detector/vendor_src/STM32CubeH7RS/Drivers/STM32H7RSxx_HAL_Driver/Src/stm32h7rsxx_ll_utils.c:207:6:LL_Init1msTick	16	static
/home/user/python_projects/EmbeddedX/projects/soot_detector/vendor_src/STM32CubeH7RS/Drivers/STM32H7RSxx_HAL_Driver/Src/stm32h7rsxx_ll_utils.c:224:6:LL_mDelay	24	static
/home/user/python_projects/EmbeddedX/projects/soot_detector/vendor_src/STM32CubeH7RS/Drivers/STM32H7RSxx_HAL_Driver/Src/stm32h7rsxx_ll_utils.c:301:6:LL_SetSystemCoreClock	16	static
/home/user/python_projects/EmbeddedX/projects/soot_detector/vendor_src/STM32CubeH7RS/Drivers/STM32H7RSxx_HAL_Driver/Src/stm32h7rsxx_ll_utils.c:326:13:LL_PLL_ConfigSystemClock_HSI	32	static
/home/user/python_projects/EmbeddedX/projects/soot_detector/vendor_src/STM32CubeH7RS/Drivers/STM32H7RSxx_HAL_Driver/Src/stm32h7rsxx_ll_utils.c:420:13:LL_PLL_ConfigSystemClock_CSI	24	static
/home/user/python_projects/EmbeddedX/projects/soot_detector/vendor_src/STM32CubeH7RS/Drivers/STM32H7RSxx_HAL_Driver/Src/stm32h7rsxx_ll_utils.c:515:13:LL_PLL_ConfigSystemClock_HSE	32	static
/home/user/python_projects/EmbeddedX/projects/soot_detector/vendor_src/STM32CubeH7RS/Drivers/STM32H7RSxx_HAL_Driver/Src/stm32h7rsxx_ll_utils.c:614:13:LL_SetFlashLatency	32	static
/home/user/python_projects/EmbeddedX/projects/soot_detector/vendor_src/STM32CubeH7RS/Drivers/STM32H7RSxx_HAL_Driver/Src/stm32h7rsxx_ll_utils.c:740:17:UTILS_GetPLLOutputFrequency	32	static
/home/user/python_projects/EmbeddedX/projects/soot_detector/vendor_src/STM32CubeH7RS/Drivers/STM32H7RSxx_HAL_Driver/Src/stm32h7rsxx_ll_utils.c:763:20:UTILS_IsPLLsNotBusy	16	static
/home/user/python_projects/EmbeddedX/projects/soot_detector/vendor_src/STM32CubeH7RS/Drivers/STM32H7RSxx_HAL_Driver/Src/stm32h7rsxx_ll_utils.c:800:20:UTILS_EnablePLLAndSwitchSystem	32	static
