/home/user/python_projects/EmbeddedX/projects/soot_detector/vendor_src/STM32CubeH7RS/Drivers/STM32H7RSxx_HAL_Driver/Src/stm32h7rsxx_hal.c:165:19:HAL_Init	16	static
/home/user/python_projects/EmbeddedX/projects/soot_detector/vendor_src/STM32CubeH7RS/Drivers/STM32H7RSxx_HAL_Driver/Src/stm32h7rsxx_hal.c:192:19:HAL_DeInit	8	static
/home/user/python_projects/EmbeddedX/projects/soot_detector/vendor_src/STM32CubeH7RS/Drivers/STM32H7RSxx_HAL_Driver/Src/stm32h7rsxx_hal.c:233:13:HAL_MspInit	4	static
/home/user/python_projects/EmbeddedX/projects/soot_detector/vendor_src/STM32CubeH7RS/Drivers/STM32H7RSxx_HAL_Driver/Src/stm32h7rsxx_hal.c:244:13:HAL_MspDeInit	4	static
/home/user/python_projects/EmbeddedX/projects/soot_detector/vendor_src/STM32CubeH7RS/Drivers/STM32H7RSxx_HAL_Driver/Src/stm32h7rsxx_hal.c:267:26:HAL_InitTick	24	static
/home/user/python_projects/EmbeddedX/projects/soot_detector/vendor_src/STM32CubeH7RS/Drivers/STM32H7RSxx_HAL_Driver/Src/stm32h7rsxx_hal.c:335:13:HAL_IncTick	4	static
/home/user/python_projects/EmbeddedX/projects/soot_detector/vendor_src/STM32CubeH7RS/Drivers/STM32H7RSxx_HAL_Driver/Src/stm32h7rsxx_hal.c:346:17:HAL_GetTick	4	static
/home/user/python_projects/EmbeddedX/projects/soot_detector/vendor_src/STM32CubeH7RS/Drivers/STM32H7RSxx_HAL_Driver/Src/stm32h7rsxx_hal.c:355:10:HAL_GetTickPrio	4	static
/home/user/python_projects/EmbeddedX/projects/soot_detector/vendor_src/STM32CubeH7RS/Drivers/STM32H7RSxx_HAL_Driver/Src/stm32h7rsxx_hal.c:365:19:HAL_SetTickFreq	24	static
/home/user/python_projects/EmbeddedX/projects/soot_detector/vendor_src/STM32CubeH7RS/Drivers/STM32H7RSxx_HAL_Driver/Src/stm32h7rsxx_hal.c:395:21:HAL_GetTickFreq	4	static
/home/user/python_projects/EmbeddedX/projects/soot_detector/vendor_src/STM32CubeH7RS/Drivers/STM32H7RSxx_HAL_Driver/Src/stm32h7rsxx_hal.c:411:13:HAL_Delay	24	static
/home/user/python_projects/EmbeddedX/projects/soot_detector/vendor_src/STM32CubeH7RS/Drivers/STM32H7RSxx_HAL_Driver/Src/stm32h7rsxx_hal.c:437:13:HAL_SuspendTick	4	static
/home/user/python_projects/EmbeddedX/projects/soot_detector/vendor_src/STM32CubeH7RS/Drivers/STM32H7RSxx_HAL_Driver/Src/stm32h7rsxx_hal.c:453:13:HAL_ResumeTick	4	static
/home/user/python_projects/EmbeddedX/projects/soot_detector/vendor_src/STM32CubeH7RS/Drivers/STM32H7RSxx_HAL_Driver/Src/stm32h7rsxx_hal.c:463:10:HAL_GetHalVersion	4	static
/home/user/python_projects/EmbeddedX/projects/soot_detector/vendor_src/STM32CubeH7RS/Drivers/STM32H7RSxx_HAL_Driver/Src/stm32h7rsxx_hal.c:472:10:HAL_GetREVID	4	static
/home/user/python_projects/EmbeddedX/projects/soot_detector/vendor_src/STM32CubeH7RS/Drivers/STM32H7RSxx_HAL_Driver/Src/stm32h7rsxx_hal.c:481:10:HAL_GetDEVID	4	static
/home/user/python_projects/EmbeddedX/projects/soot_detector/vendor_src/STM32CubeH7RS/Drivers/STM32H7RSxx_HAL_Driver/Src/stm32h7rsxx_hal.c:494:10:HAL_GetUIDw0	4	static
/home/user/python_projects/EmbeddedX/projects/soot_detector/vendor_src/STM32CubeH7RS/Drivers/STM32H7RSxx_HAL_Driver/Src/stm32h7rsxx_hal.c:507:10:HAL_GetUIDw1	4	static
/home/user/python_projects/EmbeddedX/projects/soot_detector/vendor_src/STM32CubeH7RS/Drivers/STM32H7RSxx_HAL_Driver/Src/stm32h7rsxx_hal.c:520:10:HAL_GetUIDw2	4	static
/home/user/python_projects/EmbeddedX/projects/soot_detector/vendor_src/STM32CubeH7RS/Drivers/STM32H7RSxx_HAL_Driver/Src/stm32h7rsxx_hal.c:548:6:HAL_DBGMCU_EnableDBGSleepMode	4	static
/home/user/python_projects/EmbeddedX/projects/soot_detector/vendor_src/STM32CubeH7RS/Drivers/STM32H7RSxx_HAL_Driver/Src/stm32h7rsxx_hal.c:557:6:HAL_DBGMCU_DisableDBGSleepMode	4	static
/home/user/python_projects/EmbeddedX/projects/soot_detector/vendor_src/STM32CubeH7RS/Drivers/STM32H7RSxx_HAL_Driver/Src/stm32h7rsxx_hal.c:566:6:HAL_DBGMCU_EnableDBGStopMode	4	static
/home/user/python_projects/EmbeddedX/projects/soot_detector/vendor_src/STM32CubeH7RS/Drivers/STM32H7RSxx_HAL_Driver/Src/stm32h7rsxx_hal.c:575:6:HAL_DBGMCU_DisableDBGStopMode	4	static
/home/user/python_projects/EmbeddedX/projects/soot_detector/vendor_src/STM32CubeH7RS/Drivers/STM32H7RSxx_HAL_Driver/Src/stm32h7rsxx_hal.c:584:6:HAL_DBGMCU_EnableDBGStandbyMode	4	static
/home/user/python_projects/EmbeddedX/projects/soot_detector/vendor_src/STM32CubeH7RS/Drivers/STM32H7RSxx_HAL_Driver/Src/stm32h7rsxx_hal.c:593:6:HAL_DBGMCU_DisableDBGStandbyMode	4	static
/home/user/python_projects/EmbeddedX/projects/soot_detector/vendor_src/STM32CubeH7RS/Drivers/STM32H7RSxx_HAL_Driver/Src/stm32h7rsxx_hal.c:625:10:HAL_SBS_GetBootAddress	4	static
/home/user/python_projects/EmbeddedX/projects/soot_detector/vendor_src/STM32CubeH7RS/Drivers/STM32H7RSxx_HAL_Driver/Src/stm32h7rsxx_hal.c:634:6:HAL_SBS_IncrementHDPLValue	4	static
/home/user/python_projects/EmbeddedX/projects/soot_detector/vendor_src/STM32CubeH7RS/Drivers/STM32H7RSxx_HAL_Driver/Src/stm32h7rsxx_hal.c:644:10:HAL_SBS_GetHDPLValue	4	static
/home/user/python_projects/EmbeddedX/projects/soot_detector/vendor_src/STM32CubeH7RS/Drivers/STM32H7RSxx_HAL_Driver/Src/stm32h7rsxx_hal.c:654:6:HAL_SBS_OpenAccessPort	4	static
/home/user/python_projects/EmbeddedX/projects/soot_detector/vendor_src/STM32CubeH7RS/Drivers/STM32H7RSxx_HAL_Driver/Src/stm32h7rsxx_hal.c:664:6:HAL_SBS_OpenDebug	4	static
/home/user/python_projects/EmbeddedX/projects/soot_detector/vendor_src/STM32CubeH7RS/Drivers/STM32H7RSxx_HAL_Driver/Src/stm32h7rsxx_hal.c:677:19:HAL_SBS_ConfigDebugLevel	16	static
/home/user/python_projects/EmbeddedX/projects/soot_detector/vendor_src/STM32CubeH7RS/Drivers/STM32H7RSxx_HAL_Driver/Src/stm32h7rsxx_hal.c:699:10:HAL_SBS_GetDebugLevel	4	static
/home/user/python_projects/EmbeddedX/projects/soot_detector/vendor_src/STM32CubeH7RS/Drivers/STM32H7RSxx_HAL_Driver/Src/stm32h7rsxx_hal.c:709:6:HAL_SBS_UnlockDebugConfig	4	static
/home/user/python_projects/EmbeddedX/projects/soot_detector/vendor_src/STM32CubeH7RS/Drivers/STM32H7RSxx_HAL_Driver/Src/stm32h7rsxx_hal.c:719:6:HAL_SBS_LockDebugConfig	4	static
/home/user/python_projects/EmbeddedX/projects/soot_detector/vendor_src/STM32CubeH7RS/Drivers/STM32H7RSxx_HAL_Driver/Src/stm32h7rsxx_hal.c:730:6:HAL_SBS_ConfigRSSCommand	16	static
/home/user/python_projects/EmbeddedX/projects/soot_detector/vendor_src/STM32CubeH7RS/Drivers/STM32H7RSxx_HAL_Driver/Src/stm32h7rsxx_hal.c:739:10:HAL_SBS_GetRSSCommand	4	static
/home/user/python_projects/EmbeddedX/projects/soot_detector/vendor_src/STM32CubeH7RS/Drivers/STM32H7RSxx_HAL_Driver/Src/stm32h7rsxx_hal.c:749:6:HAL_SBS_EnableIOAnalogBooster	4	static
/home/user/python_projects/EmbeddedX/projects/soot_detector/vendor_src/STM32CubeH7RS/Drivers/STM32H7RSxx_HAL_Driver/Src/stm32h7rsxx_hal.c:758:6:HAL_SBS_DisableIOAnalogBooster	4	static
/home/user/python_projects/EmbeddedX/projects/soot_detector/vendor_src/STM32CubeH7RS/Drivers/STM32H7RSxx_HAL_Driver/Src/stm32h7rsxx_hal.c:768:6:HAL_SBS_EnableIOAnalogSwitchVdd	4	static
/home/user/python_projects/EmbeddedX/projects/soot_detector/vendor_src/STM32CubeH7RS/Drivers/STM32H7RSxx_HAL_Driver/Src/stm32h7rsxx_hal.c:777:6:HAL_SBS_DisableIOAnalogSwitchVdd	4	static
/home/user/python_projects/EmbeddedX/projects/soot_detector/vendor_src/STM32CubeH7RS/Drivers/STM32H7RSxx_HAL_Driver/Src/stm32h7rsxx_hal.c:790:6:HAL_SBS_ConfigEthernetPHY	16	static
/home/user/python_projects/EmbeddedX/projects/soot_detector/vendor_src/STM32CubeH7RS/Drivers/STM32H7RSxx_HAL_Driver/Src/stm32h7rsxx_hal.c:806:6:HAL_SBS_ConfigAXISRAMWaitState	16	static
/home/user/python_projects/EmbeddedX/projects/soot_detector/vendor_src/STM32CubeH7RS/Drivers/STM32H7RSxx_HAL_Driver/Src/stm32h7rsxx_hal.c:823:6:HAL_SBS_EnableCompensationCell	16	static
/home/user/python_projects/EmbeddedX/projects/soot_detector/vendor_src/STM32CubeH7RS/Drivers/STM32H7RSxx_HAL_Driver/Src/stm32h7rsxx_hal.c:840:6:HAL_SBS_DisableCompensationCell	16	static
/home/user/python_projects/EmbeddedX/projects/soot_detector/vendor_src/STM32CubeH7RS/Drivers/STM32H7RSxx_HAL_Driver/Src/stm32h7rsxx_hal.c:857:10:HAL_SBS_GetCompensationCellReadyStatus	16	static
/home/user/python_projects/EmbeddedX/projects/soot_detector/vendor_src/STM32CubeH7RS/Drivers/STM32H7RSxx_HAL_Driver/Src/stm32h7rsxx_hal.c:882:6:HAL_SBS_ConfigCompensationCell	40	static,ignoring_inline_asm
/home/user/python_projects/EmbeddedX/projects/soot_detector/vendor_src/STM32CubeH7RS/Drivers/STM32H7RSxx_HAL_Driver/Src/stm32h7rsxx_hal.c:919:19:HAL_SBS_GetCompensationCell	40	static
/home/user/python_projects/EmbeddedX/projects/soot_detector/vendor_src/STM32CubeH7RS/Drivers/STM32H7RSxx_HAL_Driver/Src/stm32h7rsxx_hal.c:951:6:HAL_SBS_EnableIOSpeedOptimize	16	static
/home/user/python_projects/EmbeddedX/projects/soot_detector/vendor_src/STM32CubeH7RS/Drivers/STM32H7RSxx_HAL_Driver/Src/stm32h7rsxx_hal.c:968:6:HAL_SBS_DisableIOSpeedOptimize	16	static
/home/user/python_projects/EmbeddedX/projects/soot_detector/vendor_src/STM32CubeH7RS/Drivers/STM32H7RSxx_HAL_Driver/Src/stm32h7rsxx_hal.c:991:6:HAL_SBS_ConfigTimerBreakInput	16	static
/home/user/python_projects/EmbeddedX/projects/soot_detector/vendor_src/STM32CubeH7RS/Drivers/STM32H7RSxx_HAL_Driver/Src/stm32h7rsxx_hal.c:1013:10:HAL_SBS_GetTimerBreakInputConfig	4	static
/home/user/python_projects/EmbeddedX/projects/soot_detector/vendor_src/STM32CubeH7RS/Drivers/STM32H7RSxx_HAL_Driver/Src/stm32h7rsxx_hal.c:1038:6:HAL_SBS_EXTIConfig	24	static
/home/user/python_projects/EmbeddedX/projects/soot_detector/vendor_src/STM32CubeH7RS/Drivers/STM32H7RSxx_HAL_Driver/Src/stm32h7rsxx_hal.c:1072:10:HAL_SBS_GetEXTIConfig	24	static
/home/user/python_projects/EmbeddedX/projects/soot_detector/vendor_src/STM32CubeH7RS/Drivers/STM32H7RSxx_HAL_Driver/Src/stm32h7rsxx_hal.c:1121:6:HAL_VREFBUF_VoltageScalingConfig	16	static
/home/user/python_projects/EmbeddedX/projects/soot_detector/vendor_src/STM32CubeH7RS/Drivers/STM32H7RSxx_HAL_Driver/Src/stm32h7rsxx_hal.c:1137:6:HAL_VREFBUF_HighImpedanceConfig	16	static
/home/user/python_projects/EmbeddedX/projects/soot_detector/vendor_src/STM32CubeH7RS/Drivers/STM32H7RSxx_HAL_Driver/Src/stm32h7rsxx_hal.c:1149:6:HAL_VREFBUF_TrimmingConfig	16	static
/home/user/python_projects/EmbeddedX/projects/soot_detector/vendor_src/STM32CubeH7RS/Drivers/STM32H7RSxx_HAL_Driver/Src/stm32h7rsxx_hal.c:1161:19:HAL_VREFBUF_Enable	16	static
/home/user/python_projects/EmbeddedX/projects/soot_detector/vendor_src/STM32CubeH7RS/Drivers/STM32H7RSxx_HAL_Driver/Src/stm32h7rsxx_hal.c:1187:6:HAL_VREFBUF_Disable	4	static
/home/user/python_projects/EmbeddedX/projects/soot_detector/vendor_src/STM32CubeH7RS/Drivers/STM32H7RSxx_HAL_Driver/Src/stm32h7rsxx_hal.c:1218:6:HAL_AXIM_ASIB_EnablePacking	16	static
/home/user/python_projects/EmbeddedX/projects/soot_detector/vendor_src/STM32CubeH7RS/Drivers/STM32H7RSxx_HAL_Driver/Src/stm32h7rsxx_hal.c:1237:6:HAL_AXIM_ASIB_DisablePacking	16	static
/home/user/python_projects/EmbeddedX/projects/soot_detector/vendor_src/STM32CubeH7RS/Drivers/STM32H7RSxx_HAL_Driver/Src/stm32h7rsxx_hal.c:1271:6:HAL_AXIM_ASIB_IssuingConfig	24	static
/home/user/python_projects/EmbeddedX/projects/soot_detector/vendor_src/STM32CubeH7RS/Drivers/STM32H7RSxx_HAL_Driver/Src/stm32h7rsxx_hal.c:1302:6:HAL_AXIM_ASIB_ReadQoSConfig	16	static
/home/user/python_projects/EmbeddedX/projects/soot_detector/vendor_src/STM32CubeH7RS/Drivers/STM32H7RSxx_HAL_Driver/Src/stm32h7rsxx_hal.c:1333:6:HAL_AXIM_ASIB_WriteQoSConfig	16	static
/home/user/python_projects/EmbeddedX/projects/soot_detector/vendor_src/STM32CubeH7RS/Drivers/STM32H7RSxx_HAL_Driver/Src/stm32h7rsxx_hal.c:1351:6:HAL_AXIM_AMIB_EnablePacking	16	static
/home/user/python_projects/EmbeddedX/projects/soot_detector/vendor_src/STM32CubeH7RS/Drivers/STM32H7RSxx_HAL_Driver/Src/stm32h7rsxx_hal.c:1369:6:HAL_AXIM_AMIB_DisablePacking	16	static
/home/user/python_projects/EmbeddedX/projects/soot_detector/vendor_src/STM32CubeH7RS/Drivers/STM32H7RSxx_HAL_Driver/Src/stm32h7rsxx_hal.c:1402:6:HAL_AXIM_AMIB_IssuingConfig	24	static
/home/user/python_projects/EmbeddedX/projects/soot_detector/vendor_src/STM32CubeH7RS/Drivers/STM32H7RSxx_HAL_Driver/Src/stm32h7rsxx_hal.c:1437:6:HAL_AXIM_AMIB_IssuingConfigBusMatrix	24	static
/home/user/python_projects/EmbeddedX/projects/soot_detector/vendor_src/STM32CubeH7RS/Drivers/STM32H7RSxx_HAL_Driver/Src/stm32h7rsxx_hal.c:1456:6:HAL_AXIM_AMIB_EnableLongBurst	16	static
/home/user/python_projects/EmbeddedX/projects/soot_detector/vendor_src/STM32CubeH7RS/Drivers/STM32H7RSxx_HAL_Driver/Src/stm32h7rsxx_hal.c:1473:6:HAL_AXIM_AMIB_DisableLongBurst	16	static
/home/user/python_projects/EmbeddedX/projects/soot_detector/vendor_src/STM32CubeH7RS/Drivers/STM32H7RSxx_HAL_Driver/Src/stm32h7rsxx_hal.c:1516:6:HAL_FMC_SetBankSwapConfig	16	static
/home/user/python_projects/EmbeddedX/projects/soot_detector/vendor_src/STM32CubeH7RS/Drivers/STM32H7RSxx_HAL_Driver/Src/stm32h7rsxx_hal.c:1532:10:HAL_FMC_GetBankSwapConfig	4	static
