/home/user/python_projects/EmbeddedX/projects/soot_detector/vendor_src/STM32CubeH7RS/Utilities/lcd/stm32_lcd.c:165:6:UTIL_LCD_SetFuncDriver	16	static
/home/user/python_projects/EmbeddedX/projects/soot_detector/vendor_src/STM32CubeH7RS/Utilities/lcd/stm32_lcd.c:190:6:UTIL_LCD_SetLayer	16	static
/home/user/python_projects/EmbeddedX/projects/soot_detector/vendor_src/STM32CubeH7RS/Utilities/lcd/stm32_lcd.c:205:6:UTIL_LCD_SetDevice	16	static
/home/user/python_projects/EmbeddedX/projects/soot_detector/vendor_src/STM32CubeH7RS/Utilities/lcd/stm32_lcd.c:216:6:UTIL_LCD_SetTextColor	0	static
/home/user/python_projects/EmbeddedX/projects/soot_detector/vendor_src/STM32CubeH7RS/Utilities/lcd/stm32_lcd.c:225:10:UTIL_LCD_GetTextColor	0	static
/home/user/python_projects/EmbeddedX/projects/soot_detector/vendor_src/STM32CubeH7RS/Utilities/lcd/stm32_lcd.c:234:6:UTIL_LCD_SetBackColor	0	static
/home/user/python_projects/EmbeddedX/projects/soot_detector/vendor_src/STM32CubeH7RS/Utilities/lcd/stm32_lcd.c:243:10:UTIL_LCD_GetBackColor	0	static
/home/user/python_projects/EmbeddedX/projects/soot_detector/vendor_src/STM32CubeH7RS/Utilities/lcd/stm32_lcd.c:252:6:UTIL_LCD_SetFont	0	static
/home/user/python_projects/EmbeddedX/projects/soot_detector/vendor_src/STM32CubeH7RS/Utilities/lcd/stm32_lcd.c:261:8:UTIL_LCD_GetFont	0	static
/home/user/python_projects/EmbeddedX/projects/soot_detector/vendor_src/STM32CubeH7RS/Utilities/lcd/stm32_lcd.c:273:6:UTIL_LCD_FillRGBRect	16	static
/home/user/python_projects/EmbeddedX/projects/soot_detector/vendor_src/STM32CubeH7RS/Utilities/lcd/stm32_lcd.c:286:6:UTIL_LCD_DrawHLine	32	static
/home/user/python_projects/EmbeddedX/projects/soot_detector/vendor_src/STM32CubeH7RS/Utilities/lcd/stm32_lcd.c:306:6:UTIL_LCD_DrawVLine	32	static
/home/user/python_projects/EmbeddedX/projects/soot_detector/vendor_src/STM32CubeH7RS/Utilities/lcd/stm32_lcd.c:325:6:UTIL_LCD_GetPixel	16	static
/home/user/python_projects/EmbeddedX/projects/soot_detector/vendor_src/STM32CubeH7RS/Utilities/lcd/stm32_lcd.c:341:6:UTIL_LCD_SetPixel	12	static
/home/user/python_projects/EmbeddedX/projects/soot_detector/vendor_src/STM32CubeH7RS/Utilities/lcd/stm32_lcd.c:381:6:UTIL_LCD_DisplayChar	216	static
/home/user/python_projects/EmbeddedX/projects/soot_detector/vendor_src/STM32CubeH7RS/Utilities/lcd/stm32_lcd.c:398:6:UTIL_LCD_DisplayStringAt	32	static
/home/user/python_projects/EmbeddedX/projects/soot_detector/vendor_src/STM32CubeH7RS/Utilities/lcd/stm32_lcd.c:459:6:UTIL_LCD_DisplayStringAtLine	8	static
/home/user/python_projects/EmbeddedX/projects/soot_detector/vendor_src/STM32CubeH7RS/Utilities/lcd/stm32_lcd.c:472:6:UTIL_LCD_DrawLine	48	static
/home/user/python_projects/EmbeddedX/projects/soot_detector/vendor_src/STM32CubeH7RS/Utilities/lcd/stm32_lcd.c:1015:13:FillTriangle	64	static
/home/user/python_projects/EmbeddedX/projects/soot_detector/vendor_src/STM32CubeH7RS/Utilities/lcd/stm32_lcd.c:551:6:UTIL_LCD_DrawRect	24	static
/home/user/python_projects/EmbeddedX/projects/soot_detector/vendor_src/STM32CubeH7RS/Utilities/lcd/stm32_lcd.c:569:6:UTIL_LCD_DrawCircle	40	static
/home/user/python_projects/EmbeddedX/projects/soot_detector/vendor_src/STM32CubeH7RS/Utilities/lcd/stm32_lcd.c:648:6:UTIL_LCD_DrawPolygon	24	static
/home/user/python_projects/EmbeddedX/projects/soot_detector/vendor_src/STM32CubeH7RS/Utilities/lcd/stm32_lcd.c:676:6:UTIL_LCD_DrawEllipse	56	static
/home/user/python_projects/EmbeddedX/projects/soot_detector/vendor_src/STM32CubeH7RS/Utilities/lcd/stm32_lcd.c:712:6:UTIL_LCD_DrawBitmap	4	static
/home/user/python_projects/EmbeddedX/projects/soot_detector/vendor_src/STM32CubeH7RS/Utilities/lcd/stm32_lcd.c:725:6:UTIL_LCD_FillRect	32	static
/home/user/python_projects/EmbeddedX/projects/soot_detector/vendor_src/STM32CubeH7RS/Utilities/lcd/stm32_lcd.c:358:6:UTIL_LCD_Clear	16	static
/home/user/python_projects/EmbeddedX/projects/soot_detector/vendor_src/STM32CubeH7RS/Utilities/lcd/stm32_lcd.c:368:6:UTIL_LCD_ClearStringLine	16	static
/home/user/python_projects/EmbeddedX/projects/soot_detector/vendor_src/STM32CubeH7RS/Utilities/lcd/stm32_lcd.c:745:6:UTIL_LCD_FillCircle	48	static
/home/user/python_projects/EmbeddedX/projects/soot_detector/vendor_src/STM32CubeH7RS/Utilities/lcd/stm32_lcd.c:806:6:UTIL_LCD_FillPolygon	80	static
/home/user/python_projects/EmbeddedX/projects/soot_detector/vendor_src/STM32CubeH7RS/Utilities/lcd/stm32_lcd.c:910:6:UTIL_LCD_FillEllipse	48	static
