/home/user/python_projects/EmbeddedX/projects/soot_detector/vendor_src/STM32CubeH7RS/Projects/STM32H7S78-DK/Applications/USB_Device/MSC_Standalone/Boot/Src/stm32h7rsxx_hal_msp.c:63:6:HAL_MspInit	168	static
/home/user/python_projects/EmbeddedX/projects/soot_detector/vendor_src/STM32CubeH7RS/Projects/STM32H7S78-DK/Applications/USB_Device/MSC_Standalone/Boot/Src/stm32h7rsxx_hal_msp.c:131:6:HAL_XSPI_MspInit	216	static
/home/user/python_projects/EmbeddedX/projects/soot_detector/vendor_src/STM32CubeH7RS/Projects/STM32H7S78-DK/Applications/USB_Device/MSC_Standalone/Boot/Src/stm32h7rsxx_hal_msp.c:260:6:HAL_XSPI_MspDeInit	8	static
