../../../../../../../../Drivers/CMSIS/Include/core_cm7.h:1880:22:__NVIC_SetPriorityGrouping	24	static
../../../../../../../../Drivers/CMSIS/Include/core_cm7.h:1899:26:__NVIC_GetPriorityGrouping	4	static
../../../../../../../../Drivers/CMSIS/Include/core_cm7.h:1911:22:__NVIC_EnableIRQ	16	static,ignoring_inline_asm
../../../../../../../../Drivers/CMSIS/Include/core_cm7.h:1949:22:__NVIC_DisableIRQ	16	static,ignoring_inline_asm
../../../../../../../../Drivers/CMSIS/Include/core_cm7.h:1968:26:__NVIC_GetPendingIRQ	16	static
../../../../../../../../Drivers/CMSIS/Include/core_cm7.h:1987:22:__NVIC_SetPendingIRQ	16	static
../../../../../../../../Drivers/CMSIS/Include/core_cm7.h:2002:22:__NVIC_ClearPendingIRQ	16	static
../../../../../../../../Drivers/CMSIS/Include/core_cm7.h:2019:26:__NVIC_GetActive	16	static
../../../../../../../../Drivers/CMSIS/Include/core_cm7.h:2041:22:__NVIC_SetPriority	16	static
../../../../../../../../Drivers/CMSIS/Include/core_cm7.h:2063:26:__NVIC_GetPriority	16	static
../../../../../../../../Drivers/CMSIS/Include/core_cm7.h:2088:26:NVIC_EncodePriority	40	static
../../../../../../../../Drivers/CMSIS/Include/core_cm7.h:2115:22:NVIC_DecodePriority	40	static
../../../../../../../../Drivers/CMSIS/Include/core_cm7.h:2165:34:__NVIC_SystemReset	4	static,ignoring_inline_asm
../../../../../../../../Drivers/CMSIS/Include/core_cm7.h:2259:26:SysTick_Config	16	static
/home/user/python_projects/EmbeddedX/projects/soot_detector/vendor_src/STM32CubeH7RS/Drivers/STM32H7RSxx_HAL_Driver/Src/stm32h7rsxx_hal_cortex.c:163:6:HAL_NVIC_SetPriorityGrouping	16	static
/home/user/python_projects/EmbeddedX/projects/soot_detector/vendor_src/STM32CubeH7RS/Drivers/STM32H7RSxx_HAL_Driver/Src/stm32h7rsxx_hal_cortex.c:186:6:HAL_NVIC_SetPriority	32	static
/home/user/python_projects/EmbeddedX/projects/soot_detector/vendor_src/STM32CubeH7RS/Drivers/STM32H7RSxx_HAL_Driver/Src/stm32h7rsxx_hal_cortex.c:209:6:HAL_NVIC_EnableIRQ	16	static
/home/user/python_projects/EmbeddedX/projects/soot_detector/vendor_src/STM32CubeH7RS/Drivers/STM32H7RSxx_HAL_Driver/Src/stm32h7rsxx_hal_cortex.c:226:6:HAL_NVIC_DisableIRQ	16	static
/home/user/python_projects/EmbeddedX/projects/soot_detector/vendor_src/STM32CubeH7RS/Drivers/STM32H7RSxx_HAL_Driver/Src/stm32h7rsxx_hal_cortex.c:239:6:HAL_NVIC_SystemReset	8	static
/home/user/python_projects/EmbeddedX/projects/soot_detector/vendor_src/STM32CubeH7RS/Drivers/STM32H7RSxx_HAL_Driver/Src/stm32h7rsxx_hal_cortex.c:252:10:HAL_SYSTICK_Config	16	static
/home/user/python_projects/EmbeddedX/projects/soot_detector/vendor_src/STM32CubeH7RS/Drivers/STM32H7RSxx_HAL_Driver/Src/stm32h7rsxx_hal_cortex.c:280:10:HAL_NVIC_GetPriorityGrouping	8	static
/home/user/python_projects/EmbeddedX/projects/soot_detector/vendor_src/STM32CubeH7RS/Drivers/STM32H7RSxx_HAL_Driver/Src/stm32h7rsxx_hal_cortex.c:308:6:HAL_NVIC_GetPriority	24	static
/home/user/python_projects/EmbeddedX/projects/soot_detector/vendor_src/STM32CubeH7RS/Drivers/STM32H7RSxx_HAL_Driver/Src/stm32h7rsxx_hal_cortex.c:326:6:HAL_NVIC_SetPendingIRQ	16	static
/home/user/python_projects/EmbeddedX/projects/soot_detector/vendor_src/STM32CubeH7RS/Drivers/STM32H7RSxx_HAL_Driver/Src/stm32h7rsxx_hal_cortex.c:345:10:HAL_NVIC_GetPendingIRQ	16	static
/home/user/python_projects/EmbeddedX/projects/soot_detector/vendor_src/STM32CubeH7RS/Drivers/STM32H7RSxx_HAL_Driver/Src/stm32h7rsxx_hal_cortex.c:362:6:HAL_NVIC_ClearPendingIRQ	16	static
/home/user/python_projects/EmbeddedX/projects/soot_detector/vendor_src/STM32CubeH7RS/Drivers/STM32H7RSxx_HAL_Driver/Src/stm32h7rsxx_hal_cortex.c:380:10:HAL_NVIC_GetActive	16	static
/home/user/python_projects/EmbeddedX/projects/soot_detector/vendor_src/STM32CubeH7RS/Drivers/STM32H7RSxx_HAL_Driver/Src/stm32h7rsxx_hal_cortex.c:394:6:HAL_SYSTICK_CLKSourceConfig	16	static
/home/user/python_projects/EmbeddedX/projects/soot_detector/vendor_src/STM32CubeH7RS/Drivers/STM32H7RSxx_HAL_Driver/Src/stm32h7rsxx_hal_cortex.c:406:6:HAL_SYSTICK_IRQHandler	8	static
/home/user/python_projects/EmbeddedX/projects/soot_detector/vendor_src/STM32CubeH7RS/Drivers/STM32H7RSxx_HAL_Driver/Src/stm32h7rsxx_hal_cortex.c:415:13:HAL_SYSTICK_Callback	4	static
/home/user/python_projects/EmbeddedX/projects/soot_detector/vendor_src/STM32CubeH7RS/Drivers/STM32H7RSxx_HAL_Driver/Src/stm32h7rsxx_hal_cortex.c:433:6:HAL_MPU_Enable	16	static,ignoring_inline_asm
/home/user/python_projects/EmbeddedX/projects/soot_detector/vendor_src/STM32CubeH7RS/Drivers/STM32H7RSxx_HAL_Driver/Src/stm32h7rsxx_hal_cortex.c:453:6:HAL_MPU_Disable	4	static,ignoring_inline_asm
/home/user/python_projects/EmbeddedX/projects/soot_detector/vendor_src/STM32CubeH7RS/Drivers/STM32H7RSxx_HAL_Driver/Src/stm32h7rsxx_hal_cortex.c:473:6:HAL_MPU_EnableRegion	16	static
/home/user/python_projects/EmbeddedX/projects/soot_detector/vendor_src/STM32CubeH7RS/Drivers/STM32H7RSxx_HAL_Driver/Src/stm32h7rsxx_hal_cortex.c:489:6:HAL_MPU_DisableRegion	16	static
/home/user/python_projects/EmbeddedX/projects/soot_detector/vendor_src/STM32CubeH7RS/Drivers/STM32H7RSxx_HAL_Driver/Src/stm32h7rsxx_hal_cortex.c:508:6:HAL_MPU_ConfigRegion	16	static
/home/user/python_projects/EmbeddedX/projects/soot_detector/vendor_src/STM32CubeH7RS/Drivers/STM32H7RSxx_HAL_Driver/Src/stm32h7rsxx_hal_cortex.c:549:6:HAL_CORTEX_ClearEvent	4	static,ignoring_inline_asm
